<?xml version="1.0"?>
    <Level >
        <Tiles width="14" height="14" bgPicIndex="14" music="music">
            <r >
                <t i="0" r="0.000" g="0.000" b="0.000" />
                <t i="0" r="0.000" g="0.000" b="0.000" />
                <t i="0" r="0.000" g="0.000" b="0.000" />
                <t i="0" r="0.000" g="0.000" b="0.000" />
                <t i="0" r="0.000" g="0.000" b="0.000" />
                <t i="0" r="0.000" g="0.000" b="0.000" />
                <t i="0" r="0.000" g="0.000" b="0.000" />
                <t i="0" r="0.000" g="0.000" b="0.000" />
                <t i="0" r="0.000" g="0.000" b="0.000" />
                <t i="0" r="0.000" g="0.000" b="0.000" />
                <t i="0" r="0.000" g="0.000" b="0.000" />
                <t i="0" r="0.000" g="0.000" b="0.000" />
                <t i="0" r="0.000" g="0.000" b="0.000" />
                <t i="0" r="0.000" g="0.000" b="0.000" />
            </r>
            <r >
                <t i="0" r="0.000" g="0.000" b="0.000" />
                <t i="0" r="0.000" g="0.000" b="0.000" />
                <t i="1" r="0.940" g="0.690" b="-0.010" />
                <t i="1" r="0.940" g="0.690" b="-0.010" />
                <t i="1" r="0.940" g="0.690" b="-0.010" />
                <t i="1" r="0.940" g="0.690" b="-0.010" />
                <t i="1" r="0.940" g="0.690" b="-0.010" />
                <t i="0" r="0.000" g="0.000" b="0.000" />
                <t i="1" r="0.940" g="0.690" b="-0.010" />
                <t i="1" r="0.940" g="0.690" b="-0.010" />
                <t i="1" r="0.940" g="0.690" b="-0.010" />
                <t i="1" r="0.940" g="0.690" b="-0.010" />
                <t i="1" r="0.940" g="0.690" b="-0.010" />
                <t i="0" r="0.000" g="0.000" b="0.000" />
            </r>
            <r >
                <t i="0" r="0.000" g="0.000" b="0.000" />
                <t i="1" r="0.940" g="0.690" b="-0.010" />
                <t i="1" r="0.370" g="1.000" b="-0.010" />
                <t i="1" r="0.370" g="1.000" b="-0.010" />
                <t i="1" r="0.370" g="1.000" b="-0.010" />
                <t i="1" r="0.370" g="1.000" b="-0.010" />
                <t i="1" r="0.940" g="0.690" b="-0.010" />
                <t i="1" r="0.940" g="0.690" b="-0.010" />
                <t i="1" r="0.940" g="0.690" b="-0.010" />
                <t i="1" r="0.370" g="1.000" b="-0.010" />
                <t i="1" r="0.370" g="1.000" b="-0.010" />
                <t i="1" r="0.370" g="1.000" b="-0.010" />
                <t i="1" r="0.370" g="1.000" b="-0.010" />
                <t i="1" r="0.940" g="0.690" b="-0.010" />
            </r>
            <r >
                <t i="0" r="0.000" g="0.000" b="0.000" />
                <t i="1" r="0.940" g="0.690" b="-0.010" />
                <t i="1" r="0.370" g="1.000" b="-0.010" />
                <t i="1" r="0.370" g="1.000" b="-0.010" />
                <t i="1" r="0.370" g="1.000" b="-0.010" />
                <t i="1" r="0.370" g="1.000" b="-0.010" />
                <t i="1" r="0.370" g="1.000" b="-0.010" />
                <t i="1" r="0.370" g="1.000" b="-0.010" />
                <t i="1" r="0.370" g="1.000" b="-0.010" />
                <t i="1" r="0.370" g="1.000" b="-0.010" />
                <t i="1" r="0.370" g="1.000" b="-0.010" />
                <t i="1" r="0.370" g="1.000" b="-0.010" />
                <t i="1" r="0.370" g="1.000" b="-0.010" />
                <t i="1" r="0.940" g="0.690" b="-0.010" />
            </r>
            <r >
                <t i="0" r="0.000" g="0.000" b="0.000" />
                <t i="1" r="0.940" g="0.690" b="-0.010" />
                <t i="1" r="0.370" g="1.000" b="-0.010" />
                <t i="1" r="0.370" g="1.000" b="-0.010" />
                <t i="1" r="0.370" g="1.000" b="-0.010" />
                <t i="1" r="0.370" g="1.000" b="-0.010" />
                <t i="1" r="0.370" g="1.000" b="-0.010" />
                <t i="1" r="0.370" g="1.000" b="-0.010" />
                <t i="1" r="0.370" g="1.000" b="-0.010" />
                <t i="1" r="0.370" g="1.000" b="-0.010" />
                <t i="1" r="0.370" g="1.000" b="-0.010" />
                <t i="1" r="0.370" g="1.000" b="-0.010" />
                <t i="1" r="0.370" g="1.000" b="-0.010" />
                <t i="1" r="0.940" g="0.690" b="-0.010" />
            </r>
            <r >
                <t i="0" r="0.000" g="0.000" b="0.000" />
                <t i="1" r="0.940" g="0.690" b="-0.010" />
                <t i="1" r="0.370" g="1.000" b="-0.010" />
                <t i="1" r="0.370" g="1.000" b="-0.010" />
                <t i="1" r="0.370" g="1.000" b="-0.010" />
                <t i="1" r="0.370" g="1.000" b="-0.010" />
                <t i="1" r="0.940" g="0.690" b="-0.010" />
                <t i="1" r="0.940" g="0.690" b="-0.010" />
                <t i="1" r="0.940" g="0.690" b="-0.010" />
                <t i="1" r="0.370" g="1.000" b="-0.010" />
                <t i="1" r="0.370" g="1.000" b="-0.010" />
                <t i="1" r="0.370" g="1.000" b="-0.010" />
                <t i="1" r="0.370" g="1.000" b="-0.010" />
                <t i="1" r="0.940" g="0.690" b="-0.010" />
            </r>
            <r >
                <t i="0" r="0.000" g="0.000" b="0.000" />
                <t i="0" r="0.000" g="0.000" b="0.000" />
                <t i="1" r="0.940" g="0.690" b="-0.010" />
                <t i="1" r="0.940" g="0.690" b="-0.010" />
                <t i="1" r="0.940" g="0.690" b="-0.010" />
                <t i="1" r="0.940" g="0.690" b="-0.010" />
                <t i="1" r="0.940" g="0.690" b="-0.010" />
                <t i="0" r="0.000" g="0.000" b="0.000" />
                <t i="1" r="0.940" g="0.690" b="-0.010" />
                <t i="1" r="0.940" g="0.690" b="-0.010" />
                <t i="1" r="0.940" g="0.690" b="-0.010" />
                <t i="1" r="0.940" g="0.690" b="-0.010" />
                <t i="1" r="0.940" g="0.690" b="-0.010" />
                <t i="0" r="0.000" g="0.000" b="0.000" />
            </r>
            <r >
                <t i="0" r="0.000" g="0.000" b="0.000" />
                <t i="0" r="0.000" g="0.000" b="0.000" />
                <t i="2" r="0.940" g="0.690" b="-0.010" />
                <t i="0" r="0.000" g="0.000" b="0.000" />
                <t i="0" r="0.000" g="0.000" b="0.000" />
                <t i="0" r="0.000" g="0.000" b="0.000" />
                <t i="0" r="0.000" g="0.000" b="0.000" />
                <t i="0" r="0.000" g="0.000" b="0.000" />
                <t i="0" r="0.000" g="0.000" b="0.000" />
                <t i="0" r="0.000" g="0.000" b="0.000" />
                <t i="0" r="0.000" g="0.000" b="0.000" />
                <t i="0" r="0.000" g="0.000" b="0.000" />
                <t i="2" r="0.940" g="0.690" b="-0.010" />
                <t i="0" r="0.000" g="0.000" b="0.000" />
            </r>
            <r >
                <t i="0" r="0.000" g="0.000" b="0.000" />
                <t i="0" r="0.000" g="0.000" b="0.000" />
                <t i="1" r="0.940" g="0.690" b="-0.010" />
                <t i="1" r="0.940" g="0.690" b="-0.010" />
                <t i="1" r="0.940" g="0.690" b="-0.010" />
                <t i="1" r="0.940" g="0.690" b="-0.010" />
                <t i="1" r="0.940" g="0.690" b="-0.010" />
                <t i="0" r="0.000" g="0.000" b="0.000" />
                <t i="1" r="0.940" g="0.690" b="-0.010" />
                <t i="1" r="0.940" g="0.690" b="-0.010" />
                <t i="1" r="0.940" g="0.690" b="-0.010" />
                <t i="1" r="0.940" g="0.690" b="-0.010" />
                <t i="1" r="0.940" g="0.690" b="-0.010" />
                <t i="0" r="0.000" g="0.000" b="0.000" />
            </r>
            <r >
                <t i="0" r="0.000" g="0.000" b="0.000" />
                <t i="1" r="0.940" g="0.690" b="-0.010" />
                <t i="1" r="0.370" g="1.000" b="-0.010" />
                <t i="1" r="0.370" g="1.000" b="-0.010" />
                <t i="1" r="0.370" g="1.000" b="-0.010" />
                <t i="1" r="0.370" g="1.000" b="-0.010" />
                <t i="1" r="0.940" g="0.690" b="-0.010" />
                <t i="1" r="0.940" g="0.690" b="-0.010" />
                <t i="1" r="0.940" g="0.690" b="-0.010" />
                <t i="1" r="0.370" g="1.000" b="-0.010" />
                <t i="1" r="0.370" g="1.000" b="-0.010" />
                <t i="1" r="0.370" g="1.000" b="-0.010" />
                <t i="1" r="0.370" g="1.000" b="-0.010" />
                <t i="1" r="0.940" g="0.690" b="-0.010" />
            </r>
            <r >
                <t i="0" r="0.000" g="0.000" b="0.000" />
                <t i="1" r="0.940" g="0.690" b="-0.010" />
                <t i="1" r="0.370" g="1.000" b="-0.010" />
                <t i="1" r="0.370" g="1.000" b="-0.010" />
                <t i="1" r="0.370" g="1.000" b="-0.010" />
                <t i="1" r="0.370" g="1.000" b="-0.010" />
                <t i="1" r="0.370" g="1.000" b="-0.010" />
                <t i="1" r="0.370" g="1.000" b="-0.010" />
                <t i="1" r="0.370" g="1.000" b="-0.010" />
                <t i="1" r="0.370" g="1.000" b="-0.010" />
                <t i="1" r="0.370" g="1.000" b="-0.010" />
                <t i="1" r="0.370" g="1.000" b="-0.010" />
                <t i="1" r="0.370" g="1.000" b="-0.010" />
                <t i="1" r="0.940" g="0.690" b="-0.010" />
            </r>
            <r >
                <t i="0" r="0.000" g="0.000" b="0.000" />
                <t i="1" r="0.940" g="0.690" b="-0.010" />
                <t i="1" r="0.370" g="1.000" b="-0.010" />
                <t i="1" r="0.370" g="1.000" b="-0.010" />
                <t i="1" r="0.370" g="1.000" b="-0.010" />
                <t i="1" r="0.370" g="1.000" b="-0.010" />
                <t i="1" r="0.370" g="1.000" b="-0.010" />
                <t i="1" r="0.370" g="1.000" b="-0.010" />
                <t i="1" r="0.370" g="1.000" b="-0.010" />
                <t i="1" r="0.370" g="1.000" b="-0.010" />
                <t i="1" r="0.370" g="1.000" b="-0.010" />
                <t i="1" r="0.370" g="1.000" b="-0.010" />
                <t i="1" r="0.370" g="1.000" b="-0.010" />
                <t i="1" r="0.940" g="0.690" b="-0.010" />
            </r>
            <r >
                <t i="0" r="0.000" g="0.000" b="0.000" />
                <t i="1" r="0.940" g="0.690" b="-0.010" />
                <t i="1" r="0.370" g="1.000" b="-0.010" />
                <t i="1" r="0.370" g="1.000" b="-0.010" />
                <t i="1" r="0.370" g="1.000" b="-0.010" />
                <t i="1" r="0.370" g="1.000" b="-0.010" />
                <t i="1" r="0.940" g="0.690" b="-0.010" />
                <t i="1" r="0.940" g="0.690" b="-0.010" />
                <t i="1" r="0.940" g="0.690" b="-0.010" />
                <t i="1" r="0.370" g="1.000" b="-0.010" />
                <t i="1" r="0.370" g="1.000" b="-0.010" />
                <t i="1" r="0.370" g="1.000" b="-0.010" />
                <t i="1" r="0.370" g="1.000" b="-0.010" />
                <t i="1" r="0.940" g="0.690" b="-0.010" />
            </r>
            <r >
                <t i="0" r="0.000" g="0.000" b="0.000" />
                <t i="0" r="0.000" g="0.000" b="0.000" />
                <t i="1" r="0.940" g="0.690" b="-0.010" />
                <t i="1" r="0.940" g="0.690" b="-0.010" />
                <t i="1" r="0.940" g="0.690" b="-0.010" />
                <t i="1" r="0.940" g="0.690" b="-0.010" />
                <t i="1" r="0.940" g="0.690" b="-0.010" />
                <t i="0" r="0.000" g="0.000" b="0.000" />
                <t i="1" r="0.940" g="0.690" b="-0.010" />
                <t i="1" r="0.940" g="0.690" b="-0.010" />
                <t i="1" r="0.940" g="0.690" b="-0.010" />
                <t i="1" r="0.940" g="0.690" b="-0.010" />
                <t i="1" r="0.940" g="0.690" b="-0.010" />
                <t i="0" r="0.000" g="0.000" b="0.000" />
            </r>
        </Tiles>
        <Entities >
            <Entity kind="1" x="238.000" y="368.000" radius="16.000" mass="1.000" r="1.000" g="1.000" b="1.000" />
            <Entity kind="4" x="240.000" y="176.000" radius="12.000" mass="0.750" r="0.850" g="0.050" b="0.770" />
            <Entity kind="4" x="273.000" y="274.000" radius="12.000" mass="0.750" r="0.850" g="0.050" b="0.770" />
            <Entity kind="4" x="242.000" y="301.000" radius="12.000" mass="0.750" r="0.850" g="0.050" b="0.770" />
            <Entity kind="4" x="207.000" y="273.000" radius="12.000" mass="0.750" r="0.850" g="0.050" b="0.770" />
            <Entity kind="6" x="240.000" y="115.000" radius="17.500" mass="1.237" r="1.000" g="0.450" b="0.290" />
            <Entity kind="4" x="210.000" y="211.000" radius="12.000" mass="0.750" r="0.850" g="0.050" b="0.770" />
            <Entity kind="4" x="270.000" y="211.000" radius="12.000" mass="0.750" r="0.850" g="0.050" b="0.770" />
            <Entity kind="4" x="82.000" y="119.000" radius="19.000" mass="10.438" r="0.060" g="0.520" b="1.000" />
            <Entity kind="4" x="79.000" y="77.000" radius="19.000" mass="10.438" r="0.060" g="0.520" b="1.000" />
            <Entity kind="4" x="119.000" y="79.000" radius="19.000" mass="10.438" r="0.060" g="0.520" b="1.000" />
            <Entity kind="10" x="126.000" y="124.000" radius="11.000" mass="0.688" r="1.000" g="1.000" b="1.000" />
            <Entity kind="4" x="165.000" y="125.000" radius="19.000" mass="10.438" r="0.060" g="0.520" b="1.000" />
            <Entity kind="4" x="159.000" y="82.000" radius="19.000" mass="10.438" r="0.060" g="0.520" b="1.000" />
            <Entity kind="4" x="122.000" y="163.000" radius="19.000" mass="10.438" r="0.060" g="0.520" b="1.000" />
            <Entity kind="4" x="77.000" y="165.000" radius="19.000" mass="10.438" r="0.060" g="0.520" b="1.000" />
            <Entity kind="4" x="166.000" y="165.000" radius="19.000" mass="10.438" r="0.060" g="0.520" b="1.000" />
            <Entity kind="4" x="302.000" y="175.000" radius="19.000" mass="10.438" r="0.060" g="0.520" b="1.000" />
            <Entity kind="4" x="395.000" y="174.000" radius="19.000" mass="10.438" r="0.060" g="0.520" b="1.000" />
            <Entity kind="4" x="351.000" y="178.000" radius="19.000" mass="10.438" r="0.060" g="0.520" b="1.000" />
            <Entity kind="4" x="399.000" y="133.000" radius="19.000" mass="10.438" r="0.060" g="0.520" b="1.000" />
            <Entity kind="4" x="395.000" y="87.000" radius="19.000" mass="10.438" r="0.060" g="0.520" b="1.000" />
            <Entity kind="4" x="352.000" y="87.000" radius="19.000" mass="10.438" r="0.060" g="0.520" b="1.000" />
            <Entity kind="4" x="302.000" y="86.000" radius="19.000" mass="10.438" r="0.060" g="0.520" b="1.000" />
            <Entity kind="4" x="304.000" y="130.000" radius="19.000" mass="10.438" r="0.060" g="0.520" b="1.000" />
            <Entity kind="10" x="348.000" y="133.000" radius="11.000" mass="0.688" r="1.000" g="1.000" b="1.000" />
            <Entity kind="4" x="400.000" y="355.000" radius="19.000" mass="10.438" r="0.060" g="0.520" b="1.000" />
            <Entity kind="4" x="347.000" y="309.000" radius="19.000" mass="10.438" r="0.060" g="0.520" b="1.000" />
            <Entity kind="4" x="295.000" y="308.000" radius="19.000" mass="10.438" r="0.060" g="0.520" b="1.000" />
            <Entity kind="4" x="295.000" y="353.000" radius="19.000" mass="10.438" r="0.060" g="0.520" b="1.000" />
            <Entity kind="4" x="395.000" y="309.000" radius="19.000" mass="10.438" r="0.060" g="0.520" b="1.000" />
            <Entity kind="4" x="390.000" y="398.000" radius="19.000" mass="10.438" r="0.060" g="0.520" b="1.000" />
            <Entity kind="4" x="292.000" y="398.000" radius="19.000" mass="10.438" r="0.060" g="0.520" b="1.000" />
            <Entity kind="10" x="348.000" y="360.000" radius="11.000" mass="0.688" r="1.000" g="1.000" b="1.000" />
            <Entity kind="4" x="343.000" y="399.000" radius="19.000" mass="10.438" r="0.060" g="0.520" b="1.000" />
            <Entity kind="4" x="178.000" y="356.000" radius="19.000" mass="10.438" r="0.060" g="0.520" b="1.000" />
            <Entity kind="4" x="174.000" y="310.000" radius="19.000" mass="10.438" r="0.060" g="0.520" b="1.000" />
            <Entity kind="4" x="128.000" y="302.000" radius="19.000" mass="10.438" r="0.060" g="0.520" b="1.000" />
            <Entity kind="4" x="81.000" y="310.000" radius="19.000" mass="10.438" r="0.060" g="0.520" b="1.000" />
            <Entity kind="4" x="82.000" y="357.000" radius="19.000" mass="10.438" r="0.060" g="0.520" b="1.000" />
            <Entity kind="4" x="77.000" y="398.000" radius="19.000" mass="10.438" r="0.060" g="0.520" b="1.000" />
            <Entity kind="10" x="131.000" y="358.000" radius="11.000" mass="0.688" r="1.000" g="1.000" b="1.000" />
            <Entity kind="4" x="128.000" y="403.000" radius="19.000" mass="10.438" r="0.060" g="0.520" b="1.000" />
            <Entity kind="4" x="176.000" y="403.000" radius="19.000" mass="10.438" r="0.060" g="0.520" b="1.000" />
        </Entities>
    </Level>
