<?xml version="1.0"?>
    <Level >
        <Tiles width="13" height="13" bgPicIndex="14" music="music">
            <r >
                <t i="0" r="0.000" g="0.000" b="0.000" />
                <t i="0" r="0.000" g="0.000" b="0.000" />
                <t i="0" r="0.000" g="0.000" b="0.000" />
                <t i="0" r="0.000" g="0.000" b="0.000" />
                <t i="0" r="0.000" g="0.000" b="0.000" />
                <t i="0" r="0.000" g="0.000" b="0.000" />
                <t i="0" r="0.000" g="0.000" b="0.000" />
                <t i="0" r="0.000" g="0.000" b="0.000" />
                <t i="0" r="0.000" g="0.000" b="0.000" />
                <t i="0" r="0.000" g="0.000" b="0.000" />
                <t i="0" r="0.000" g="0.000" b="0.000" />
                <t i="0" r="0.000" g="0.000" b="0.000" />
                <t i="0" r="0.000" g="0.000" b="0.000" />
            </r>
            <r >
                <t i="0" r="0.000" g="0.000" b="0.000" />
                <t i="0" r="1.000" g="1.000" b="1.000" />
                <t i="1" r="0.810" g="0.940" b="0.840" />
                <t i="1" r="0.810" g="0.940" b="0.840" />
                <t i="1" r="0.810" g="0.940" b="0.840" />
                <t i="1" r="0.810" g="0.940" b="0.840" />
                <t i="1" r="0.810" g="0.940" b="0.840" />
                <t i="1" r="0.810" g="0.940" b="0.840" />
                <t i="1" r="0.810" g="0.940" b="0.840" />
                <t i="1" r="0.810" g="0.940" b="0.840" />
                <t i="1" r="0.680" g="0.960" b="0.860" />
                <t i="1" r="0.810" g="0.940" b="0.840" />
                <t i="0" r="1.000" g="1.000" b="1.000" />
            </r>
            <r >
                <t i="0" r="0.000" g="0.000" b="0.000" />
                <t i="1" r="0.810" g="0.940" b="0.840" />
                <t i="1" r="0.810" g="0.940" b="0.840" />
                <t i="1" r="0.810" g="0.940" b="0.840" />
                <t i="1" r="1.000" g="0.670" b="0.580" />
                <t i="1" r="1.000" g="0.670" b="0.580" />
                <t i="1" r="1.000" g="0.670" b="0.580" />
                <t i="1" r="1.000" g="0.670" b="0.580" />
                <t i="1" r="1.000" g="0.670" b="0.580" />
                <t i="1" r="1.000" g="0.670" b="0.580" />
                <t i="1" r="0.810" g="0.940" b="0.840" />
                <t i="1" r="0.810" g="0.940" b="0.840" />
                <t i="1" r="0.810" g="0.940" b="0.840" />
            </r>
            <r >
                <t i="0" r="1.000" g="1.000" b="1.000" />
                <t i="1" r="0.810" g="0.940" b="0.840" />
                <t i="0" r="1.000" g="1.000" b="1.000" />
                <t i="1" r="1.000" g="0.670" b="0.580" />
                <t i="1" r="1.000" g="0.450" b="0.580" />
                <t i="1" r="1.000" g="0.450" b="0.580" />
                <t i="1" r="1.000" g="0.450" b="0.580" />
                <t i="1" r="1.000" g="0.450" b="0.580" />
                <t i="1" r="1.000" g="0.450" b="0.580" />
                <t i="1" r="1.000" g="0.450" b="0.580" />
                <t i="1" r="1.000" g="0.670" b="0.580" />
                <t i="0" r="1.000" g="1.000" b="1.000" />
                <t i="1" r="0.810" g="0.940" b="0.840" />
            </r>
            <r >
                <t i="0" r="0.000" g="0.000" b="0.000" />
                <t i="1" r="0.810" g="0.940" b="0.840" />
                <t i="1" r="0.810" g="0.940" b="0.840" />
                <t i="1" r="1.000" g="0.670" b="0.580" />
                <t i="1" r="1.000" g="0.450" b="0.580" />
                <t i="1" r="1.000" g="0.450" b="0.580" />
                <t i="1" r="1.000" g="0.450" b="0.580" />
                <t i="1" r="1.000" g="0.450" b="0.580" />
                <t i="1" r="1.000" g="0.450" b="0.580" />
                <t i="1" r="1.000" g="0.450" b="0.580" />
                <t i="1" r="1.000" g="0.670" b="0.580" />
                <t i="1" r="0.810" g="0.940" b="0.840" />
                <t i="1" r="0.810" g="0.940" b="0.840" />
            </r>
            <r >
                <t i="0" r="0.000" g="0.000" b="0.000" />
                <t i="1" r="0.810" g="0.940" b="0.840" />
                <t i="1" r="0.810" g="0.940" b="0.840" />
                <t i="0" r="1.000" g="1.000" b="1.000" />
                <t i="1" r="1.000" g="0.670" b="0.580" />
                <t i="1" r="1.000" g="0.670" b="0.580" />
                <t i="1" r="1.000" g="0.670" b="0.580" />
                <t i="1" r="1.000" g="0.670" b="0.580" />
                <t i="1" r="1.000" g="0.670" b="0.580" />
                <t i="1" r="1.000" g="0.670" b="0.580" />
                <t i="0" r="1.000" g="1.000" b="1.000" />
                <t i="1" r="0.810" g="0.940" b="0.840" />
                <t i="1" r="0.810" g="0.940" b="0.840" />
            </r>
            <r >
                <t i="0" r="0.000" g="0.000" b="0.000" />
                <t i="2" r="0.810" g="0.940" b="0.840" />
                <t i="1" r="0.810" g="0.940" b="0.840" />
                <t i="1" r="0.810" g="0.940" b="0.840" />
                <t i="1" r="0.810" g="0.940" b="0.840" />
                <t i="1" r="0.810" g="0.940" b="0.840" />
                <t i="1" r="0.810" g="0.940" b="0.840" />
                <t i="1" r="0.810" g="0.940" b="0.840" />
                <t i="1" r="0.810" g="0.940" b="0.840" />
                <t i="1" r="0.810" g="0.940" b="0.840" />
                <t i="1" r="0.810" g="0.940" b="0.840" />
                <t i="1" r="0.810" g="0.940" b="0.840" />
                <t i="2" r="0.810" g="0.940" b="0.840" />
            </r>
            <r >
                <t i="0" r="0.000" g="0.000" b="0.000" />
                <t i="1" r="1.000" g="0.670" b="0.580" />
                <t i="2" r="0.580" g="0.380" b="0.060" />
                <t i="2" r="0.580" g="0.380" b="0.060" />
                <t i="2" r="0.580" g="0.380" b="0.060" />
                <t i="0" r="1.000" g="1.000" b="1.000" />
                <t i="0" r="1.000" g="1.000" b="1.000" />
                <t i="0" r="1.000" g="1.000" b="1.000" />
                <t i="0" r="1.000" g="1.000" b="1.000" />
                <t i="2" r="0.580" g="0.380" b="0.060" />
                <t i="2" r="0.580" g="0.380" b="0.060" />
                <t i="2" r="0.580" g="0.380" b="0.060" />
                <t i="1" r="1.000" g="0.670" b="0.580" />
            </r>
            <r >
                <t i="0" r="0.000" g="0.000" b="0.000" />
                <t i="1" r="1.000" g="0.670" b="0.580" />
                <t i="1" r="1.000" g="0.670" b="0.580" />
                <t i="2" r="0.580" g="0.380" b="0.060" />
                <t i="2" r="0.580" g="0.380" b="0.060" />
                <t i="1" r="0.810" g="0.940" b="0.840" />
                <t i="1" r="0.810" g="0.940" b="0.840" />
                <t i="1" r="0.810" g="0.940" b="0.840" />
                <t i="1" r="0.810" g="0.940" b="0.840" />
                <t i="2" r="0.580" g="0.380" b="0.060" />
                <t i="2" r="0.580" g="0.380" b="0.060" />
                <t i="1" r="1.000" g="0.670" b="0.580" />
                <t i="1" r="1.000" g="0.670" b="0.580" />
            </r>
            <r >
                <t i="0" r="0.000" g="0.000" b="0.000" />
                <t i="1" r="1.000" g="0.670" b="0.580" />
                <t i="1" r="1.000" g="0.670" b="0.580" />
                <t i="2" r="0.580" g="0.380" b="0.060" />
                <t i="1" r="0.810" g="0.940" b="0.840" />
                <t i="2" r="0.810" g="0.940" b="0.840" />
                <t i="1" r="0.810" g="0.940" b="0.840" />
                <t i="1" r="0.810" g="0.940" b="0.840" />
                <t i="2" r="0.810" g="0.940" b="0.840" />
                <t i="1" r="0.810" g="0.940" b="0.840" />
                <t i="2" r="0.580" g="0.380" b="0.060" />
                <t i="1" r="1.000" g="0.670" b="0.580" />
                <t i="1" r="1.000" g="0.670" b="0.580" />
            </r>
            <r >
                <t i="0" r="0.000" g="0.000" b="0.000" />
                <t i="1" r="1.000" g="0.450" b="0.580" />
                <t i="1" r="1.000" g="0.670" b="0.580" />
                <t i="1" r="1.000" g="0.670" b="0.580" />
                <t i="1" r="0.810" g="0.940" b="0.840" />
                <t i="1" r="0.810" g="0.940" b="0.840" />
                <t i="1" r="0.810" g="0.940" b="0.840" />
                <t i="1" r="0.810" g="0.940" b="0.840" />
                <t i="1" r="0.810" g="0.940" b="0.840" />
                <t i="1" r="0.810" g="0.940" b="0.840" />
                <t i="1" r="1.000" g="0.670" b="0.580" />
                <t i="1" r="1.000" g="0.670" b="0.580" />
                <t i="1" r="1.000" g="0.450" b="0.580" />
            </r>
            <r >
                <t i="0" r="0.000" g="0.000" b="0.000" />
                <t i="0" r="0.000" g="0.000" b="0.000" />
                <t i="1" r="1.000" g="0.450" b="0.580" />
                <t i="1" r="1.000" g="0.670" b="0.580" />
                <t i="1" r="0.810" g="0.940" b="0.840" />
                <t i="1" r="0.810" g="0.940" b="0.840" />
                <t i="0" r="1.000" g="1.000" b="1.000" />
                <t i="0" r="1.000" g="1.000" b="1.000" />
                <t i="1" r="0.810" g="0.940" b="0.840" />
                <t i="1" r="0.810" g="0.940" b="0.840" />
                <t i="1" r="1.000" g="0.670" b="0.580" />
                <t i="1" r="1.000" g="0.450" b="0.580" />
                <t i="0" r="0.000" g="0.000" b="0.000" />
            </r>
            <r >
                <t i="0" r="0.000" g="0.000" b="0.000" />
                <t i="0" r="1.000" g="1.000" b="1.000" />
                <t i="0" r="0.000" g="0.000" b="0.000" />
                <t i="1" r="1.000" g="0.450" b="0.580" />
                <t i="1" r="1.000" g="0.450" b="0.580" />
                <t i="1" r="1.000" g="0.450" b="0.580" />
                <t i="1" r="0.810" g="0.940" b="0.840" />
                <t i="1" r="0.810" g="0.940" b="0.840" />
                <t i="1" r="1.000" g="0.450" b="0.580" />
                <t i="1" r="1.000" g="0.450" b="0.580" />
                <t i="1" r="1.000" g="0.450" b="0.580" />
                <t i="0" r="0.000" g="0.000" b="0.000" />
                <t i="0" r="1.000" g="1.000" b="1.000" />
            </r>
        </Tiles>
        <Entities >
            <Entity kind="1" x="224.000" y="327.000" radius="16.000" mass="1.000" r="1.000" g="1.000" b="1.000" />
            <Entity kind="10" x="188.000" y="128.000" radius="12.000" mass="0.700" r="1.010" g="0.200" b="-0.010" />
            <Entity kind="10" x="226.000" y="129.000" radius="12.000" mass="0.700" r="1.010" g="0.200" b="-0.010" />
            <Entity kind="4" x="288.000" y="148.000" radius="22.000" mass="12.000" r="0.580" g="-0.010" b="1.000" />
            <Entity kind="4" x="293.000" y="99.000" radius="22.000" mass="12.000" r="0.580" g="-0.010" b="1.000" />
            <Entity kind="4" x="242.000" y="81.000" radius="22.000" mass="12.000" r="0.580" g="-0.010" b="1.000" />
            <Entity kind="4" x="190.000" y="78.000" radius="22.000" mass="12.000" r="0.580" g="-0.010" b="1.000" />
            <Entity kind="4" x="183.000" y="180.000" radius="22.000" mass="12.000" r="0.580" g="-0.010" b="1.000" />
            <Entity kind="4" x="233.000" y="181.000" radius="22.000" mass="12.000" r="0.580" g="-0.010" b="1.000" />
            <Entity kind="4" x="145.000" y="151.000" radius="22.000" mass="12.000" r="0.580" g="-0.010" b="1.000" />
            <Entity kind="4" x="141.000" y="104.000" radius="22.000" mass="12.000" r="0.580" g="-0.010" b="1.000" />
            <Entity kind="4" x="135.000" y="198.000" radius="22.500" mass="10.000" r="1.000" g="-0.010" b="0.770" />
            <Entity kind="4" x="283.000" y="196.000" radius="22.500" mass="10.000" r="1.000" g="-0.010" b="0.770" />
            <Entity kind="4" x="283.000" y="51.000" radius="22.500" mass="10.000" r="1.000" g="-0.010" b="0.770" />
            <Entity kind="4" x="145.000" y="57.000" radius="22.500" mass="10.000" r="1.000" g="-0.010" b="0.770" />
        </Entities>
    </Level>
