<?xml version="1.0"?>
    <Level >
        <Tiles width="10" height="10" bgPicIndex="15" music="music">
            <r >
                <t i="0" r="0.000" g="0.000" b="0.000" />
                <t i="0" r="0.000" g="0.000" b="0.000" />
                <t i="0" r="0.000" g="0.000" b="0.000" />
                <t i="0" r="0.000" g="0.000" b="0.000" />
                <t i="0" r="0.000" g="0.000" b="0.000" />
                <t i="0" r="0.000" g="0.000" b="0.000" />
                <t i="0" r="0.000" g="0.000" b="0.000" />
                <t i="0" r="0.000" g="0.000" b="0.000" />
                <t i="0" r="0.000" g="0.000" b="0.000" />
                <t i="0" r="0.000" g="0.000" b="0.000" />
            </r>
            <r >
                <t i="0" r="0.000" g="0.000" b="0.000" />
                <t i="0" r="0.000" g="0.000" b="0.000" />
                <t i="1" r="1.000" g="1.000" b="1.000" />
                <t i="1" r="0.500" g="0.510" b="0.960" />
                <t i="1" r="0.500" g="0.510" b="0.960" />
                <t i="1" r="0.500" g="0.510" b="0.960" />
                <t i="1" r="0.500" g="0.510" b="0.960" />
                <t i="1" r="0.500" g="0.510" b="0.960" />
                <t i="1" r="0.500" g="0.510" b="0.960" />
                <t i="0" r="0.000" g="0.000" b="0.000" />
            </r>
            <r >
                <t i="0" r="0.000" g="0.000" b="0.000" />
                <t i="1" r="0.500" g="0.510" b="0.960" />
                <t i="1" r="1.000" g="1.000" b="1.000" />
                <t i="1" r="0.500" g="0.510" b="0.960" />
                <t i="1" r="1.000" g="1.000" b="1.000" />
                <t i="1" r="1.000" g="1.000" b="1.000" />
                <t i="1" r="1.000" g="1.000" b="1.000" />
                <t i="1" r="1.000" g="1.000" b="1.000" />
                <t i="1" r="1.000" g="1.000" b="1.000" />
                <t i="1" r="0.500" g="0.510" b="0.960" />
            </r>
            <r >
                <t i="0" r="0.000" g="0.000" b="0.000" />
                <t i="1" r="0.500" g="0.510" b="0.960" />
                <t i="1" r="1.000" g="1.000" b="1.000" />
                <t i="1" r="0.500" g="0.510" b="0.960" />
                <t i="1" r="1.000" g="1.000" b="1.000" />
                <t i="1" r="0.500" g="0.510" b="0.960" />
                <t i="1" r="0.500" g="0.510" b="0.960" />
                <t i="1" r="0.500" g="0.510" b="0.960" />
                <t i="1" r="1.000" g="1.000" b="1.000" />
                <t i="1" r="0.500" g="0.510" b="0.960" />
            </r>
            <r >
                <t i="0" r="0.000" g="0.000" b="0.000" />
                <t i="1" r="0.500" g="0.510" b="0.960" />
                <t i="1" r="1.000" g="1.000" b="1.000" />
                <t i="1" r="0.500" g="0.510" b="0.960" />
                <t i="1" r="1.000" g="1.000" b="1.000" />
                <t i="1" r="0.500" g="0.510" b="0.960" />
                <t i="1" r="1.000" g="1.000" b="1.000" />
                <t i="1" r="0.500" g="0.510" b="0.960" />
                <t i="1" r="1.000" g="1.000" b="1.000" />
                <t i="1" r="0.500" g="0.510" b="0.960" />
            </r>
            <r >
                <t i="0" r="0.000" g="0.000" b="0.000" />
                <t i="1" r="0.500" g="0.510" b="0.960" />
                <t i="1" r="1.000" g="1.000" b="1.000" />
                <t i="1" r="0.500" g="0.510" b="0.960" />
                <t i="1" r="1.000" g="1.000" b="1.000" />
                <t i="2" r="0.500" g="0.510" b="0.960" />
                <t i="1" r="1.000" g="1.000" b="1.000" />
                <t i="1" r="0.500" g="0.510" b="0.960" />
                <t i="1" r="1.000" g="1.000" b="1.000" />
                <t i="1" r="0.500" g="0.510" b="0.960" />
            </r>
            <r >
                <t i="0" r="0.000" g="0.000" b="0.000" />
                <t i="1" r="0.500" g="0.510" b="0.960" />
                <t i="1" r="1.000" g="1.000" b="1.000" />
                <t i="1" r="0.500" g="0.510" b="0.960" />
                <t i="1" r="1.000" g="1.000" b="1.000" />
                <t i="1" r="1.000" g="1.000" b="1.000" />
                <t i="1" r="1.000" g="1.000" b="1.000" />
                <t i="1" r="0.500" g="0.510" b="0.960" />
                <t i="1" r="1.000" g="1.000" b="1.000" />
                <t i="1" r="0.500" g="0.510" b="0.960" />
            </r>
            <r >
                <t i="0" r="0.000" g="0.000" b="0.000" />
                <t i="1" r="0.500" g="0.510" b="0.960" />
                <t i="1" r="1.000" g="1.000" b="1.000" />
                <t i="1" r="0.500" g="0.510" b="0.960" />
                <t i="1" r="0.500" g="0.510" b="0.960" />
                <t i="1" r="0.500" g="0.510" b="0.960" />
                <t i="1" r="0.500" g="0.510" b="0.960" />
                <t i="1" r="0.500" g="0.510" b="0.960" />
                <t i="1" r="1.000" g="1.000" b="1.000" />
                <t i="1" r="0.500" g="0.510" b="0.960" />
            </r>
            <r >
                <t i="0" r="0.000" g="0.000" b="0.000" />
                <t i="1" r="0.500" g="0.510" b="0.960" />
                <t i="1" r="1.000" g="1.000" b="1.000" />
                <t i="1" r="1.000" g="1.000" b="1.000" />
                <t i="1" r="1.000" g="1.000" b="1.000" />
                <t i="1" r="1.000" g="1.000" b="1.000" />
                <t i="1" r="1.000" g="1.000" b="1.000" />
                <t i="1" r="1.000" g="1.000" b="1.000" />
                <t i="1" r="1.000" g="1.000" b="1.000" />
                <t i="1" r="0.500" g="0.510" b="0.960" />
            </r>
            <r >
                <t i="0" r="0.000" g="0.000" b="0.000" />
                <t i="0" r="0.000" g="0.000" b="0.000" />
                <t i="1" r="0.500" g="0.510" b="0.960" />
                <t i="1" r="0.500" g="0.510" b="0.960" />
                <t i="1" r="0.500" g="0.510" b="0.960" />
                <t i="1" r="0.500" g="0.510" b="0.960" />
                <t i="1" r="0.500" g="0.510" b="0.960" />
                <t i="1" r="0.500" g="0.510" b="0.960" />
                <t i="1" r="0.500" g="0.510" b="0.960" />
                <t i="0" r="0.000" g="0.000" b="0.000" />
            </r>
        </Tiles>
        <Entities >
            <Entity kind="1" x="176.000" y="113.000" radius="16.000" mass="1.000" r="1.000" g="1.000" b="1.000" />
            <Entity kind="10" x="176.000" y="240.000" radius="18.000" mass="1.125" r="1.000" g="1.000" b="1.000" />
            <Entity kind="10" x="112.000" y="272.000" radius="23.000" mass="1.438" r="1.000" g="1.000" b="1.000" />
            <Entity kind="10" x="304.000" y="208.000" radius="12.000" mass="0.750" r="1.000" g="1.000" b="1.000" />
            <Entity kind="4" x="270.000" y="305.000" radius="14.000" mass="0.875" r="0.550" g="0.050" b="0.940" />
            <Entity kind="4" x="79.000" y="303.000" radius="14.000" mass="0.875" r="0.550" g="0.050" b="0.940" />
            <Entity kind="4" x="46.000" y="268.000" radius="14.000" mass="0.875" r="0.550" g="0.050" b="0.940" />
            <Entity kind="4" x="78.000" y="51.000" radius="14.000" mass="0.875" r="0.550" g="0.050" b="0.940" />
            <Entity kind="4" x="298.000" y="82.000" radius="14.000" mass="0.875" r="0.550" g="0.050" b="0.940" />
            <Entity kind="4" x="47.000" y="79.000" radius="14.000" mass="0.875" r="0.550" g="0.050" b="0.940" />
            <Entity kind="4" x="270.000" y="50.000" radius="14.000" mass="0.875" r="0.550" g="0.050" b="0.940" />
            <Entity kind="4" x="305.000" y="276.000" radius="14.000" mass="0.875" r="0.550" g="0.050" b="0.940" />
            <Entity kind="10" x="50.000" y="206.000" radius="12.000" mass="0.750" r="1.000" g="1.000" b="1.000" />
            <Entity kind="10" x="233.000" y="272.000" radius="23.000" mass="1.438" r="1.000" g="1.000" b="1.000" />
            <Entity kind="5" x="175.000" y="69.000" radius="25.000" mass="1.562" r="1.000" g="0.500" b="0.790" />
            <Entity kind="5" x="177.000" y="171.000" radius="20.000" mass="1.250" r="1.000" g="-0.010" b="1.000" />
        </Entities>
    </Level>
