<?xml version="1.0"?>
    <Level >
        <Tiles width="13" height="13" bgPicIndex="14" music="music" gameType="0" >
            <r >
                <t i="0" r="0.000" g="0.000" b="0.000" />
                <t i="0" r="0.000" g="0.000" b="0.000" />
                <t i="0" r="0.000" g="0.000" b="0.000" />
                <t i="0" r="0.000" g="0.000" b="0.000" />
                <t i="0" r="0.000" g="0.000" b="0.000" />
                <t i="0" r="0.000" g="0.000" b="0.000" />
                <t i="0" r="0.000" g="0.000" b="0.000" />
                <t i="0" r="0.000" g="0.000" b="0.000" />
                <t i="0" r="0.000" g="0.000" b="0.000" />
                <t i="0" r="0.000" g="0.000" b="0.000" />
                <t i="0" r="0.000" g="0.000" b="0.000" />
                <t i="0" r="0.000" g="0.000" b="0.000" />
                <t i="0" r="0.000" g="0.000" b="0.000" />
            </r>
            <r >
                <t i="0" r="0.000" g="0.000" b="0.000" />
                <t i="2" r="1.000" g="0.310" b="0.210" />
                <t i="2" r="1.000" g="0.310" b="0.210" />
                <t i="1" r="1.000" g="0.620" b="0.780" />
                <t i="1" r="1.000" g="0.620" b="0.780" />
                <t i="1" r="1.000" g="0.620" b="0.780" />
                <t i="2" r="1.000" g="0.310" b="0.210" />
                <t i="2" r="1.000" g="0.310" b="0.210" />
                <t i="1" r="1.000" g="0.620" b="0.780" />
                <t i="1" r="1.000" g="0.620" b="0.780" />
                <t i="1" r="1.000" g="0.620" b="0.780" />
                <t i="2" r="1.000" g="0.310" b="0.210" />
                <t i="2" r="1.000" g="0.310" b="0.210" />
            </r>
            <r >
                <t i="0" r="0.000" g="0.000" b="0.000" />
                <t i="2" r="1.000" g="0.310" b="0.210" />
                <t i="1" r="1.000" g="0.620" b="0.780" />
                <t i="1" r="1.000" g="0.620" b="0.780" />
                <t i="1" r="1.000" g="0.620" b="0.780" />
                <t i="1" r="1.000" g="0.620" b="0.780" />
                <t i="1" r="1.000" g="0.620" b="0.780" />
                <t i="1" r="1.000" g="0.620" b="0.780" />
                <t i="1" r="1.000" g="0.620" b="0.780" />
                <t i="1" r="1.000" g="0.620" b="0.780" />
                <t i="1" r="1.000" g="0.620" b="0.780" />
                <t i="1" r="1.000" g="0.620" b="0.780" />
                <t i="2" r="1.000" g="0.310" b="0.210" />
            </r>
            <r >
                <t i="0" r="0.000" g="0.000" b="0.000" />
                <t i="1" r="1.000" g="0.620" b="0.780" />
                <t i="1" r="1.000" g="0.620" b="0.780" />
                <t i="1" r="1.000" g="0.620" b="0.780" />
                <t i="1" r="1.000" g="0.620" b="0.780" />
                <t i="1" r="1.000" g="0.620" b="0.780" />
                <t i="1" r="1.000" g="0.620" b="0.780" />
                <t i="1" r="1.000" g="0.620" b="0.780" />
                <t i="1" r="1.000" g="0.620" b="0.780" />
                <t i="1" r="1.000" g="0.620" b="0.780" />
                <t i="1" r="1.000" g="0.620" b="0.780" />
                <t i="1" r="1.000" g="0.620" b="0.780" />
                <t i="1" r="1.000" g="0.620" b="0.780" />
            </r>
            <r >
                <t i="0" r="0.000" g="0.000" b="0.000" />
                <t i="2" r="1.000" g="0.310" b="0.210" />
                <t i="2" r="1.000" g="0.310" b="0.210" />
                <t i="1" r="1.000" g="0.620" b="0.780" />
                <t i="1" r="1.000" g="0.620" b="0.780" />
                <t i="1" r="1.000" g="0.620" b="0.780" />
                <t i="2" r="1.000" g="0.310" b="0.210" />
                <t i="2" r="1.000" g="0.310" b="0.210" />
                <t i="1" r="1.000" g="0.620" b="0.780" />
                <t i="1" r="1.000" g="0.620" b="0.780" />
                <t i="1" r="1.000" g="0.620" b="0.780" />
                <t i="2" r="1.000" g="0.310" b="0.210" />
                <t i="2" r="1.000" g="0.310" b="0.210" />
            </r>
            <r >
                <t i="0" r="0.000" g="0.000" b="0.000" />
                <t i="0" r="0.000" g="0.000" b="0.000" />
                <t i="0" r="0.000" g="0.000" b="0.000" />
                <t i="0" r="0.000" g="0.000" b="0.000" />
                <t i="0" r="0.000" g="0.000" b="0.000" />
                <t i="0" r="0.000" g="0.000" b="0.000" />
                <t i="0" r="0.000" g="0.000" b="0.000" />
                <t i="0" r="0.000" g="0.000" b="0.000" />
                <t i="0" r="0.000" g="0.000" b="0.000" />
                <t i="0" r="0.000" g="0.000" b="0.000" />
                <t i="0" r="0.000" g="0.000" b="0.000" />
                <t i="0" r="0.000" g="0.000" b="0.000" />
                <t i="0" r="0.000" g="0.000" b="0.000" />
            </r>
            <r >
                <t i="0" r="0.000" g="0.000" b="0.000" />
                <t i="0" r="0.000" g="0.000" b="0.000" />
                <t i="1" r="0.910" g="1.000" b="0.620" />
                <t i="1" r="0.910" g="1.000" b="0.620" />
                <t i="0" r="0.000" g="0.000" b="0.000" />
                <t i="1" r="0.950" g="1.000" b="0.560" />
                <t i="2" r="0.910" g="1.000" b="0.620" />
                <t i="1" r="0.910" g="1.000" b="0.620" />
                <t i="1" r="0.950" g="1.000" b="0.560" />
                <t i="0" r="0.000" g="0.000" b="0.000" />
                <t i="1" r="0.910" g="1.000" b="0.620" />
                <t i="2" r="0.910" g="1.000" b="0.620" />
                <t i="0" r="0.000" g="0.000" b="0.000" />
            </r>
            <r >
                <t i="0" r="0.000" g="0.000" b="0.000" />
                <t i="0" r="0.000" g="0.000" b="0.000" />
                <t i="1" r="0.950" g="1.000" b="0.560" />
                <t i="1" r="0.950" g="1.000" b="0.560" />
                <t i="1" r="0.910" g="1.000" b="0.620" />
                <t i="1" r="0.910" g="1.000" b="0.620" />
                <t i="0" r="0.000" g="0.000" b="0.000" />
                <t i="0" r="0.000" g="0.000" b="0.000" />
                <t i="1" r="0.910" g="1.000" b="0.620" />
                <t i="1" r="0.910" g="1.000" b="0.620" />
                <t i="1" r="0.950" g="1.000" b="0.560" />
                <t i="1" r="0.950" g="1.000" b="0.560" />
                <t i="0" r="0.000" g="0.000" b="0.000" />
            </r>
            <r >
                <t i="0" r="0.000" g="0.000" b="0.000" />
                <t i="0" r="1.000" g="1.000" b="1.000" />
                <t i="1" r="0.950" g="1.000" b="0.560" />
                <t i="1" r="0.950" g="1.000" b="0.560" />
                <t i="1" r="0.950" g="1.000" b="0.560" />
                <t i="1" r="0.950" g="1.000" b="0.560" />
                <t i="0" r="1.000" g="1.000" b="1.000" />
                <t i="0" r="1.000" g="1.000" b="1.000" />
                <t i="1" r="0.950" g="1.000" b="0.560" />
                <t i="1" r="0.950" g="1.000" b="0.560" />
                <t i="1" r="0.950" g="1.000" b="0.560" />
                <t i="1" r="0.950" g="1.000" b="0.560" />
                <t i="0" r="1.000" g="1.000" b="1.000" />
            </r>
            <r >
                <t i="0" r="0.000" g="0.000" b="0.000" />
                <t i="0" r="1.000" g="1.000" b="1.000" />
                <t i="1" r="0.950" g="1.000" b="0.560" />
                <t i="1" r="0.950" g="1.000" b="0.560" />
                <t i="0" r="1.000" g="1.000" b="1.000" />
                <t i="1" r="0.950" g="1.000" b="0.560" />
                <t i="2" r="0.950" g="1.000" b="0.560" />
                <t i="1" r="0.950" g="1.000" b="0.560" />
                <t i="1" r="0.950" g="1.000" b="0.560" />
                <t i="0" r="1.000" g="1.000" b="1.000" />
                <t i="1" r="0.950" g="1.000" b="0.560" />
                <t i="1" r="0.950" g="1.000" b="0.560" />
                <t i="0" r="1.000" g="1.000" b="1.000" />
            </r>
            <r >
                <t i="0" r="0.000" g="0.000" b="0.000" />
                <t i="0" r="1.000" g="1.000" b="1.000" />
                <t i="0" r="1.000" g="1.000" b="1.000" />
                <t i="0" r="1.000" g="1.000" b="1.000" />
                <t i="0" r="1.000" g="1.000" b="1.000" />
                <t i="0" r="1.000" g="1.000" b="1.000" />
                <t i="0" r="1.000" g="1.000" b="1.000" />
                <t i="0" r="1.000" g="1.000" b="1.000" />
                <t i="0" r="1.000" g="1.000" b="1.000" />
                <t i="0" r="1.000" g="1.000" b="1.000" />
                <t i="0" r="1.000" g="1.000" b="1.000" />
                <t i="0" r="1.000" g="1.000" b="1.000" />
                <t i="0" r="1.000" g="1.000" b="1.000" />
            </r>
            <r >
                <t i="0" r="0.000" g="0.000" b="0.000" />
                <t i="1" r="1.000" g="0.620" b="0.070" />
                <t i="1" r="1.000" g="0.620" b="0.070" />
                <t i="1" r="1.000" g="0.620" b="0.070" />
                <t i="1" r="1.000" g="0.620" b="0.070" />
                <t i="1" r="1.000" g="0.620" b="0.070" />
                <t i="1" r="1.000" g="0.620" b="0.070" />
                <t i="1" r="1.000" g="0.620" b="0.070" />
                <t i="1" r="1.000" g="0.620" b="0.070" />
                <t i="1" r="1.000" g="0.620" b="0.070" />
                <t i="1" r="1.000" g="0.620" b="0.070" />
                <t i="1" r="1.000" g="0.620" b="0.070" />
                <t i="1" r="1.000" g="0.620" b="0.070" />
            </r>
            <r >
                <t i="0" r="0.000" g="0.000" b="0.000" />
                <t i="1" r="1.000" g="0.620" b="0.070" />
                <t i="1" r="1.000" g="0.620" b="0.070" />
                <t i="1" r="1.000" g="0.620" b="0.070" />
                <t i="1" r="1.000" g="0.620" b="0.070" />
                <t i="1" r="1.000" g="0.620" b="0.070" />
                <t i="1" r="1.000" g="0.620" b="0.070" />
                <t i="1" r="1.000" g="0.620" b="0.070" />
                <t i="1" r="1.000" g="0.620" b="0.070" />
                <t i="1" r="1.000" g="0.620" b="0.070" />
                <t i="1" r="1.000" g="0.620" b="0.070" />
                <t i="1" r="1.000" g="0.620" b="0.070" />
                <t i="1" r="1.000" g="0.620" b="0.070" />
            </r>
        </Tiles>
        <Entities >
            <Entity kind="1" x="205.000" y="400.000" radius="16.000" mass="1.000" r="1.000" g="1.000" b="1.000" />
            <Entity kind="4" x="42.000" y="42.000" radius="17.500" mass="2.000" r="0.410" g="1.000" b="0.530" />
            <Entity kind="4" x="405.000" y="41.000" radius="17.500" mass="2.000" r="0.410" g="1.000" b="0.530" />
            <Entity kind="6" x="90.000" y="91.000" radius="16.000" mass="1.500" r="1.000" g="1.000" b="1.000" />
            <Entity kind="6" x="159.000" y="92.000" radius="16.000" mass="1.500" r="1.000" g="1.000" b="1.000" />
            <Entity kind="6" x="287.000" y="91.000" radius="16.000" mass="1.500" r="1.000" g="1.000" b="1.000" />
            <Entity kind="6" x="341.000" y="93.000" radius="16.000" mass="1.500" r="1.000" g="1.000" b="1.000" />
            <Entity kind="4" x="263.000" y="246.000" radius="12.500" mass="0.600" r="0.410" g="1.000" b="0.530" />
            <Entity kind="4" x="372.000" y="306.000" radius="12.500" mass="0.600" r="0.410" g="1.000" b="0.530" />
            <Entity kind="4" x="371.000" y="200.000" radius="12.500" mass="0.600" r="0.410" g="1.000" b="0.530" />
            <Entity kind="4" x="70.000" y="202.000" radius="12.500" mass="0.600" r="0.410" g="1.000" b="0.530" />
            <Entity kind="4" x="36.000" y="360.000" radius="12.500" mass="0.600" r="0.410" g="1.000" b="0.530" />
            <Entity kind="4" x="407.000" y="408.000" radius="12.500" mass="0.600" r="0.410" g="1.000" b="0.530" />
            <Entity kind="4" x="407.000" y="363.000" radius="12.500" mass="0.600" r="0.410" g="1.000" b="0.530" />
            <Entity kind="4" x="155.000" y="255.000" radius="12.500" mass="0.600" r="0.410" g="1.000" b="0.530" />
            <Entity kind="4" x="39.000" y="410.000" radius="12.500" mass="0.600" r="0.410" g="1.000" b="0.530" />
        </Entities>
    </Level>
