<?xml version="1.0"?>
    <Level >
        <Tiles width="11" height="11" bgPicIndex="13" music="bumpyrobots_track2">
            <r >
                <t i="0" r="0.000" g="0.000" b="0.000" />
                <t i="0" r="0.000" g="0.000" b="0.000" />
                <t i="0" r="0.000" g="0.000" b="0.000" />
                <t i="0" r="0.000" g="0.000" b="0.000" />
                <t i="0" r="0.000" g="0.000" b="0.000" />
                <t i="0" r="0.000" g="0.000" b="0.000" />
                <t i="0" r="0.000" g="0.000" b="0.000" />
                <t i="0" r="0.000" g="0.000" b="0.000" />
                <t i="0" r="0.000" g="0.000" b="0.000" />
                <t i="0" r="0.000" g="0.000" b="0.000" />
                <t i="0" r="0.000" g="0.000" b="0.000" />
            </r>
            <r >
                <t i="0" r="0.000" g="0.000" b="0.000" />
                <t i="1" r="0.450" g="0.490" b="1.000" />
                <t i="0" r="1.000" g="1.000" b="1.000" />
                <t i="0" r="0.000" g="0.000" b="0.000" />
                <t i="1" r="0.320" g="0.530" b="1.000" />
                <t i="1" r="0.320" g="0.530" b="1.000" />
                <t i="1" r="0.320" g="0.530" b="1.000" />
                <t i="1" r="0.320" g="0.530" b="1.000" />
                <t i="0" r="0.000" g="0.000" b="0.000" />
                <t i="0" r="1.000" g="1.000" b="1.000" />
                <t i="1" r="0.450" g="0.490" b="1.000" />
            </r>
            <r >
                <t i="0" r="0.000" g="0.000" b="0.000" />
                <t i="1" r="0.450" g="0.490" b="1.000" />
                <t i="0" r="0.000" g="0.000" b="0.000" />
                <t i="1" r="0.320" g="0.530" b="1.000" />
                <t i="1" r="0.320" g="0.530" b="1.000" />
                <t i="1" r="0.920" g="1.000" b="1.000" />
                <t i="1" r="0.920" g="1.000" b="1.000" />
                <t i="1" r="0.320" g="0.530" b="1.000" />
                <t i="1" r="0.320" g="0.530" b="1.000" />
                <t i="0" r="0.000" g="0.000" b="0.000" />
                <t i="1" r="0.450" g="0.490" b="1.000" />
            </r>
            <r >
                <t i="0" r="0.000" g="0.000" b="0.000" />
                <t i="1" r="0.450" g="0.490" b="1.000" />
                <t i="1" r="0.450" g="0.490" b="1.000" />
                <t i="1" r="0.320" g="0.530" b="1.000" />
                <t i="1" r="0.320" g="0.530" b="1.000" />
                <t i="1" r="0.920" g="1.000" b="1.000" />
                <t i="1" r="0.920" g="1.000" b="1.000" />
                <t i="1" r="0.320" g="0.530" b="1.000" />
                <t i="1" r="0.320" g="0.530" b="1.000" />
                <t i="1" r="0.450" g="0.490" b="1.000" />
                <t i="1" r="0.450" g="0.490" b="1.000" />
            </r>
            <r >
                <t i="0" r="0.000" g="0.000" b="0.000" />
                <t i="1" r="0.450" g="0.490" b="1.000" />
                <t i="1" r="0.430" g="0.610" b="1.000" />
                <t i="1" r="0.430" g="0.610" b="1.000" />
                <t i="1" r="0.430" g="0.610" b="1.000" />
                <t i="1" r="0.430" g="0.610" b="1.000" />
                <t i="1" r="0.430" g="0.610" b="1.000" />
                <t i="1" r="0.430" g="0.610" b="1.000" />
                <t i="1" r="0.430" g="0.610" b="1.000" />
                <t i="1" r="0.430" g="0.610" b="1.000" />
                <t i="1" r="0.450" g="0.490" b="1.000" />
            </r>
            <r >
                <t i="0" r="0.000" g="0.000" b="0.000" />
                <t i="1" r="0.550" g="0.490" b="1.000" />
                <t i="1" r="0.540" g="0.460" b="0.720" />
                <t i="2" r="0.970" g="0.460" b="0.720" />
                <t i="2" r="0.970" g="0.460" b="0.720" />
                <t i="1" r="0.390" g="0.240" b="0.210" />
                <t i="1" r="0.390" g="0.240" b="0.210" />
                <t i="2" r="0.970" g="0.460" b="0.720" />
                <t i="2" r="0.970" g="0.460" b="0.720" />
                <t i="1" r="0.540" g="0.460" b="0.720" />
                <t i="1" r="0.550" g="0.490" b="1.000" />
            </r>
            <r >
                <t i="0" r="0.000" g="0.000" b="0.000" />
                <t i="1" r="0.550" g="0.490" b="1.000" />
                <t i="1" r="0.540" g="0.460" b="0.720" />
                <t i="1" r="0.540" g="0.460" b="0.720" />
                <t i="1" r="0.390" g="0.240" b="0.210" />
                <t i="1" r="1.000" g="1.000" b="1.000" />
                <t i="1" r="1.000" g="1.000" b="1.000" />
                <t i="1" r="0.390" g="0.240" b="0.210" />
                <t i="1" r="0.540" g="0.460" b="0.720" />
                <t i="1" r="0.540" g="0.460" b="0.720" />
                <t i="1" r="0.550" g="0.490" b="1.000" />
            </r>
            <r >
                <t i="0" r="0.000" g="0.000" b="0.000" />
                <t i="1" r="0.550" g="0.490" b="1.000" />
                <t i="1" r="0.550" g="0.490" b="1.000" />
                <t i="1" r="1.000" g="1.000" b="1.000" />
                <t i="1" r="1.000" g="1.000" b="1.000" />
                <t i="1" r="1.000" g="1.000" b="1.000" />
                <t i="1" r="1.000" g="1.000" b="1.000" />
                <t i="1" r="1.000" g="1.000" b="1.000" />
                <t i="1" r="1.000" g="1.000" b="1.000" />
                <t i="1" r="0.550" g="0.490" b="1.000" />
                <t i="1" r="0.550" g="0.490" b="1.000" />
            </r>
            <r >
                <t i="0" r="0.000" g="0.000" b="0.000" />
                <t i="1" r="0.550" g="0.490" b="1.000" />
                <t i="1" r="0.550" g="0.490" b="1.000" />
                <t i="1" r="0.550" g="0.490" b="1.000" />
                <t i="1" r="1.000" g="1.000" b="1.000" />
                <t i="1" r="1.000" g="1.000" b="1.000" />
                <t i="1" r="1.000" g="1.000" b="1.000" />
                <t i="1" r="1.000" g="1.000" b="1.000" />
                <t i="1" r="0.550" g="0.490" b="1.000" />
                <t i="1" r="0.550" g="0.490" b="1.000" />
                <t i="1" r="0.550" g="0.490" b="1.000" />
            </r>
            <r >
                <t i="0" r="0.000" g="0.000" b="0.000" />
                <t i="1" r="0.550" g="0.490" b="1.000" />
                <t i="1" r="0.550" g="0.490" b="1.000" />
                <t i="1" r="0.550" g="0.490" b="1.000" />
                <t i="1" r="1.000" g="1.000" b="1.000" />
                <t i="1" r="1.000" g="1.000" b="1.000" />
                <t i="1" r="1.000" g="1.000" b="1.000" />
                <t i="1" r="1.000" g="1.000" b="1.000" />
                <t i="1" r="0.550" g="0.490" b="1.000" />
                <t i="1" r="0.550" g="0.490" b="1.000" />
                <t i="1" r="0.550" g="0.490" b="1.000" />
            </r>
            <r >
                <t i="0" r="0.000" g="0.000" b="0.000" />
                <t i="0" r="0.000" g="0.000" b="0.000" />
                <t i="1" r="0.550" g="0.490" b="1.000" />
                <t i="1" r="0.550" g="0.490" b="1.000" />
                <t i="0" r="0.000" g="0.000" b="0.000" />
                <t i="1" r="1.000" g="1.000" b="1.000" />
                <t i="1" r="1.000" g="1.000" b="1.000" />
                <t i="0" r="0.000" g="0.000" b="0.000" />
                <t i="1" r="0.550" g="0.490" b="1.000" />
                <t i="1" r="0.550" g="0.490" b="1.000" />
                <t i="0" r="0.000" g="0.000" b="0.000" />
            </r>
        </Tiles>
        <Entities >
            <Entity kind="1" x="120.000" y="251.000" radius="16.000" mass="1.000" r="1.000" g="1.000" b="1.000" />
            <Entity kind="5" x="272.000" y="176.000" radius="20.000" mass="1.250" r="1.000" g="1.000" b="1.000" />
            <Entity kind="6" x="80.000" y="112.000" radius="15.000" mass="0.938" r="1.000" g="1.000" b="1.000" />
            <Entity kind="6" x="208.000" y="304.000" radius="17.000" mass="1.062" r="1.000" g="1.000" b="1.000" />
            <Entity kind="6" x="210.000" y="203.000" radius="16.000" mass="1.000" r="1.000" g="1.000" b="1.000" />
            <Entity kind="5" x="209.000" y="77.000" radius="14.000" mass="0.875" r="1.000" g="1.000" b="1.000" />
            <Entity kind="5" x="300.000" y="275.000" radius="18.000" mass="1.125" r="1.000" g="1.000" b="1.000" />
            <Entity kind="6" x="146.000" y="137.000" radius="23.000" mass="1.438" r="1.000" g="0.680" b="0.630" />
            <Entity kind="4" x="335.000" y="50.000" radius="18.000" mass="0.875" r="0.120" g="0.050" b="0.780" />
            <Entity kind="4" x="48.000" y="51.000" radius="18.000" mass="0.875" r="0.120" g="0.050" b="0.780" />
            <Entity kind="4" x="76.000" y="342.000" radius="18.000" mass="0.875" r="0.120" g="0.050" b="0.780" />
            <Entity kind="4" x="305.000" y="337.000" radius="18.000" mass="0.875" r="0.120" g="0.050" b="0.780" />
        </Entities>
    </Level>
