<?xml version="1.0"?>
    <Level >
        <Tiles width="13" height="13" bgPicIndex="13" music="music">
            <r >
                <t i="0" r="0.000" g="0.000" b="0.000" />
                <t i="0" r="0.000" g="0.000" b="0.000" />
                <t i="0" r="0.000" g="0.000" b="0.000" />
                <t i="0" r="0.000" g="0.000" b="0.000" />
                <t i="0" r="0.000" g="0.000" b="0.000" />
                <t i="0" r="0.000" g="0.000" b="0.000" />
                <t i="0" r="0.000" g="0.000" b="0.000" />
                <t i="0" r="0.000" g="0.000" b="0.000" />
                <t i="0" r="0.000" g="0.000" b="0.000" />
                <t i="0" r="0.000" g="0.000" b="0.000" />
                <t i="0" r="0.000" g="0.000" b="0.000" />
                <t i="0" r="0.000" g="0.000" b="0.000" />
                <t i="0" r="0.000" g="0.000" b="0.000" />
            </r>
            <r >
                <t i="0" r="0.000" g="0.000" b="0.000" />
                <t i="0" r="0.000" g="0.000" b="0.000" />
                <t i="1" r="0.540" g="0.910" b="1.000" />
                <t i="1" r="0.540" g="0.910" b="1.000" />
                <t i="1" r="0.540" g="0.910" b="1.000" />
                <t i="0" r="0.000" g="0.000" b="0.000" />
                <t i="0" r="0.000" g="0.000" b="0.000" />
                <t i="0" r="0.000" g="0.000" b="0.000" />
                <t i="0" r="0.000" g="0.000" b="0.000" />
                <t i="1" r="0.540" g="0.910" b="1.000" />
                <t i="1" r="0.540" g="0.910" b="1.000" />
                <t i="1" r="0.540" g="0.910" b="1.000" />
                <t i="0" r="0.000" g="0.000" b="0.000" />
            </r>
            <r >
                <t i="0" r="0.000" g="0.000" b="0.000" />
                <t i="1" r="0.540" g="0.910" b="1.000" />
                <t i="2" r="0.650" g="0.730" b="0.810" />
                <t i="1" r="0.540" g="1.000" b="0.830" />
                <t i="2" r="0.650" g="0.730" b="0.810" />
                <t i="1" r="0.540" g="0.910" b="1.000" />
                <t i="0" r="0.000" g="0.000" b="0.000" />
                <t i="0" r="0.000" g="0.000" b="0.000" />
                <t i="1" r="0.540" g="0.910" b="1.000" />
                <t i="2" r="0.650" g="0.730" b="0.810" />
                <t i="1" r="0.540" g="1.000" b="0.830" />
                <t i="2" r="0.650" g="0.730" b="0.810" />
                <t i="1" r="0.540" g="0.910" b="1.000" />
            </r>
            <r >
                <t i="0" r="0.000" g="0.000" b="0.000" />
                <t i="1" r="0.540" g="0.910" b="1.000" />
                <t i="1" r="0.540" g="1.000" b="0.830" />
                <t i="2" r="0.650" g="0.730" b="0.810" />
                <t i="1" r="0.540" g="1.000" b="0.830" />
                <t i="1" r="0.540" g="0.910" b="1.000" />
                <t i="0" r="0.000" g="0.000" b="0.000" />
                <t i="0" r="0.000" g="0.000" b="0.000" />
                <t i="1" r="0.540" g="0.910" b="1.000" />
                <t i="1" r="0.540" g="1.000" b="0.830" />
                <t i="2" r="0.650" g="0.730" b="0.810" />
                <t i="1" r="0.540" g="1.000" b="0.830" />
                <t i="1" r="0.540" g="0.910" b="1.000" />
            </r>
            <r >
                <t i="0" r="0.000" g="0.000" b="0.000" />
                <t i="1" r="0.540" g="0.910" b="1.000" />
                <t i="2" r="0.650" g="0.730" b="0.810" />
                <t i="1" r="0.540" g="1.000" b="0.830" />
                <t i="2" r="0.650" g="0.730" b="0.810" />
                <t i="0" r="1.000" g="1.000" b="1.000" />
                <t i="1" r="0.540" g="0.910" b="1.000" />
                <t i="1" r="0.540" g="0.910" b="1.000" />
                <t i="0" r="1.000" g="1.000" b="1.000" />
                <t i="2" r="0.650" g="0.730" b="0.810" />
                <t i="1" r="0.540" g="1.000" b="0.830" />
                <t i="2" r="0.650" g="0.730" b="0.810" />
                <t i="1" r="0.540" g="0.910" b="1.000" />
            </r>
            <r >
                <t i="0" r="0.000" g="0.000" b="0.000" />
                <t i="0" r="1.000" g="1.000" b="1.000" />
                <t i="1" r="0.540" g="0.910" b="1.000" />
                <t i="1" r="0.540" g="0.910" b="1.000" />
                <t i="2" r="0.650" g="0.730" b="0.810" />
                <t i="2" r="0.650" g="0.730" b="0.810" />
                <t i="2" r="0.650" g="0.730" b="0.810" />
                <t i="2" r="0.650" g="0.730" b="0.810" />
                <t i="2" r="0.650" g="0.730" b="0.810" />
                <t i="2" r="0.650" g="0.730" b="0.810" />
                <t i="1" r="0.540" g="0.910" b="1.000" />
                <t i="1" r="0.540" g="0.910" b="1.000" />
                <t i="0" r="1.000" g="1.000" b="1.000" />
            </r>
            <r >
                <t i="0" r="0.000" g="0.000" b="0.000" />
                <t i="0" r="1.000" g="1.000" b="1.000" />
                <t i="0" r="1.000" g="1.000" b="1.000" />
                <t i="0" r="1.000" g="1.000" b="1.000" />
                <t i="2" r="0.650" g="0.730" b="0.810" />
                <t i="2" r="0.650" g="0.730" b="0.810" />
                <t i="1" r="0.540" g="1.000" b="0.830" />
                <t i="1" r="0.540" g="1.000" b="0.830" />
                <t i="2" r="0.650" g="0.730" b="0.810" />
                <t i="2" r="0.650" g="0.730" b="0.810" />
                <t i="0" r="1.000" g="1.000" b="1.000" />
                <t i="0" r="1.000" g="1.000" b="1.000" />
                <t i="0" r="1.000" g="1.000" b="1.000" />
            </r>
            <r >
                <t i="0" r="0.000" g="0.000" b="0.000" />
                <t i="0" r="1.000" g="1.000" b="1.000" />
                <t i="0" r="1.000" g="1.000" b="1.000" />
                <t i="0" r="1.000" g="1.000" b="1.000" />
                <t i="2" r="0.650" g="0.730" b="0.810" />
                <t i="1" r="0.540" g="0.910" b="1.000" />
                <t i="1" r="0.540" g="1.000" b="0.830" />
                <t i="1" r="0.540" g="1.000" b="0.830" />
                <t i="1" r="0.540" g="0.910" b="1.000" />
                <t i="2" r="0.650" g="0.730" b="0.810" />
                <t i="0" r="1.000" g="1.000" b="1.000" />
                <t i="0" r="1.000" g="1.000" b="1.000" />
                <t i="0" r="1.000" g="1.000" b="1.000" />
            </r>
            <r >
                <t i="0" r="0.000" g="0.000" b="0.000" />
                <t i="0" r="1.000" g="1.000" b="1.000" />
                <t i="1" r="0.540" g="0.910" b="1.000" />
                <t i="1" r="0.540" g="0.910" b="1.000" />
                <t i="2" r="0.650" g="0.730" b="0.810" />
                <t i="2" r="0.650" g="0.730" b="0.810" />
                <t i="2" r="0.650" g="0.730" b="0.810" />
                <t i="2" r="0.650" g="0.730" b="0.810" />
                <t i="2" r="0.650" g="0.730" b="0.810" />
                <t i="2" r="0.650" g="0.730" b="0.810" />
                <t i="1" r="0.540" g="0.910" b="1.000" />
                <t i="1" r="0.540" g="0.910" b="1.000" />
                <t i="0" r="1.000" g="1.000" b="1.000" />
            </r>
            <r >
                <t i="0" r="0.000" g="0.000" b="0.000" />
                <t i="1" r="0.540" g="0.910" b="1.000" />
                <t i="2" r="0.650" g="0.730" b="0.810" />
                <t i="1" r="0.540" g="1.000" b="0.830" />
                <t i="2" r="0.650" g="0.730" b="0.810" />
                <t i="2" r="0.650" g="0.730" b="0.810" />
                <t i="1" r="0.540" g="0.910" b="1.000" />
                <t i="1" r="0.540" g="0.910" b="1.000" />
                <t i="2" r="0.650" g="0.730" b="0.810" />
                <t i="2" r="0.650" g="0.730" b="0.810" />
                <t i="1" r="0.540" g="1.000" b="0.830" />
                <t i="2" r="0.650" g="0.730" b="0.810" />
                <t i="1" r="0.540" g="0.910" b="1.000" />
            </r>
            <r >
                <t i="0" r="0.000" g="0.000" b="0.000" />
                <t i="1" r="0.540" g="0.910" b="1.000" />
                <t i="1" r="0.540" g="1.000" b="0.830" />
                <t i="2" r="0.650" g="0.730" b="0.810" />
                <t i="1" r="0.540" g="1.000" b="0.830" />
                <t i="1" r="0.540" g="0.910" b="1.000" />
                <t i="0" r="0.000" g="0.000" b="0.000" />
                <t i="0" r="0.000" g="0.000" b="0.000" />
                <t i="1" r="0.540" g="0.910" b="1.000" />
                <t i="1" r="0.540" g="1.000" b="0.830" />
                <t i="2" r="0.650" g="0.730" b="0.810" />
                <t i="1" r="0.540" g="1.000" b="0.830" />
                <t i="1" r="0.540" g="0.910" b="1.000" />
            </r>
            <r >
                <t i="0" r="0.000" g="0.000" b="0.000" />
                <t i="1" r="0.540" g="0.910" b="1.000" />
                <t i="2" r="0.650" g="0.730" b="0.810" />
                <t i="1" r="0.540" g="1.000" b="0.830" />
                <t i="2" r="0.650" g="0.730" b="0.810" />
                <t i="1" r="0.540" g="0.910" b="1.000" />
                <t i="0" r="0.000" g="0.000" b="0.000" />
                <t i="0" r="0.000" g="0.000" b="0.000" />
                <t i="1" r="0.540" g="0.910" b="1.000" />
                <t i="2" r="0.650" g="0.730" b="0.810" />
                <t i="1" r="0.540" g="1.000" b="0.830" />
                <t i="2" r="0.650" g="0.730" b="0.810" />
                <t i="1" r="0.540" g="0.910" b="1.000" />
            </r>
            <r >
                <t i="0" r="0.000" g="0.000" b="0.000" />
                <t i="0" r="0.000" g="0.000" b="0.000" />
                <t i="1" r="0.540" g="0.910" b="1.000" />
                <t i="1" r="0.540" g="0.910" b="1.000" />
                <t i="1" r="0.540" g="0.910" b="1.000" />
                <t i="0" r="0.000" g="0.000" b="0.000" />
                <t i="0" r="0.000" g="0.000" b="0.000" />
                <t i="0" r="0.000" g="0.000" b="0.000" />
                <t i="0" r="0.000" g="0.000" b="0.000" />
                <t i="1" r="0.540" g="0.910" b="1.000" />
                <t i="1" r="0.540" g="0.910" b="1.000" />
                <t i="1" r="0.540" g="0.910" b="1.000" />
                <t i="0" r="0.000" g="0.000" b="0.000" />
            </r>
        </Tiles>
        <Entities >
            <Entity kind="1" x="222.000" y="224.000" radius="16.000" mass="1.000" r="1.000" g="1.000" b="1.000" />
            <Entity kind="10" x="222.000" y="187.000" radius="17.000" mass="2.750" r="1.000" g="0.470" b="0.440" />
            <Entity kind="10" x="219.000" y="265.000" radius="17.000" mass="2.750" r="1.000" g="0.470" b="0.440" />
            <Entity kind="6" x="86.000" y="87.000" radius="16.000" mass="2.250" r="-0.010" g="0.690" b="1.000" />
            <Entity kind="6" x="343.000" y="93.000" radius="16.000" mass="2.250" r="-0.010" g="0.690" b="1.000" />
            <Entity kind="6" x="343.000" y="357.000" radius="16.000" mass="2.250" r="-0.010" g="0.690" b="1.000" />
            <Entity kind="6" x="106.000" y="358.000" radius="16.000" mass="2.250" r="-0.010" g="0.690" b="1.000" />
            <Entity kind="4" x="133.000" y="53.000" radius="15.000" mass="0.850" r="1.000" g="0.120" b="0.440" />
            <Entity kind="4" x="88.000" y="46.000" radius="15.000" mass="0.850" r="1.000" g="0.120" b="0.440" />
            <Entity kind="4" x="43.000" y="116.000" radius="15.000" mass="0.850" r="1.000" g="0.120" b="0.440" />
            <Entity kind="4" x="101.000" y="180.000" radius="15.000" mass="0.850" r="1.000" g="0.120" b="0.440" />
            <Entity kind="4" x="108.000" y="268.000" radius="15.000" mass="0.850" r="1.000" g="0.120" b="0.440" />
            <Entity kind="4" x="70.000" y="269.000" radius="15.000" mass="0.850" r="1.000" g="0.120" b="0.440" />
            <Entity kind="4" x="36.000" y="337.000" radius="15.000" mass="0.850" r="1.000" g="0.120" b="0.440" />
            <Entity kind="4" x="178.000" y="353.000" radius="15.000" mass="0.850" r="1.000" g="0.120" b="0.440" />
            <Entity kind="4" x="258.000" y="351.000" radius="15.000" mass="0.850" r="1.000" g="0.120" b="0.440" />
            <Entity kind="4" x="333.000" y="265.000" radius="15.000" mass="0.850" r="1.000" g="0.120" b="0.440" />
            <Entity kind="4" x="403.000" y="354.000" radius="15.000" mass="0.850" r="1.000" g="0.120" b="0.440" />
            <Entity kind="4" x="403.000" y="314.000" radius="15.000" mass="0.850" r="1.000" g="0.120" b="0.440" />
            <Entity kind="4" x="346.000" y="183.000" radius="15.000" mass="0.850" r="1.000" g="0.120" b="0.440" />
            <Entity kind="4" x="406.000" y="114.000" radius="15.000" mass="0.850" r="1.000" g="0.120" b="0.440" />
            <Entity kind="4" x="361.000" y="38.000" radius="15.000" mass="0.850" r="1.000" g="0.120" b="0.440" />
            <Entity kind="4" x="312.000" y="42.000" radius="15.000" mass="0.850" r="1.000" g="0.120" b="0.440" />
            <Entity kind="4" x="113.000" y="409.000" radius="15.000" mass="0.850" r="1.000" g="0.120" b="0.440" />
            <Entity kind="4" x="318.000" y="408.000" radius="15.000" mass="0.850" r="1.000" g="0.120" b="0.440" />
            <Entity kind="4" x="358.000" y="413.000" radius="15.000" mass="0.850" r="1.000" g="0.120" b="0.440" />
            <Entity kind="4" x="278.000" y="82.000" radius="15.000" mass="0.850" r="-0.010" g="1.010" b="0.440" />
            <Entity kind="4" x="381.000" y="151.000" radius="15.000" mass="0.850" r="-0.010" g="1.010" b="0.440" />
            <Entity kind="4" x="387.000" y="71.000" radius="15.000" mass="0.850" r="-0.010" g="1.010" b="0.440" />
            <Entity kind="4" x="369.000" y="286.000" radius="15.000" mass="0.850" r="-0.010" g="1.010" b="0.440" />
            <Entity kind="4" x="295.000" y="377.000" radius="15.000" mass="0.850" r="-0.010" g="1.010" b="0.440" />
            <Entity kind="4" x="151.000" y="383.000" radius="15.000" mass="0.850" r="-0.010" g="1.010" b="0.440" />
            <Entity kind="4" x="63.000" y="376.000" radius="15.000" mass="0.850" r="-0.010" g="1.010" b="0.440" />
            <Entity kind="4" x="51.000" y="300.000" radius="15.000" mass="0.850" r="-0.010" g="1.010" b="0.440" />
            <Entity kind="4" x="68.000" y="156.000" radius="15.000" mass="0.850" r="-0.010" g="1.010" b="0.440" />
            <Entity kind="4" x="51.000" y="73.000" radius="15.000" mass="0.850" r="-0.010" g="1.010" b="0.440" />
            <Entity kind="4" x="169.000" y="83.000" radius="15.000" mass="0.850" r="-0.010" g="1.010" b="0.440" />
            <Entity kind="4" x="299.000" y="151.000" radius="15.000" mass="0.850" r="-0.010" g="1.010" b="0.440" />
            <Entity kind="4" x="149.000" y="165.000" radius="15.000" mass="0.850" r="-0.010" g="1.010" b="0.440" />
            <Entity kind="4" x="153.000" y="301.000" radius="15.000" mass="0.850" r="-0.010" g="1.010" b="0.440" />
            <Entity kind="4" x="281.000" y="292.000" radius="15.000" mass="0.850" r="-0.010" g="1.010" b="0.440" />
        </Entities>
    </Level>
