<?xml version="1.0"?>
    <Level >
        <Tiles width="13" height="13" bgPicIndex="15" music="bumpyrobots_track2" gameType="0" >
            <r >
                <t i="0" r="0.000" g="0.000" b="0.000" />
                <t i="0" r="0.000" g="0.000" b="0.000" />
                <t i="0" r="0.000" g="0.000" b="0.000" />
                <t i="0" r="0.000" g="0.000" b="0.000" />
                <t i="0" r="0.000" g="0.000" b="0.000" />
                <t i="0" r="0.000" g="0.000" b="0.000" />
                <t i="0" r="0.000" g="0.000" b="0.000" />
                <t i="0" r="0.000" g="0.000" b="0.000" />
                <t i="0" r="0.000" g="0.000" b="0.000" />
                <t i="0" r="0.000" g="0.000" b="0.000" />
                <t i="0" r="0.000" g="0.000" b="0.000" />
                <t i="0" r="0.000" g="0.000" b="0.000" />
                <t i="0" r="0.000" g="0.000" b="0.000" />
            </r>
            <r >
                <t i="0" r="0.000" g="0.000" b="0.000" />
                <t i="2" r="0.680" g="1.000" b="0.850" />
                <t i="2" r="0.680" g="1.000" b="0.850" />
                <t i="1" r="0.740" g="0.560" b="0.880" />
                <t i="1" r="0.740" g="0.560" b="0.880" />
                <t i="0" r="0.000" g="0.000" b="0.000" />
                <t i="1" r="0.510" g="0.510" b="0.770" />
                <t i="1" r="0.510" g="0.510" b="0.770" />
                <t i="0" r="0.000" g="0.000" b="0.000" />
                <t i="1" r="0.740" g="0.560" b="0.880" />
                <t i="1" r="0.740" g="0.560" b="0.880" />
                <t i="2" r="0.680" g="1.000" b="0.850" />
                <t i="2" r="0.680" g="1.000" b="0.850" />
            </r>
            <r >
                <t i="0" r="0.000" g="0.000" b="0.000" />
                <t i="2" r="0.680" g="1.000" b="0.850" />
                <t i="1" r="0.740" g="0.560" b="0.880" />
                <t i="1" r="0.740" g="0.560" b="0.880" />
                <t i="1" r="0.740" g="0.560" b="0.880" />
                <t i="0" r="0.000" g="0.000" b="0.000" />
                <t i="1" r="0.510" g="0.510" b="0.770" />
                <t i="1" r="0.510" g="0.510" b="0.770" />
                <t i="0" r="0.000" g="0.000" b="0.000" />
                <t i="1" r="0.740" g="0.560" b="0.880" />
                <t i="1" r="0.740" g="0.560" b="0.880" />
                <t i="1" r="0.740" g="0.560" b="0.880" />
                <t i="2" r="0.680" g="1.000" b="0.850" />
            </r>
            <r >
                <t i="0" r="0.000" g="0.000" b="0.000" />
                <t i="0" r="1.000" g="1.000" b="1.000" />
                <t i="1" r="0.740" g="0.560" b="0.880" />
                <t i="1" r="0.740" g="0.560" b="0.880" />
                <t i="1" r="0.740" g="0.560" b="0.880" />
                <t i="1" r="0.510" g="0.510" b="0.770" />
                <t i="1" r="0.510" g="0.510" b="0.770" />
                <t i="1" r="0.510" g="0.510" b="0.770" />
                <t i="1" r="0.510" g="0.510" b="0.770" />
                <t i="1" r="0.740" g="0.560" b="0.880" />
                <t i="1" r="0.740" g="0.560" b="0.880" />
                <t i="1" r="0.740" g="0.560" b="0.880" />
                <t i="0" r="1.000" g="1.000" b="1.000" />
            </r>
            <r >
                <t i="0" r="0.000" g="0.000" b="0.000" />
                <t i="1" r="0.510" g="0.510" b="0.770" />
                <t i="2" r="0.500" g="0.980" b="0.830" />
                <t i="1" r="0.500" g="0.980" b="0.830" />
                <t i="1" r="0.500" g="0.980" b="0.830" />
                <t i="1" r="0.500" g="0.980" b="0.830" />
                <t i="1" r="0.500" g="0.980" b="0.830" />
                <t i="1" r="0.500" g="0.980" b="0.830" />
                <t i="1" r="0.500" g="0.980" b="0.830" />
                <t i="1" r="0.500" g="0.980" b="0.830" />
                <t i="1" r="0.500" g="0.980" b="0.830" />
                <t i="2" r="0.500" g="0.980" b="0.830" />
                <t i="1" r="0.510" g="0.510" b="0.770" />
            </r>
            <r >
                <t i="0" r="0.000" g="0.000" b="0.000" />
                <t i="0" r="1.000" g="1.000" b="1.000" />
                <t i="1" r="0.500" g="0.980" b="0.830" />
                <t i="2" r="0.540" g="0.560" b="0.540" />
                <t i="0" r="0.000" g="0.000" b="0.000" />
                <t i="1" r="0.540" g="0.560" b="0.540" />
                <t i="1" r="0.570" g="0.950" b="0.970" />
                <t i="1" r="0.570" g="0.950" b="0.970" />
                <t i="1" r="0.540" g="0.560" b="0.540" />
                <t i="0" r="0.000" g="0.000" b="0.000" />
                <t i="2" r="0.540" g="0.560" b="0.540" />
                <t i="1" r="0.500" g="0.980" b="0.830" />
                <t i="0" r="1.000" g="1.000" b="1.000" />
            </r>
            <r >
                <t i="0" r="0.000" g="0.000" b="0.000" />
                <t i="1" r="0.510" g="0.510" b="0.770" />
                <t i="1" r="0.500" g="0.980" b="0.830" />
                <t i="0" r="0.000" g="0.000" b="0.000" />
                <t i="1" r="0.540" g="0.560" b="0.540" />
                <t i="1" r="0.540" g="0.560" b="0.540" />
                <t i="1" r="0.570" g="0.950" b="0.970" />
                <t i="1" r="0.570" g="0.950" b="0.970" />
                <t i="1" r="0.540" g="0.560" b="0.540" />
                <t i="1" r="0.540" g="0.560" b="0.540" />
                <t i="0" r="0.000" g="0.000" b="0.000" />
                <t i="1" r="0.500" g="0.980" b="0.830" />
                <t i="1" r="0.510" g="0.510" b="0.770" />
            </r>
            <r >
                <t i="0" r="0.000" g="0.000" b="0.000" />
                <t i="1" r="0.510" g="0.510" b="0.770" />
                <t i="1" r="0.500" g="0.980" b="0.830" />
                <t i="0" r="1.000" g="1.000" b="1.000" />
                <t i="1" r="0.670" g="0.870" b="0.940" />
                <t i="1" r="0.570" g="0.950" b="0.970" />
                <t i="1" r="0.570" g="0.950" b="0.970" />
                <t i="1" r="0.570" g="0.950" b="0.970" />
                <t i="1" r="0.570" g="0.950" b="0.970" />
                <t i="1" r="0.670" g="0.870" b="0.940" />
                <t i="0" r="1.000" g="1.000" b="1.000" />
                <t i="1" r="0.500" g="0.980" b="0.830" />
                <t i="1" r="0.510" g="0.510" b="0.770" />
            </r>
            <r >
                <t i="0" r="0.000" g="0.000" b="0.000" />
                <t i="1" r="0.510" g="0.510" b="0.770" />
                <t i="1" r="0.500" g="0.980" b="0.830" />
                <t i="0" r="0.000" g="0.000" b="0.000" />
                <t i="1" r="0.540" g="0.560" b="0.540" />
                <t i="1" r="0.540" g="0.560" b="0.540" />
                <t i="1" r="0.570" g="0.950" b="0.970" />
                <t i="1" r="0.570" g="0.950" b="0.970" />
                <t i="1" r="0.540" g="0.560" b="0.540" />
                <t i="1" r="0.590" g="0.640" b="0.580" />
                <t i="0" r="0.000" g="0.000" b="0.000" />
                <t i="1" r="0.500" g="0.980" b="0.830" />
                <t i="1" r="0.510" g="0.510" b="0.770" />
            </r>
            <r >
                <t i="0" r="0.000" g="0.000" b="0.000" />
                <t i="1" r="0.510" g="0.510" b="0.770" />
                <t i="1" r="0.500" g="0.980" b="0.830" />
                <t i="2" r="0.540" g="0.560" b="0.540" />
                <t i="0" r="0.000" g="0.000" b="0.000" />
                <t i="1" r="0.540" g="0.560" b="0.540" />
                <t i="1" r="0.570" g="0.950" b="0.970" />
                <t i="1" r="0.570" g="0.950" b="0.970" />
                <t i="1" r="0.540" g="0.560" b="0.540" />
                <t i="0" r="0.000" g="0.000" b="0.000" />
                <t i="2" r="0.540" g="0.560" b="0.540" />
                <t i="1" r="0.500" g="0.980" b="0.830" />
                <t i="1" r="0.510" g="0.510" b="0.770" />
            </r>
            <r >
                <t i="0" r="0.000" g="0.000" b="0.000" />
                <t i="0" r="1.000" g="1.000" b="1.000" />
                <t i="2" r="0.500" g="0.980" b="0.830" />
                <t i="1" r="0.500" g="0.980" b="0.830" />
                <t i="1" r="0.500" g="0.980" b="0.830" />
                <t i="1" r="0.500" g="0.980" b="0.830" />
                <t i="1" r="0.500" g="0.980" b="0.830" />
                <t i="1" r="0.500" g="0.980" b="0.830" />
                <t i="1" r="0.500" g="0.980" b="0.830" />
                <t i="1" r="0.500" g="0.980" b="0.830" />
                <t i="1" r="0.500" g="0.980" b="0.830" />
                <t i="2" r="0.500" g="0.980" b="0.830" />
                <t i="0" r="1.000" g="1.000" b="1.000" />
            </r>
            <r >
                <t i="0" r="0.000" g="0.000" b="0.000" />
                <t i="2" r="0.680" g="1.000" b="0.850" />
                <t i="1" r="0.740" g="0.560" b="0.880" />
                <t i="1" r="0.740" g="0.560" b="0.880" />
                <t i="1" r="0.740" g="0.560" b="0.880" />
                <t i="0" r="1.000" g="1.000" b="1.000" />
                <t i="1" r="0.510" g="0.510" b="0.770" />
                <t i="1" r="0.510" g="0.510" b="0.770" />
                <t i="0" r="1.000" g="1.000" b="1.000" />
                <t i="1" r="0.740" g="0.560" b="0.880" />
                <t i="1" r="0.740" g="0.560" b="0.880" />
                <t i="1" r="0.740" g="0.560" b="0.880" />
                <t i="2" r="0.680" g="1.000" b="0.850" />
            </r>
            <r >
                <t i="0" r="0.000" g="0.000" b="0.000" />
                <t i="2" r="0.680" g="1.000" b="0.850" />
                <t i="2" r="0.680" g="1.000" b="0.850" />
                <t i="1" r="0.740" g="0.560" b="0.880" />
                <t i="1" r="0.740" g="0.560" b="0.880" />
                <t i="0" r="0.000" g="0.000" b="0.000" />
                <t i="1" r="0.510" g="0.510" b="0.770" />
                <t i="1" r="0.510" g="0.510" b="0.770" />
                <t i="0" r="0.000" g="0.000" b="0.000" />
                <t i="1" r="0.740" g="0.560" b="0.880" />
                <t i="1" r="0.740" g="0.560" b="0.880" />
                <t i="2" r="0.680" g="1.000" b="0.850" />
                <t i="2" r="0.680" g="1.000" b="0.850" />
            </r>
        </Tiles>
        <Entities >
            <Entity kind="1" x="223.000" y="255.000" radius="16.000" mass="1.000" r="1.000" g="1.000" b="1.000" />
            <Entity kind="6" x="381.000" y="255.000" radius="15.000" mass="0.938" r="1.000" g="1.000" b="1.000" />
            <Entity kind="6" x="60.000" y="255.000" radius="15.000" mass="0.938" r="1.000" g="1.000" b="1.000" />
            <Entity kind="4" x="256.000" y="323.000" radius="18.000" mass="1.100" r="-0.010" g="1.000" b="0.630" />
            <Entity kind="4" x="188.000" y="323.000" radius="18.000" mass="1.100" r="-0.010" g="1.000" b="0.630" />
            <Entity kind="10" x="312.000" y="73.000" radius="17.500" mass="1.350" r="0.720" g="1.000" b="1.000" />
            <Entity kind="10" x="128.000" y="74.000" radius="17.500" mass="1.350" r="0.720" g="1.000" b="1.000" />
            <Entity kind="5" x="351.000" y="390.000" radius="23.000" mass="1.288" r="0.490" g="1.000" b="0.470" />
            <Entity kind="5" x="100.000" y="387.000" radius="23.000" mass="1.288" r="0.490" g="1.000" b="0.470" />
            <Entity kind="4" x="366.000" y="64.000" radius="18.000" mass="1.100" r="-0.010" g="1.000" b="0.630" />
            <Entity kind="4" x="78.000" y="66.000" radius="18.000" mass="1.100" r="-0.010" g="1.000" b="0.630" />
            <Entity kind="4" x="221.000" y="362.000" radius="18.000" mass="1.100" r="-0.010" g="1.000" b="0.630" />
        </Entities>
    </Level>
