<?xml version="1.0"?>
    <Level >
        <Tiles width="13" height="13" bgPicIndex="13" music="music" gameType="0" >
            <r >
                <t i="0" r="0.000" g="0.000" b="0.000" />
                <t i="0" r="0.000" g="0.000" b="0.000" />
                <t i="0" r="0.000" g="0.000" b="0.000" />
                <t i="0" r="0.000" g="0.000" b="0.000" />
                <t i="0" r="0.000" g="0.000" b="0.000" />
                <t i="0" r="0.000" g="0.000" b="0.000" />
                <t i="0" r="0.000" g="0.000" b="0.000" />
                <t i="0" r="0.000" g="0.000" b="0.000" />
                <t i="0" r="0.000" g="0.000" b="0.000" />
                <t i="0" r="0.000" g="0.000" b="0.000" />
                <t i="0" r="0.000" g="0.000" b="0.000" />
                <t i="0" r="0.000" g="0.000" b="0.000" />
                <t i="0" r="0.000" g="0.000" b="0.000" />
            </r>
            <r >
                <t i="0" r="0.000" g="0.000" b="0.000" />
                <t i="0" r="0.000" g="0.000" b="0.000" />
                <t i="1" r="1.000" g="0.610" b="1.000" />
                <t i="1" r="1.000" g="0.610" b="1.000" />
                <t i="1" r="1.000" g="0.610" b="1.000" />
                <t i="2" r="1.000" g="0.610" b="1.000" />
                <t i="1" r="1.000" g="0.610" b="1.000" />
                <t i="1" r="1.000" g="0.610" b="1.000" />
                <t i="1" r="1.000" g="0.610" b="1.000" />
                <t i="2" r="1.000" g="0.610" b="1.000" />
                <t i="1" r="1.000" g="0.610" b="1.000" />
                <t i="1" r="1.000" g="0.610" b="1.000" />
                <t i="0" r="0.000" g="0.000" b="0.000" />
            </r>
            <r >
                <t i="0" r="0.000" g="0.000" b="0.000" />
                <t i="2" r="1.000" g="0.610" b="1.000" />
                <t i="1" r="1.000" g="0.610" b="1.000" />
                <t i="1" r="1.000" g="0.610" b="1.000" />
                <t i="1" r="1.000" g="0.610" b="1.000" />
                <t i="2" r="1.000" g="0.610" b="1.000" />
                <t i="1" r="1.000" g="0.610" b="1.000" />
                <t i="1" r="1.000" g="0.610" b="1.000" />
                <t i="1" r="1.000" g="0.610" b="1.000" />
                <t i="1" r="1.000" g="0.610" b="1.000" />
                <t i="1" r="1.000" g="0.610" b="1.000" />
                <t i="1" r="1.000" g="0.610" b="1.000" />
                <t i="1" r="1.000" g="0.610" b="1.000" />
            </r>
            <r >
                <t i="0" r="0.000" g="0.000" b="0.000" />
                <t i="1" r="1.000" g="0.610" b="1.000" />
                <t i="1" r="1.000" g="0.610" b="1.000" />
                <t i="1" r="1.000" g="1.000" b="1.000" />
                <t i="1" r="1.000" g="1.000" b="1.000" />
                <t i="1" r="1.000" g="1.000" b="1.000" />
                <t i="1" r="1.000" g="1.000" b="1.000" />
                <t i="1" r="1.000" g="1.000" b="1.000" />
                <t i="1" r="1.000" g="1.000" b="1.000" />
                <t i="1" r="1.000" g="1.000" b="1.000" />
                <t i="1" r="1.000" g="1.000" b="1.000" />
                <t i="1" r="1.000" g="0.610" b="1.000" />
                <t i="2" r="1.000" g="0.610" b="1.000" />
            </r>
            <r >
                <t i="0" r="0.000" g="0.000" b="0.000" />
                <t i="1" r="1.000" g="0.610" b="1.000" />
                <t i="1" r="1.000" g="0.610" b="1.000" />
                <t i="1" r="1.000" g="1.000" b="1.000" />
                <t i="1" r="1.000" g="1.000" b="1.000" />
                <t i="1" r="1.000" g="1.000" b="1.000" />
                <t i="1" r="1.000" g="1.000" b="1.000" />
                <t i="1" r="1.000" g="1.000" b="1.000" />
                <t i="1" r="1.000" g="1.000" b="1.000" />
                <t i="1" r="1.000" g="1.000" b="1.000" />
                <t i="1" r="1.000" g="1.000" b="1.000" />
                <t i="1" r="1.000" g="0.610" b="1.000" />
                <t i="1" r="1.000" g="0.610" b="1.000" />
            </r>
            <r >
                <t i="0" r="0.000" g="0.000" b="0.000" />
                <t i="2" r="1.000" g="0.610" b="1.000" />
                <t i="1" r="1.000" g="0.610" b="1.000" />
                <t i="1" r="1.000" g="1.000" b="1.000" />
                <t i="1" r="1.000" g="1.000" b="1.000" />
                <t i="1" r="0.770" g="0.780" b="0.800" />
                <t i="1" r="1.000" g="0.460" b="0.320" />
                <t i="1" r="1.000" g="0.460" b="0.320" />
                <t i="1" r="0.770" g="0.780" b="0.800" />
                <t i="1" r="1.000" g="1.000" b="1.000" />
                <t i="1" r="1.000" g="1.000" b="1.000" />
                <t i="1" r="1.000" g="0.610" b="1.000" />
                <t i="1" r="1.000" g="0.610" b="1.000" />
            </r>
            <r >
                <t i="0" r="0.000" g="0.000" b="0.000" />
                <t i="2" r="1.000" g="0.610" b="1.000" />
                <t i="1" r="1.000" g="0.610" b="1.000" />
                <t i="1" r="1.000" g="1.000" b="1.000" />
                <t i="1" r="1.000" g="1.000" b="1.000" />
                <t i="1" r="0.530" g="0.630" b="0.550" />
                <t i="1" r="0.770" g="0.780" b="1.000" />
                <t i="2" r="0.770" g="0.780" b="1.000" />
                <t i="1" r="0.530" g="0.630" b="0.550" />
                <t i="1" r="1.000" g="1.000" b="1.000" />
                <t i="1" r="1.000" g="1.000" b="1.000" />
                <t i="1" r="1.000" g="0.610" b="1.000" />
                <t i="1" r="1.000" g="0.610" b="1.000" />
            </r>
            <r >
                <t i="0" r="0.000" g="0.000" b="0.000" />
                <t i="1" r="1.000" g="0.610" b="1.000" />
                <t i="1" r="1.000" g="0.610" b="1.000" />
                <t i="1" r="1.000" g="1.000" b="1.000" />
                <t i="1" r="1.000" g="1.000" b="1.000" />
                <t i="1" r="0.520" g="0.710" b="0.720" />
                <t i="2" r="0.770" g="0.780" b="1.000" />
                <t i="1" r="0.770" g="0.780" b="1.000" />
                <t i="1" r="0.520" g="0.710" b="0.720" />
                <t i="1" r="1.000" g="1.000" b="1.000" />
                <t i="1" r="1.000" g="1.000" b="1.000" />
                <t i="1" r="1.000" g="0.610" b="1.000" />
                <t i="2" r="1.000" g="0.610" b="1.000" />
            </r>
            <r >
                <t i="0" r="0.000" g="0.000" b="0.000" />
                <t i="1" r="1.000" g="0.610" b="1.000" />
                <t i="1" r="1.000" g="0.610" b="1.000" />
                <t i="1" r="1.000" g="1.000" b="1.000" />
                <t i="1" r="1.000" g="1.000" b="1.000" />
                <t i="1" r="0.770" g="0.780" b="0.800" />
                <t i="1" r="1.000" g="0.460" b="0.320" />
                <t i="1" r="1.000" g="0.460" b="0.320" />
                <t i="1" r="0.770" g="0.780" b="0.800" />
                <t i="1" r="1.000" g="1.000" b="1.000" />
                <t i="1" r="1.000" g="1.000" b="1.000" />
                <t i="1" r="1.000" g="0.610" b="1.000" />
                <t i="1" r="1.000" g="0.610" b="1.000" />
            </r>
            <r >
                <t i="0" r="0.000" g="0.000" b="0.000" />
                <t i="1" r="1.000" g="0.610" b="1.000" />
                <t i="1" r="1.000" g="0.610" b="1.000" />
                <t i="1" r="1.000" g="1.000" b="1.000" />
                <t i="1" r="1.000" g="1.000" b="1.000" />
                <t i="1" r="1.000" g="1.000" b="1.000" />
                <t i="1" r="1.000" g="1.000" b="1.000" />
                <t i="1" r="1.000" g="1.000" b="1.000" />
                <t i="1" r="1.000" g="1.000" b="1.000" />
                <t i="1" r="1.000" g="1.000" b="1.000" />
                <t i="1" r="1.000" g="1.000" b="1.000" />
                <t i="1" r="1.000" g="0.610" b="1.000" />
                <t i="1" r="1.000" g="0.610" b="1.000" />
            </r>
            <r >
                <t i="0" r="0.000" g="0.000" b="0.000" />
                <t i="1" r="1.000" g="0.610" b="1.000" />
                <t i="1" r="1.000" g="0.610" b="1.000" />
                <t i="1" r="1.000" g="1.000" b="1.000" />
                <t i="1" r="1.000" g="1.000" b="1.000" />
                <t i="1" r="1.000" g="1.000" b="1.000" />
                <t i="1" r="1.000" g="1.000" b="1.000" />
                <t i="1" r="1.000" g="1.000" b="1.000" />
                <t i="1" r="1.000" g="1.000" b="1.000" />
                <t i="1" r="1.000" g="1.000" b="1.000" />
                <t i="1" r="1.000" g="1.000" b="1.000" />
                <t i="1" r="1.000" g="0.610" b="1.000" />
                <t i="1" r="1.000" g="0.610" b="1.000" />
            </r>
            <r >
                <t i="0" r="0.000" g="0.000" b="0.000" />
                <t i="1" r="1.000" g="0.610" b="1.000" />
                <t i="1" r="1.000" g="0.610" b="1.000" />
                <t i="1" r="1.000" g="0.610" b="1.000" />
                <t i="1" r="1.000" g="0.610" b="1.000" />
                <t i="1" r="1.000" g="0.610" b="1.000" />
                <t i="1" r="1.000" g="0.610" b="1.000" />
                <t i="1" r="1.000" g="0.610" b="1.000" />
                <t i="1" r="1.000" g="0.610" b="1.000" />
                <t i="1" r="1.000" g="0.610" b="1.000" />
                <t i="1" r="1.000" g="0.610" b="1.000" />
                <t i="2" r="1.000" g="0.610" b="1.000" />
                <t i="2" r="1.000" g="0.610" b="1.000" />
            </r>
            <r >
                <t i="0" r="0.000" g="0.000" b="0.000" />
                <t i="0" r="0.000" g="0.000" b="0.000" />
                <t i="1" r="1.000" g="0.610" b="1.000" />
                <t i="2" r="1.000" g="0.610" b="1.000" />
                <t i="2" r="1.000" g="0.610" b="1.000" />
                <t i="1" r="1.000" g="0.610" b="1.000" />
                <t i="1" r="1.000" g="0.610" b="1.000" />
                <t i="1" r="1.000" g="0.610" b="1.000" />
                <t i="1" r="1.000" g="0.610" b="1.000" />
                <t i="1" r="1.000" g="0.610" b="1.000" />
                <t i="1" r="1.000" g="0.610" b="1.000" />
                <t i="2" r="1.000" g="0.610" b="1.000" />
                <t i="0" r="0.000" g="0.000" b="0.000" />
            </r>
        </Tiles>
        <Entities >
            <Entity kind="1" x="225.000" y="214.000" radius="16.000" mass="1.000" r="1.000" g="1.000" b="1.000" />
            <Entity kind="5" x="263.000" y="156.000" radius="16.000" mass="0.950" r="1.000" g="1.000" b="1.000" />
            <Entity kind="5" x="188.000" y="157.000" radius="16.000" mass="0.950" r="1.000" g="1.000" b="1.000" />
            <Entity kind="10" x="190.000" y="316.000" radius="16.000" mass="0.950" r="1.000" g="1.000" b="1.000" />
            <Entity kind="10" x="256.000" y="316.000" radius="16.000" mass="0.950" r="1.000" g="1.000" b="1.000" />
            <Entity kind="4" x="83.000" y="248.000" radius="16.000" mass="1.000" r="1.000" g="0.530" b="0.050" />
            <Entity kind="4" x="82.000" y="178.000" radius="16.000" mass="1.000" r="1.000" g="0.530" b="0.050" />
            <Entity kind="4" x="363.000" y="172.000" radius="16.000" mass="1.000" r="1.000" g="0.530" b="0.050" />
            <Entity kind="4" x="363.000" y="237.000" radius="16.000" mass="1.000" r="1.000" g="0.530" b="0.050" />
            <Entity kind="4" x="69.000" y="348.000" radius="21.500" mass="8.250" r="-0.010" g="0.810" b="0.530" />
            <Entity kind="4" x="219.000" y="385.000" radius="21.500" mass="8.250" r="-0.010" g="0.810" b="0.530" />
            <Entity kind="4" x="356.000" y="351.000" radius="21.500" mass="8.250" r="-0.010" g="0.810" b="0.530" />
            <Entity kind="4" x="363.000" y="78.000" radius="21.500" mass="8.250" r="-0.010" g="0.810" b="0.530" />
            <Entity kind="4" x="82.000" y="82.000" radius="21.500" mass="8.250" r="-0.010" g="0.810" b="0.530" />
            <Entity kind="4" x="227.000" y="47.000" radius="21.500" mass="8.250" r="-0.010" g="0.810" b="0.530" />
            <Entity kind="4" x="118.000" y="214.000" radius="21.500" mass="8.250" r="-0.010" g="0.810" b="0.530" />
            <Entity kind="4" x="320.000" y="213.000" radius="21.500" mass="8.250" r="-0.010" g="0.810" b="0.530" />
            <Entity kind="4" x="326.000" y="119.000" radius="21.500" mass="8.250" r="-0.010" g="0.810" b="0.530" />
            <Entity kind="4" x="115.000" y="120.000" radius="21.500" mass="8.250" r="-0.010" g="0.810" b="0.530" />
            <Entity kind="4" x="320.000" y="317.000" radius="21.500" mass="8.250" r="-0.010" g="0.810" b="0.530" />
            <Entity kind="4" x="110.000" y="315.000" radius="21.500" mass="8.250" r="-0.010" g="0.810" b="0.530" />
            <Entity kind="4" x="289.000" y="69.000" radius="16.000" mass="1.000" r="1.000" g="0.530" b="0.050" />
            <Entity kind="4" x="154.000" y="68.000" radius="16.000" mass="1.000" r="1.000" g="0.530" b="0.050" />
            <Entity kind="4" x="291.000" y="384.000" radius="16.000" mass="1.000" r="1.000" g="0.530" b="0.050" />
            <Entity kind="4" x="139.000" y="386.000" radius="16.000" mass="1.000" r="1.000" g="0.530" b="0.050" />
        </Entities>
    </Level>
