<?xml version="1.0"?>
    <Level >
        <Tiles width="18" height="11" bgPicIndex="14" music="bumpyrobots_track2" gameType="0" >
            <r >
                <t i="0" r="0.000" g="0.000" b="0.000" />
                <t i="0" r="0.000" g="0.000" b="0.000" />
                <t i="0" r="0.000" g="0.000" b="0.000" />
                <t i="0" r="0.000" g="0.000" b="0.000" />
                <t i="0" r="0.000" g="0.000" b="0.000" />
                <t i="0" r="0.000" g="0.000" b="0.000" />
                <t i="0" r="0.000" g="0.000" b="0.000" />
                <t i="0" r="0.000" g="0.000" b="0.000" />
                <t i="0" r="0.000" g="0.000" b="0.000" />
                <t i="0" r="0.000" g="0.000" b="0.000" />
                <t i="0" r="0.000" g="0.000" b="0.000" />
                <t i="0" r="0.000" g="0.000" b="0.000" />
                <t i="0" r="0.000" g="0.000" b="0.000" />
                <t i="0" r="0.000" g="0.000" b="0.000" />
                <t i="0" r="0.000" g="0.000" b="0.000" />
                <t i="0" r="0.000" g="0.000" b="0.000" />
                <t i="0" r="0.000" g="0.000" b="0.000" />
                <t i="0" r="0.000" g="0.000" b="0.000" />
            </r>
            <r >
                <t i="0" r="0.000" g="0.000" b="0.000" />
                <t i="2" r="0.970" g="0.600" b="0.560" />
                <t i="1" r="0.970" g="0.600" b="0.560" />
                <t i="1" r="0.970" g="0.600" b="0.560" />
                <t i="1" r="0.970" g="0.600" b="0.560" />
                <t i="1" r="0.970" g="0.600" b="0.560" />
                <t i="1" r="0.970" g="0.600" b="0.560" />
                <t i="1" r="0.970" g="0.600" b="0.560" />
                <t i="0" r="0.000" g="0.000" b="0.000" />
                <t i="1" r="0.970" g="0.600" b="0.560" />
                <t i="1" r="0.970" g="0.600" b="0.560" />
                <t i="0" r="0.000" g="0.000" b="0.000" />
                <t i="1" r="0.970" g="0.600" b="0.560" />
                <t i="1" r="0.970" g="0.600" b="0.560" />
                <t i="1" r="0.970" g="0.600" b="0.560" />
                <t i="1" r="0.970" g="0.600" b="0.560" />
                <t i="1" r="0.970" g="0.600" b="0.560" />
                <t i="1" r="0.970" g="0.600" b="0.560" />
            </r>
            <r >
                <t i="0" r="0.000" g="0.000" b="0.000" />
                <t i="1" r="0.970" g="0.600" b="0.560" />
                <t i="2" r="0.650" g="0.790" b="0.500" />
                <t i="1" r="0.650" g="0.790" b="0.500" />
                <t i="1" r="0.650" g="0.790" b="0.500" />
                <t i="2" r="0.650" g="0.790" b="0.500" />
                <t i="1" r="0.970" g="0.600" b="0.560" />
                <t i="2" r="0.970" g="0.600" b="0.560" />
                <t i="0" r="0.000" g="0.000" b="0.000" />
                <t i="0" r="0.000" g="0.000" b="0.000" />
                <t i="0" r="0.000" g="0.000" b="0.000" />
                <t i="0" r="0.000" g="0.000" b="0.000" />
                <t i="1" r="0.970" g="0.600" b="0.560" />
                <t i="1" r="0.970" g="0.600" b="0.560" />
                <t i="2" r="0.650" g="0.790" b="0.500" />
                <t i="1" r="0.650" g="0.790" b="0.500" />
                <t i="2" r="0.650" g="0.790" b="0.500" />
                <t i="1" r="0.970" g="0.600" b="0.560" />
            </r>
            <r >
                <t i="0" r="0.000" g="0.000" b="0.000" />
                <t i="1" r="0.970" g="0.600" b="0.560" />
                <t i="1" r="0.650" g="0.790" b="0.500" />
                <t i="1" r="0.650" g="0.790" b="0.500" />
                <t i="1" r="0.650" g="0.790" b="0.500" />
                <t i="1" r="0.650" g="0.790" b="0.500" />
                <t i="1" r="0.970" g="0.600" b="0.560" />
                <t i="0" r="0.000" g="0.000" b="0.000" />
                <t i="0" r="0.000" g="0.000" b="0.000" />
                <t i="1" r="0.670" g="0.990" b="0.610" />
                <t i="2" r="0.670" g="0.990" b="0.610" />
                <t i="0" r="0.000" g="0.000" b="0.000" />
                <t i="0" r="0.000" g="0.000" b="0.000" />
                <t i="1" r="0.970" g="0.600" b="0.560" />
                <t i="1" r="0.650" g="0.790" b="0.500" />
                <t i="1" r="0.650" g="0.790" b="0.500" />
                <t i="1" r="0.650" g="0.790" b="0.500" />
                <t i="1" r="0.970" g="0.600" b="0.560" />
            </r>
            <r >
                <t i="0" r="0.000" g="0.000" b="0.000" />
                <t i="1" r="0.970" g="0.600" b="0.560" />
                <t i="1" r="0.650" g="0.790" b="0.500" />
                <t i="1" r="0.650" g="0.790" b="0.500" />
                <t i="1" r="0.650" g="0.790" b="0.500" />
                <t i="1" r="0.650" g="0.790" b="0.500" />
                <t i="1" r="0.970" g="0.600" b="0.560" />
                <t i="0" r="0.000" g="0.000" b="0.000" />
                <t i="2" r="0.670" g="0.990" b="0.610" />
                <t i="1" r="0.670" g="0.990" b="0.610" />
                <t i="1" r="0.670" g="0.990" b="0.610" />
                <t i="2" r="0.670" g="0.990" b="0.610" />
                <t i="0" r="0.000" g="0.000" b="0.000" />
                <t i="1" r="0.970" g="0.600" b="0.560" />
                <t i="1" r="0.650" g="0.790" b="0.500" />
                <t i="1" r="0.650" g="0.790" b="0.500" />
                <t i="1" r="0.650" g="0.790" b="0.500" />
                <t i="1" r="0.970" g="0.600" b="0.560" />
            </r>
            <r >
                <t i="0" r="0.000" g="0.000" b="0.000" />
                <t i="1" r="0.970" g="0.600" b="0.560" />
                <t i="1" r="0.650" g="0.790" b="0.500" />
                <t i="1" r="0.650" g="0.790" b="0.500" />
                <t i="1" r="0.650" g="0.790" b="0.500" />
                <t i="1" r="0.650" g="0.790" b="0.500" />
                <t i="1" r="0.970" g="0.600" b="0.560" />
                <t i="0" r="0.000" g="0.000" b="0.000" />
                <t i="2" r="0.670" g="0.990" b="0.610" />
                <t i="1" r="0.670" g="0.990" b="0.610" />
                <t i="1" r="0.670" g="0.990" b="0.610" />
                <t i="2" r="0.670" g="0.990" b="0.610" />
                <t i="0" r="0.000" g="0.000" b="0.000" />
                <t i="1" r="0.970" g="0.600" b="0.560" />
                <t i="1" r="0.650" g="0.790" b="0.500" />
                <t i="1" r="0.650" g="0.790" b="0.500" />
                <t i="1" r="0.650" g="0.790" b="0.500" />
                <t i="1" r="0.970" g="0.600" b="0.560" />
            </r>
            <r >
                <t i="0" r="0.000" g="0.000" b="0.000" />
                <t i="1" r="0.970" g="0.600" b="0.560" />
                <t i="1" r="0.650" g="0.790" b="0.500" />
                <t i="1" r="0.650" g="0.790" b="0.500" />
                <t i="1" r="0.650" g="0.790" b="0.500" />
                <t i="1" r="0.650" g="0.790" b="0.500" />
                <t i="1" r="0.970" g="0.600" b="0.560" />
                <t i="0" r="0.000" g="0.000" b="0.000" />
                <t i="2" r="0.670" g="0.990" b="0.610" />
                <t i="1" r="0.670" g="0.990" b="0.610" />
                <t i="1" r="0.670" g="0.990" b="0.610" />
                <t i="2" r="0.670" g="0.990" b="0.610" />
                <t i="0" r="0.000" g="0.000" b="0.000" />
                <t i="1" r="0.970" g="0.600" b="0.560" />
                <t i="1" r="0.650" g="0.790" b="0.500" />
                <t i="1" r="0.650" g="0.790" b="0.500" />
                <t i="1" r="0.650" g="0.790" b="0.500" />
                <t i="1" r="0.970" g="0.600" b="0.560" />
            </r>
            <r >
                <t i="0" r="0.000" g="0.000" b="0.000" />
                <t i="1" r="0.970" g="0.600" b="0.560" />
                <t i="1" r="0.650" g="0.790" b="0.500" />
                <t i="1" r="0.650" g="0.790" b="0.500" />
                <t i="1" r="0.650" g="0.790" b="0.500" />
                <t i="1" r="0.650" g="0.790" b="0.500" />
                <t i="1" r="0.970" g="0.600" b="0.560" />
                <t i="0" r="0.000" g="0.000" b="0.000" />
                <t i="2" r="0.670" g="0.990" b="0.610" />
                <t i="1" r="0.670" g="0.990" b="0.610" />
                <t i="1" r="0.670" g="0.990" b="0.610" />
                <t i="2" r="0.670" g="0.990" b="0.610" />
                <t i="0" r="0.000" g="0.000" b="0.000" />
                <t i="1" r="0.970" g="0.600" b="0.560" />
                <t i="1" r="0.650" g="0.790" b="0.500" />
                <t i="1" r="0.650" g="0.790" b="0.500" />
                <t i="1" r="0.650" g="0.790" b="0.500" />
                <t i="1" r="0.970" g="0.600" b="0.560" />
            </r>
            <r >
                <t i="0" r="0.000" g="0.000" b="0.000" />
                <t i="1" r="0.970" g="0.600" b="0.560" />
                <t i="1" r="0.650" g="0.790" b="0.500" />
                <t i="1" r="0.650" g="0.790" b="0.500" />
                <t i="1" r="0.650" g="0.790" b="0.500" />
                <t i="1" r="0.650" g="0.790" b="0.500" />
                <t i="1" r="0.970" g="0.600" b="0.560" />
                <t i="0" r="0.000" g="0.000" b="0.000" />
                <t i="0" r="0.000" g="0.000" b="0.000" />
                <t i="2" r="0.670" g="0.990" b="0.610" />
                <t i="1" r="0.670" g="0.990" b="0.610" />
                <t i="0" r="0.000" g="0.000" b="0.000" />
                <t i="0" r="0.000" g="0.000" b="0.000" />
                <t i="1" r="0.970" g="0.600" b="0.560" />
                <t i="1" r="0.650" g="0.790" b="0.500" />
                <t i="1" r="0.650" g="0.790" b="0.500" />
                <t i="1" r="0.650" g="0.790" b="0.500" />
                <t i="1" r="0.970" g="0.600" b="0.560" />
            </r>
            <r >
                <t i="0" r="0.000" g="0.000" b="0.000" />
                <t i="1" r="0.970" g="0.600" b="0.560" />
                <t i="2" r="0.650" g="0.790" b="0.500" />
                <t i="1" r="0.650" g="0.790" b="0.500" />
                <t i="1" r="0.650" g="0.790" b="0.500" />
                <t i="2" r="0.650" g="0.790" b="0.500" />
                <t i="1" r="0.970" g="0.600" b="0.560" />
                <t i="1" r="0.970" g="0.600" b="0.560" />
                <t i="0" r="0.000" g="0.000" b="0.000" />
                <t i="0" r="0.000" g="0.000" b="0.000" />
                <t i="0" r="0.000" g="0.000" b="0.000" />
                <t i="0" r="0.000" g="0.000" b="0.000" />
                <t i="1" r="0.970" g="0.600" b="0.560" />
                <t i="1" r="0.970" g="0.600" b="0.560" />
                <t i="2" r="0.650" g="0.790" b="0.500" />
                <t i="1" r="0.650" g="0.790" b="0.500" />
                <t i="2" r="0.650" g="0.790" b="0.500" />
                <t i="1" r="0.970" g="0.600" b="0.560" />
            </r>
            <r >
                <t i="0" r="0.000" g="0.000" b="0.000" />
                <t i="2" r="0.970" g="0.600" b="0.560" />
                <t i="1" r="0.970" g="0.600" b="0.560" />
                <t i="1" r="0.970" g="0.600" b="0.560" />
                <t i="1" r="0.970" g="0.600" b="0.560" />
                <t i="1" r="0.970" g="0.600" b="0.560" />
                <t i="1" r="0.970" g="0.600" b="0.560" />
                <t i="1" r="0.970" g="0.600" b="0.560" />
                <t i="0" r="0.000" g="0.000" b="0.000" />
                <t i="1" r="0.970" g="0.600" b="0.560" />
                <t i="1" r="0.970" g="0.600" b="0.560" />
                <t i="0" r="0.000" g="0.000" b="0.000" />
                <t i="2" r="0.970" g="0.600" b="0.560" />
                <t i="1" r="0.970" g="0.600" b="0.560" />
                <t i="1" r="0.970" g="0.600" b="0.560" />
                <t i="1" r="0.970" g="0.600" b="0.560" />
                <t i="1" r="0.970" g="0.600" b="0.560" />
                <t i="2" r="0.970" g="0.600" b="0.560" />
            </r>
        </Tiles>
        <Entities >
            <Entity kind="1" x="516.000" y="131.000" radius="16.000" mass="1.000" r="1.000" g="1.000" b="1.000" />
            <Entity kind="5" x="304.000" y="121.000" radius="13.000" mass="0.812" r="-0.010" g="0.870" b="1.000" />
            <Entity kind="5" x="334.000" y="271.000" radius="13.000" mass="0.812" r="-0.010" g="0.870" b="1.000" />
            <Entity kind="4" x="402.000" y="319.000" radius="24.000" mass="3.700" r="0.950" g="0.050" b="0.680" />
            <Entity kind="4" x="404.000" y="64.000" radius="24.000" mass="3.700" r="0.950" g="0.050" b="0.680" />
            <Entity kind="4" x="223.000" y="64.000" radius="24.000" mass="3.700" r="0.950" g="0.050" b="0.680" />
            <Entity kind="4" x="230.000" y="322.000" radius="24.000" mass="3.700" r="0.950" g="0.050" b="0.680" />
            <Entity kind="6" x="146.000" y="191.000" radius="21.000" mass="1.162" r="0.060" g="1.000" b="0.380" />
            <Entity kind="6" x="118.000" y="156.000" radius="21.000" mass="1.162" r="0.060" g="1.000" b="0.380" />
            <Entity kind="6" x="106.000" y="212.000" radius="21.000" mass="1.162" r="0.060" g="1.000" b="0.380" />
            <Entity kind="6" x="130.000" y="255.000" radius="21.000" mass="1.162" r="0.060" g="1.000" b="0.380" />
            <Entity kind="10" x="476.000" y="197.000" radius="20.500" mass="1.200" r="1.000" g="1.000" b="1.000" />
            <Entity kind="10" x="531.000" y="213.000" radius="20.500" mass="1.200" r="1.000" g="1.000" b="1.000" />
            <Entity kind="10" x="442.000" y="138.000" radius="20.500" mass="1.200" r="1.000" g="1.000" b="1.000" />
        </Entities>
    </Level>
