<?xml version="1.0"?>
    <Level >
        <Tiles width="12" height="12" bgPicIndex="13" music="music" gameType="1" >
            <r >
                <t i="0" r="1.000" g="1.000" b="1.000" />
                <t i="0" r="0.000" g="0.000" b="0.000" />
                <t i="0" r="1.000" g="1.000" b="1.000" />
                <t i="0" r="0.000" g="0.000" b="0.000" />
                <t i="0" r="0.000" g="0.000" b="0.000" />
                <t i="0" r="0.000" g="0.000" b="0.000" />
                <t i="0" r="0.000" g="0.000" b="0.000" />
                <t i="0" r="0.000" g="0.000" b="0.000" />
                <t i="0" r="0.000" g="0.000" b="0.000" />
                <t i="0" r="0.000" g="0.000" b="0.000" />
                <t i="0" r="0.000" g="0.000" b="0.000" />
                <t i="0" r="0.000" g="0.000" b="0.000" />
            </r>
            <r >
                <t i="0" r="0.000" g="0.000" b="0.000" />
                <t i="0" r="1.000" g="1.000" b="1.000" />
                <t i="0" r="1.000" g="1.000" b="1.000" />
                <t i="0" r="0.000" g="0.000" b="0.000" />
                <t i="1" r="0.560" g="1.000" b="-0.010" />
                <t i="1" r="0.560" g="1.000" b="-0.010" />
                <t i="1" r="0.560" g="1.000" b="-0.010" />
                <t i="0" r="0.000" g="0.000" b="0.000" />
                <t i="0" r="0.000" g="0.000" b="0.000" />
                <t i="0" r="0.000" g="0.000" b="0.000" />
                <t i="0" r="0.000" g="0.000" b="0.000" />
                <t i="0" r="0.000" g="0.000" b="0.000" />
            </r>
            <r >
                <t i="0" r="0.000" g="0.000" b="0.000" />
                <t i="0" r="1.000" g="1.000" b="1.000" />
                <t i="0" r="0.000" g="0.000" b="0.000" />
                <t i="1" r="0.560" g="1.000" b="-0.010" />
                <t i="1" r="-0.010" g="1.000" b="0.840" />
                <t i="1" r="-0.010" g="0.750" b="1.010" />
                <t i="1" r="-0.010" g="1.000" b="0.840" />
                <t i="1" r="0.560" g="1.000" b="-0.010" />
                <t i="0" r="0.000" g="0.000" b="0.000" />
                <t i="0" r="0.000" g="0.000" b="0.000" />
                <t i="0" r="0.000" g="0.000" b="0.000" />
                <t i="0" r="0.000" g="0.000" b="0.000" />
            </r>
            <r >
                <t i="0" r="1.000" g="1.000" b="1.000" />
                <t i="0" r="0.000" g="0.000" b="0.000" />
                <t i="1" r="0.560" g="1.000" b="-0.010" />
                <t i="1" r="-0.010" g="1.000" b="0.840" />
                <t i="1" r="0.300" g="1.000" b="-0.010" />
                <t i="1" r="-0.010" g="1.000" b="0.840" />
                <t i="1" r="0.300" g="1.000" b="-0.010" />
                <t i="1" r="-0.010" g="1.000" b="0.840" />
                <t i="1" r="0.560" g="1.000" b="-0.010" />
                <t i="0" r="0.000" g="0.000" b="0.000" />
                <t i="0" r="0.000" g="0.000" b="0.000" />
                <t i="0" r="0.000" g="0.000" b="0.000" />
            </r>
            <r >
                <t i="0" r="1.000" g="1.000" b="1.000" />
                <t i="1" r="0.560" g="1.000" b="-0.010" />
                <t i="1" r="-0.010" g="1.000" b="0.840" />
                <t i="1" r="0.300" g="1.000" b="-0.010" />
                <t i="1" r="0.300" g="1.000" b="-0.010" />
                <t i="1" r="-0.010" g="1.000" b="0.840" />
                <t i="1" r="0.300" g="1.000" b="-0.010" />
                <t i="1" r="0.300" g="1.000" b="-0.010" />
                <t i="1" r="-0.010" g="1.000" b="0.840" />
                <t i="1" r="0.560" g="1.000" b="-0.010" />
                <t i="0" r="0.000" g="0.000" b="0.000" />
                <t i="0" r="0.000" g="0.000" b="0.000" />
            </r>
            <r >
                <t i="0" r="1.000" g="1.000" b="1.000" />
                <t i="1" r="0.560" g="1.000" b="-0.010" />
                <t i="1" r="-0.010" g="0.750" b="1.010" />
                <t i="1" r="-0.010" g="1.000" b="0.840" />
                <t i="1" r="-0.010" g="1.000" b="0.840" />
                <t i="1" r="-0.010" g="0.750" b="1.010" />
                <t i="1" r="-0.010" g="1.000" b="0.840" />
                <t i="1" r="-0.010" g="1.000" b="0.840" />
                <t i="1" r="-0.010" g="0.750" b="1.010" />
                <t i="1" r="0.560" g="1.000" b="-0.010" />
                <t i="0" r="0.000" g="0.000" b="0.000" />
                <t i="0" r="0.000" g="0.000" b="0.000" />
            </r>
            <r >
                <t i="0" r="1.000" g="1.000" b="1.000" />
                <t i="1" r="0.560" g="1.000" b="-0.010" />
                <t i="1" r="-0.010" g="1.000" b="0.840" />
                <t i="1" r="0.300" g="1.000" b="-0.010" />
                <t i="1" r="0.300" g="1.000" b="-0.010" />
                <t i="1" r="-0.010" g="1.000" b="0.840" />
                <t i="1" r="0.300" g="1.000" b="-0.010" />
                <t i="1" r="0.300" g="1.000" b="-0.010" />
                <t i="1" r="-0.010" g="1.000" b="0.840" />
                <t i="1" r="0.560" g="1.000" b="-0.010" />
                <t i="0" r="0.000" g="0.000" b="0.000" />
                <t i="0" r="0.000" g="0.000" b="0.000" />
            </r>
            <r >
                <t i="0" r="1.000" g="1.000" b="1.000" />
                <t i="0" r="0.000" g="0.000" b="0.000" />
                <t i="1" r="0.560" g="1.000" b="-0.010" />
                <t i="1" r="-0.010" g="1.000" b="0.840" />
                <t i="1" r="0.300" g="1.000" b="-0.010" />
                <t i="1" r="-0.010" g="1.000" b="0.840" />
                <t i="1" r="0.300" g="1.000" b="-0.010" />
                <t i="1" r="-0.010" g="1.000" b="0.840" />
                <t i="1" r="0.560" g="1.000" b="-0.010" />
                <t i="0" r="0.000" g="0.000" b="0.000" />
                <t i="0" r="0.000" g="0.000" b="0.000" />
                <t i="0" r="0.000" g="0.000" b="0.000" />
            </r>
            <r >
                <t i="0" r="1.000" g="1.000" b="1.000" />
                <t i="0" r="0.000" g="0.000" b="0.000" />
                <t i="0" r="0.000" g="0.000" b="0.000" />
                <t i="1" r="0.560" g="1.000" b="-0.010" />
                <t i="1" r="-0.010" g="1.000" b="0.840" />
                <t i="1" r="-0.010" g="0.750" b="1.010" />
                <t i="1" r="-0.010" g="1.000" b="0.840" />
                <t i="1" r="0.560" g="1.000" b="-0.010" />
                <t i="0" r="0.000" g="0.000" b="0.000" />
                <t i="0" r="0.000" g="0.000" b="0.000" />
                <t i="0" r="0.000" g="0.000" b="0.000" />
                <t i="0" r="0.000" g="0.000" b="0.000" />
            </r>
            <r >
                <t i="0" r="1.000" g="1.000" b="1.000" />
                <t i="0" r="0.000" g="0.000" b="0.000" />
                <t i="0" r="0.000" g="0.000" b="0.000" />
                <t i="0" r="0.000" g="0.000" b="0.000" />
                <t i="1" r="0.560" g="1.000" b="-0.010" />
                <t i="1" r="0.560" g="1.000" b="-0.010" />
                <t i="1" r="0.560" g="1.000" b="-0.010" />
                <t i="0" r="0.000" g="0.000" b="0.000" />
                <t i="0" r="0.000" g="0.000" b="0.000" />
                <t i="0" r="0.000" g="0.000" b="0.000" />
                <t i="0" r="0.000" g="0.000" b="0.000" />
                <t i="0" r="0.000" g="0.000" b="0.000" />
            </r>
            <r >
                <t i="0" r="1.000" g="1.000" b="1.000" />
                <t i="0" r="0.000" g="0.000" b="0.000" />
                <t i="0" r="0.000" g="0.000" b="0.000" />
                <t i="0" r="0.000" g="0.000" b="0.000" />
                <t i="0" r="0.000" g="0.000" b="0.000" />
                <t i="0" r="0.000" g="0.000" b="0.000" />
                <t i="0" r="0.000" g="0.000" b="0.000" />
                <t i="0" r="0.000" g="0.000" b="0.000" />
                <t i="0" r="0.000" g="0.000" b="0.000" />
                <t i="0" r="0.000" g="0.000" b="0.000" />
                <t i="0" r="0.000" g="0.000" b="0.000" />
                <t i="0" r="0.000" g="0.000" b="0.000" />
            </r>
            <r >
                <t i="0" r="1.000" g="1.000" b="1.000" />
                <t i="0" r="0.000" g="0.000" b="0.000" />
                <t i="0" r="0.000" g="0.000" b="0.000" />
                <t i="0" r="0.000" g="0.000" b="0.000" />
                <t i="0" r="0.000" g="0.000" b="0.000" />
                <t i="0" r="0.000" g="0.000" b="0.000" />
                <t i="0" r="0.000" g="0.000" b="0.000" />
                <t i="0" r="0.000" g="0.000" b="0.000" />
                <t i="0" r="0.000" g="0.000" b="0.000" />
                <t i="0" r="0.000" g="0.000" b="0.000" />
                <t i="0" r="0.000" g="0.000" b="0.000" />
                <t i="0" r="0.000" g="0.000" b="0.000" />
            </r>
        </Tiles>
        <Entities >
            <Entity kind="1" x="176.000" y="175.000" radius="16.000" mass="1.000" r="1.000" g="1.000" b="1.000" />
            <Entity kind="4" x="179.000" y="81.000" radius="19.500" mass="0.900" r="1.000" g="0.220" b="0.720" />
            <Entity kind="4" x="264.000" y="177.000" radius="19.500" mass="0.900" r="1.000" g="0.220" b="0.720" />
            <Entity kind="4" x="181.000" y="277.000" radius="19.500" mass="0.900" r="1.000" g="0.220" b="0.720" />
            <Entity kind="4" x="79.000" y="178.000" radius="19.500" mass="0.900" r="1.000" g="0.220" b="0.720" />
        </Entities>
    </Level>
