<?xml version="1.0"?>
    <Level >
        <Tiles width="15" height="15" bgPicIndex="14" music="music">
            <r >
                <t i="0" r="0.000" g="0.000" b="0.000" />
                <t i="0" r="0.000" g="0.000" b="0.000" />
                <t i="0" r="0.000" g="0.000" b="0.000" />
                <t i="0" r="0.000" g="0.000" b="0.000" />
                <t i="0" r="0.000" g="0.000" b="0.000" />
                <t i="0" r="0.000" g="0.000" b="0.000" />
                <t i="0" r="0.000" g="0.000" b="0.000" />
                <t i="0" r="0.000" g="0.000" b="0.000" />
                <t i="0" r="0.000" g="0.000" b="0.000" />
                <t i="0" r="0.000" g="0.000" b="0.000" />
                <t i="0" r="0.000" g="0.000" b="0.000" />
                <t i="0" r="0.000" g="0.000" b="0.000" />
                <t i="0" r="0.000" g="0.000" b="0.000" />
                <t i="0" r="0.000" g="0.000" b="0.000" />
                <t i="0" r="0.000" g="0.000" b="0.000" />
            </r>
            <r >
                <t i="0" r="0.000" g="0.000" b="0.000" />
                <t i="1" r="1.000" g="0.560" b="0.630" />
                <t i="1" r="1.000" g="0.560" b="0.630" />
                <t i="1" r="1.000" g="0.560" b="0.630" />
                <t i="1" r="1.000" g="0.560" b="0.630" />
                <t i="1" r="1.000" g="0.560" b="0.630" />
                <t i="0" r="0.000" g="0.000" b="0.000" />
                <t i="0" r="0.000" g="0.000" b="0.000" />
                <t i="0" r="0.000" g="0.000" b="0.000" />
                <t i="0" r="0.000" g="0.000" b="0.000" />
                <t i="0" r="0.000" g="0.000" b="0.000" />
                <t i="0" r="0.000" g="0.000" b="0.000" />
                <t i="0" r="0.000" g="0.000" b="0.000" />
                <t i="0" r="0.000" g="0.000" b="0.000" />
                <t i="0" r="0.000" g="0.000" b="0.000" />
            </r>
            <r >
                <t i="0" r="0.000" g="0.000" b="0.000" />
                <t i="1" r="1.000" g="0.560" b="0.630" />
                <t i="1" r="1.000" g="0.560" b="0.630" />
                <t i="1" r="1.000" g="0.560" b="0.630" />
                <t i="1" r="1.000" g="0.560" b="0.630" />
                <t i="1" r="1.000" g="0.560" b="0.630" />
                <t i="1" r="0.630" g="0.150" b="0.210" />
                <t i="1" r="0.630" g="0.150" b="0.210" />
                <t i="1" r="0.630" g="0.150" b="0.210" />
                <t i="1" r="0.630" g="0.150" b="0.210" />
                <t i="1" r="0.630" g="0.150" b="0.210" />
                <t i="1" r="0.630" g="0.150" b="0.210" />
                <t i="1" r="0.630" g="0.150" b="0.210" />
                <t i="1" r="0.630" g="0.150" b="0.210" />
                <t i="1" r="0.630" g="0.150" b="0.210" />
            </r>
            <r >
                <t i="0" r="0.000" g="0.000" b="0.000" />
                <t i="1" r="1.000" g="0.560" b="0.630" />
                <t i="1" r="1.000" g="0.560" b="0.630" />
                <t i="1" r="1.000" g="0.560" b="0.630" />
                <t i="1" r="1.000" g="0.560" b="0.630" />
                <t i="1" r="1.000" g="0.560" b="0.630" />
                <t i="0" r="0.000" g="0.000" b="0.000" />
                <t i="0" r="0.000" g="0.000" b="0.000" />
                <t i="2" r="0.420" g="0.150" b="0.210" />
                <t i="1" r="0.630" g="0.150" b="0.210" />
                <t i="2" r="0.420" g="0.150" b="0.210" />
                <t i="0" r="0.000" g="0.000" b="0.000" />
                <t i="0" r="0.000" g="0.000" b="0.000" />
                <t i="0" r="0.000" g="0.000" b="0.000" />
                <t i="1" r="0.630" g="0.150" b="0.210" />
            </r>
            <r >
                <t i="0" r="0.000" g="0.000" b="0.000" />
                <t i="0" r="0.000" g="0.000" b="0.000" />
                <t i="2" r="0.420" g="0.150" b="0.210" />
                <t i="1" r="0.630" g="0.150" b="0.210" />
                <t i="2" r="0.420" g="0.150" b="0.210" />
                <t i="0" r="0.000" g="0.000" b="0.000" />
                <t i="0" r="0.000" g="0.000" b="0.000" />
                <t i="0" r="0.000" g="0.000" b="0.000" />
                <t i="0" r="0.000" g="0.000" b="0.000" />
                <t i="1" r="0.630" g="0.150" b="0.210" />
                <t i="0" r="0.000" g="0.000" b="0.000" />
                <t i="0" r="0.000" g="0.000" b="0.000" />
                <t i="1" r="0.630" g="0.150" b="0.210" />
                <t i="1" r="0.630" g="0.150" b="0.210" />
                <t i="1" r="0.630" g="0.150" b="0.210" />
            </r>
            <r >
                <t i="0" r="0.000" g="0.000" b="0.000" />
                <t i="0" r="0.000" g="0.000" b="0.000" />
                <t i="0" r="0.000" g="0.000" b="0.000" />
                <t i="1" r="0.630" g="0.150" b="0.210" />
                <t i="0" r="0.000" g="0.000" b="0.000" />
                <t i="0" r="0.000" g="0.000" b="0.000" />
                <t i="0" r="0.000" g="0.000" b="0.000" />
                <t i="0" r="0.000" g="0.000" b="0.000" />
                <t i="1" r="1.000" g="0.560" b="0.630" />
                <t i="1" r="1.000" g="0.560" b="0.630" />
                <t i="1" r="1.000" g="0.560" b="0.630" />
                <t i="0" r="0.000" g="0.000" b="0.000" />
                <t i="1" r="0.630" g="0.150" b="0.210" />
                <t i="2" r="0.420" g="0.150" b="0.210" />
                <t i="0" r="0.000" g="0.000" b="0.000" />
            </r>
            <r >
                <t i="0" r="0.000" g="0.000" b="0.000" />
                <t i="0" r="0.000" g="0.000" b="0.000" />
                <t i="0" r="0.000" g="0.000" b="0.000" />
                <t i="1" r="0.630" g="0.150" b="0.210" />
                <t i="1" r="0.630" g="0.150" b="0.210" />
                <t i="1" r="0.630" g="0.150" b="0.210" />
                <t i="1" r="0.630" g="0.150" b="0.210" />
                <t i="0" r="0.000" g="0.000" b="0.000" />
                <t i="1" r="1.000" g="0.560" b="0.630" />
                <t i="1" r="1.000" g="0.560" b="0.630" />
                <t i="1" r="1.000" g="0.560" b="0.630" />
                <t i="0" r="0.000" g="0.000" b="0.000" />
                <t i="1" r="0.630" g="0.150" b="0.210" />
                <t i="1" r="0.630" g="0.150" b="0.210" />
                <t i="1" r="0.630" g="0.150" b="0.210" />
            </r>
            <r >
                <t i="0" r="0.000" g="0.000" b="0.000" />
                <t i="0" r="0.000" g="0.000" b="0.000" />
                <t i="0" r="0.000" g="0.000" b="0.000" />
                <t i="0" r="0.000" g="0.000" b="0.000" />
                <t i="0" r="0.000" g="0.000" b="0.000" />
                <t i="2" r="0.420" g="0.150" b="0.210" />
                <t i="1" r="0.630" g="0.150" b="0.210" />
                <t i="0" r="0.000" g="0.000" b="0.000" />
                <t i="0" r="0.000" g="0.000" b="0.000" />
                <t i="0" r="0.000" g="0.000" b="0.000" />
                <t i="0" r="0.000" g="0.000" b="0.000" />
                <t i="0" r="1.000" g="1.000" b="1.000" />
                <t i="0" r="0.000" g="0.000" b="0.000" />
                <t i="0" r="0.000" g="0.000" b="0.000" />
                <t i="1" r="0.630" g="0.150" b="0.210" />
            </r>
            <r >
                <t i="0" r="0.000" g="0.000" b="0.000" />
                <t i="0" r="0.000" g="0.000" b="0.000" />
                <t i="0" r="0.000" g="0.000" b="0.000" />
                <t i="1" r="0.630" g="0.150" b="0.210" />
                <t i="1" r="0.630" g="0.150" b="0.210" />
                <t i="1" r="0.630" g="0.150" b="0.210" />
                <t i="1" r="0.630" g="0.150" b="0.210" />
                <t i="0" r="1.000" g="1.000" b="1.000" />
                <t i="1" r="0.630" g="0.150" b="0.210" />
                <t i="1" r="0.630" g="0.150" b="0.210" />
                <t i="1" r="0.630" g="0.150" b="0.210" />
                <t i="1" r="0.630" g="0.150" b="0.210" />
                <t i="1" r="0.630" g="0.150" b="0.210" />
                <t i="1" r="0.630" g="0.150" b="0.210" />
                <t i="1" r="0.630" g="0.150" b="0.210" />
            </r>
            <r >
                <t i="0" r="0.000" g="0.000" b="0.000" />
                <t i="0" r="0.000" g="0.000" b="0.000" />
                <t i="0" r="1.000" g="1.000" b="1.000" />
                <t i="1" r="0.630" g="0.150" b="0.210" />
                <t i="0" r="0.000" g="0.000" b="0.000" />
                <t i="0" r="0.000" g="0.000" b="0.000" />
                <t i="0" r="0.000" g="0.000" b="0.000" />
                <t i="0" r="0.000" g="0.000" b="0.000" />
                <t i="1" r="0.630" g="0.150" b="0.210" />
                <t i="2" r="0.420" g="0.150" b="0.210" />
                <t i="0" r="0.000" g="0.000" b="0.000" />
                <t i="0" r="0.000" g="0.000" b="0.000" />
                <t i="0" r="0.000" g="0.000" b="0.000" />
                <t i="2" r="0.420" g="0.150" b="0.210" />
                <t i="1" r="0.630" g="0.150" b="0.210" />
            </r>
            <r >
                <t i="0" r="0.000" g="0.000" b="0.000" />
                <t i="0" r="0.000" g="0.000" b="0.000" />
                <t i="2" r="0.420" g="0.150" b="0.210" />
                <t i="1" r="0.630" g="0.150" b="0.210" />
                <t i="0" r="0.000" g="0.000" b="0.000" />
                <t i="0" r="1.000" g="1.000" b="1.000" />
                <t i="1" r="1.000" g="0.560" b="0.630" />
                <t i="1" r="1.000" g="0.560" b="0.630" />
                <t i="1" r="1.000" g="0.560" b="0.630" />
                <t i="1" r="1.000" g="0.560" b="0.630" />
                <t i="0" r="0.000" g="0.000" b="0.000" />
                <t i="1" r="0.630" g="0.150" b="0.210" />
                <t i="1" r="0.630" g="0.150" b="0.210" />
                <t i="1" r="0.630" g="0.150" b="0.210" />
                <t i="1" r="0.630" g="0.150" b="0.210" />
            </r>
            <r >
                <t i="0" r="0.000" g="0.000" b="0.000" />
                <t i="1" r="1.000" g="0.560" b="0.630" />
                <t i="1" r="1.000" g="0.560" b="0.630" />
                <t i="1" r="1.000" g="0.560" b="0.630" />
                <t i="0" r="0.000" g="0.000" b="0.000" />
                <t i="0" r="1.000" g="1.000" b="1.000" />
                <t i="1" r="1.000" g="0.560" b="0.630" />
                <t i="1" r="1.000" g="0.560" b="0.630" />
                <t i="1" r="1.000" g="0.560" b="0.630" />
                <t i="1" r="1.000" g="0.560" b="0.630" />
                <t i="0" r="0.000" g="0.000" b="0.000" />
                <t i="1" r="0.630" g="0.150" b="0.210" />
                <t i="0" r="0.000" g="0.000" b="0.000" />
                <t i="0" r="0.000" g="0.000" b="0.000" />
                <t i="0" r="0.000" g="0.000" b="0.000" />
            </r>
            <r >
                <t i="0" r="0.000" g="0.000" b="0.000" />
                <t i="1" r="1.000" g="0.560" b="0.630" />
                <t i="1" r="1.000" g="0.560" b="0.630" />
                <t i="1" r="1.000" g="0.560" b="0.630" />
                <t i="0" r="0.000" g="0.000" b="0.000" />
                <t i="0" r="0.000" g="0.000" b="0.000" />
                <t i="0" r="0.000" g="0.000" b="0.000" />
                <t i="0" r="1.000" g="1.000" b="1.000" />
                <t i="0" r="1.000" g="1.000" b="1.000" />
                <t i="0" r="0.000" g="0.000" b="0.000" />
                <t i="0" r="0.000" g="0.000" b="0.000" />
                <t i="1" r="0.630" g="0.150" b="0.210" />
                <t i="1" r="0.630" g="0.150" b="0.210" />
                <t i="1" r="0.630" g="0.150" b="0.210" />
                <t i="1" r="0.630" g="0.150" b="0.210" />
            </r>
            <r >
                <t i="0" r="0.000" g="0.000" b="0.000" />
                <t i="1" r="1.000" g="0.560" b="0.630" />
                <t i="1" r="1.000" g="0.560" b="0.630" />
                <t i="1" r="1.000" g="0.560" b="0.630" />
                <t i="0" r="0.000" g="0.000" b="0.000" />
                <t i="1" r="0.630" g="0.150" b="0.210" />
                <t i="1" r="0.630" g="0.150" b="0.210" />
                <t i="1" r="0.630" g="0.150" b="0.210" />
                <t i="0" r="1.000" g="1.000" b="1.000" />
                <t i="0" r="0.000" g="0.000" b="0.000" />
                <t i="0" r="0.000" g="0.000" b="0.000" />
                <t i="0" r="0.000" g="0.000" b="0.000" />
                <t i="0" r="0.000" g="0.000" b="0.000" />
                <t i="2" r="0.420" g="0.150" b="0.210" />
                <t i="1" r="0.630" g="0.150" b="0.210" />
            </r>
            <r >
                <t i="0" r="0.000" g="0.000" b="0.000" />
                <t i="0" r="0.000" g="0.000" b="0.000" />
                <t i="2" r="0.420" g="0.150" b="0.210" />
                <t i="1" r="0.630" g="0.150" b="0.210" />
                <t i="1" r="0.630" g="0.150" b="0.210" />
                <t i="1" r="0.630" g="0.150" b="0.210" />
                <t i="0" r="0.000" g="0.000" b="0.000" />
                <t i="1" r="0.630" g="0.150" b="0.210" />
                <t i="1" r="0.630" g="0.150" b="0.210" />
                <t i="1" r="0.630" g="0.150" b="0.210" />
                <t i="1" r="0.630" g="0.150" b="0.210" />
                <t i="1" r="0.630" g="0.150" b="0.210" />
                <t i="1" r="0.630" g="0.150" b="0.210" />
                <t i="1" r="0.630" g="0.150" b="0.210" />
                <t i="1" r="0.630" g="0.150" b="0.210" />
            </r>
        </Tiles>
        <Entities >
            <Entity kind="1" x="112.000" y="80.000" radius="16.000" mass="1.000" r="1.000" g="1.000" b="1.000" />
            <Entity kind="4" x="336.000" y="272.000" radius="11.000" mass="0.688" r="0.520" g="0.050" b="0.540" />
            <Entity kind="6" x="303.000" y="194.000" radius="14.000" mass="0.875" r="1.000" g="0.260" b="-0.010" />
            <Entity kind="6" x="206.000" y="336.000" radius="14.000" mass="0.875" r="1.000" g="0.260" b="-0.010" />
            <Entity kind="6" x="77.000" y="405.000" radius="14.000" mass="0.875" r="1.000" g="0.260" b="-0.010" />
        </Entities>
    </Level>
