<?xml version="1.0"?>
    <Level >
        <Tiles width="12" height="12" bgPicIndex="13" music="music" gameType="0" >
            <r >
                <t i="0" r="1.000" g="1.000" b="1.000" />
                <t i="0" r="1.000" g="1.000" b="1.000" />
                <t i="0" r="1.000" g="1.000" b="1.000" />
                <t i="0" r="0.000" g="0.000" b="0.000" />
                <t i="0" r="0.000" g="0.000" b="0.000" />
                <t i="0" r="0.000" g="0.000" b="0.000" />
                <t i="0" r="0.000" g="0.000" b="0.000" />
                <t i="0" r="0.000" g="0.000" b="0.000" />
                <t i="0" r="0.000" g="0.000" b="0.000" />
                <t i="0" r="0.000" g="0.000" b="0.000" />
                <t i="0" r="1.000" g="1.000" b="1.000" />
                <t i="0" r="1.000" g="1.000" b="1.000" />
            </r>
            <r >
                <t i="0" r="0.000" g="0.000" b="0.000" />
                <t i="0" r="1.000" g="1.000" b="1.000" />
                <t i="0" r="1.000" g="1.000" b="1.000" />
                <t i="1" r="1.000" g="1.000" b="1.000" />
                <t i="1" r="1.000" g="1.000" b="1.000" />
                <t i="1" r="1.000" g="1.000" b="1.000" />
                <t i="1" r="1.000" g="1.000" b="1.000" />
                <t i="1" r="1.000" g="1.000" b="1.000" />
                <t i="1" r="1.000" g="1.000" b="1.000" />
                <t i="1" r="1.000" g="1.000" b="1.000" />
                <t i="0" r="1.000" g="1.000" b="1.000" />
                <t i="0" r="1.000" g="1.000" b="1.000" />
            </r>
            <r >
                <t i="0" r="0.000" g="0.000" b="0.000" />
                <t i="0" r="1.000" g="1.000" b="1.000" />
                <t i="1" r="1.000" g="1.000" b="1.000" />
                <t i="1" r="0.000" g="1.000" b="0.800" />
                <t i="1" r="0.650" g="1.000" b="-0.010" />
                <t i="1" r="0.000" g="1.000" b="0.800" />
                <t i="1" r="0.000" g="1.000" b="0.800" />
                <t i="1" r="0.000" g="1.000" b="0.800" />
                <t i="1" r="0.650" g="1.000" b="-0.010" />
                <t i="1" r="0.000" g="1.000" b="0.800" />
                <t i="1" r="1.000" g="1.000" b="1.000" />
                <t i="0" r="1.000" g="1.000" b="1.000" />
            </r>
            <r >
                <t i="0" r="1.000" g="1.000" b="1.000" />
                <t i="1" r="1.000" g="1.000" b="1.000" />
                <t i="1" r="0.000" g="1.000" b="0.800" />
                <t i="1" r="0.650" g="1.000" b="-0.010" />
                <t i="1" r="0.000" g="1.000" b="0.800" />
                <t i="1" r="0.000" g="1.000" b="0.800" />
                <t i="1" r="0.000" g="1.000" b="0.800" />
                <t i="1" r="0.000" g="1.000" b="0.800" />
                <t i="1" r="0.000" g="1.000" b="0.800" />
                <t i="1" r="0.650" g="1.000" b="-0.010" />
                <t i="1" r="0.000" g="1.000" b="0.800" />
                <t i="1" r="1.000" g="1.000" b="1.000" />
            </r>
            <r >
                <t i="0" r="1.000" g="1.000" b="1.000" />
                <t i="1" r="1.000" g="1.000" b="1.000" />
                <t i="1" r="0.650" g="1.000" b="-0.010" />
                <t i="1" r="0.000" g="1.000" b="0.800" />
                <t i="1" r="0.650" g="1.000" b="-0.010" />
                <t i="1" r="0.000" g="1.000" b="0.800" />
                <t i="1" r="0.000" g="1.000" b="0.800" />
                <t i="1" r="0.000" g="1.000" b="0.800" />
                <t i="1" r="0.650" g="1.000" b="-0.010" />
                <t i="1" r="0.000" g="1.000" b="0.800" />
                <t i="1" r="0.650" g="1.000" b="-0.010" />
                <t i="1" r="1.000" g="1.000" b="1.000" />
            </r>
            <r >
                <t i="0" r="1.000" g="1.000" b="1.000" />
                <t i="1" r="1.000" g="1.000" b="1.000" />
                <t i="1" r="0.000" g="1.000" b="0.800" />
                <t i="1" r="0.650" g="1.000" b="-0.010" />
                <t i="1" r="0.000" g="1.000" b="0.800" />
                <t i="1" r="0.650" g="1.000" b="-0.010" />
                <t i="1" r="0.000" g="1.000" b="0.800" />
                <t i="1" r="0.650" g="1.000" b="-0.010" />
                <t i="1" r="0.000" g="1.000" b="0.800" />
                <t i="1" r="0.650" g="1.000" b="-0.010" />
                <t i="1" r="0.000" g="1.000" b="0.800" />
                <t i="1" r="1.000" g="1.000" b="1.000" />
            </r>
            <r >
                <t i="0" r="1.000" g="1.000" b="1.000" />
                <t i="1" r="1.000" g="1.000" b="1.000" />
                <t i="1" r="0.650" g="1.000" b="-0.010" />
                <t i="1" r="0.000" g="1.000" b="0.800" />
                <t i="1" r="0.650" g="1.000" b="-0.010" />
                <t i="1" r="0.000" g="1.000" b="0.800" />
                <t i="1" r="0.650" g="1.000" b="-0.010" />
                <t i="1" r="0.000" g="1.000" b="0.800" />
                <t i="1" r="0.650" g="1.000" b="-0.010" />
                <t i="1" r="0.000" g="1.000" b="0.800" />
                <t i="1" r="0.650" g="1.000" b="-0.010" />
                <t i="1" r="1.000" g="1.000" b="1.000" />
            </r>
            <r >
                <t i="0" r="1.000" g="1.000" b="1.000" />
                <t i="1" r="1.000" g="1.000" b="1.000" />
                <t i="1" r="0.000" g="1.000" b="0.800" />
                <t i="1" r="0.650" g="1.000" b="-0.010" />
                <t i="1" r="0.000" g="1.000" b="0.800" />
                <t i="1" r="0.650" g="1.000" b="-0.010" />
                <t i="1" r="0.000" g="1.000" b="0.800" />
                <t i="1" r="0.650" g="1.000" b="-0.010" />
                <t i="1" r="0.000" g="1.000" b="0.800" />
                <t i="1" r="0.650" g="1.000" b="-0.010" />
                <t i="1" r="0.000" g="1.000" b="0.800" />
                <t i="1" r="1.000" g="1.000" b="1.000" />
            </r>
            <r >
                <t i="0" r="1.000" g="1.000" b="1.000" />
                <t i="1" r="1.000" g="1.000" b="1.000" />
                <t i="1" r="0.650" g="1.000" b="-0.010" />
                <t i="1" r="0.000" g="1.000" b="0.800" />
                <t i="1" r="0.650" g="1.000" b="-0.010" />
                <t i="1" r="0.000" g="1.000" b="0.800" />
                <t i="1" r="0.000" g="1.000" b="0.800" />
                <t i="1" r="0.000" g="1.000" b="0.800" />
                <t i="1" r="0.650" g="1.000" b="-0.010" />
                <t i="1" r="0.000" g="1.000" b="0.800" />
                <t i="1" r="0.650" g="1.000" b="-0.010" />
                <t i="1" r="1.000" g="1.000" b="1.000" />
            </r>
            <r >
                <t i="0" r="1.000" g="1.000" b="1.000" />
                <t i="1" r="1.000" g="1.000" b="1.000" />
                <t i="1" r="0.000" g="1.000" b="0.800" />
                <t i="1" r="0.650" g="1.000" b="-0.010" />
                <t i="1" r="0.000" g="1.000" b="0.800" />
                <t i="1" r="0.000" g="1.000" b="0.800" />
                <t i="1" r="0.000" g="1.000" b="0.800" />
                <t i="1" r="0.000" g="1.000" b="0.800" />
                <t i="1" r="0.000" g="1.000" b="0.800" />
                <t i="1" r="0.650" g="1.000" b="-0.010" />
                <t i="1" r="0.000" g="1.000" b="0.800" />
                <t i="1" r="1.000" g="1.000" b="1.000" />
            </r>
            <r >
                <t i="0" r="1.000" g="1.000" b="1.000" />
                <t i="0" r="1.000" g="1.000" b="1.000" />
                <t i="1" r="1.000" g="1.000" b="1.000" />
                <t i="1" r="0.000" g="1.000" b="0.800" />
                <t i="1" r="0.650" g="1.000" b="-0.010" />
                <t i="1" r="0.000" g="1.000" b="0.800" />
                <t i="1" r="0.000" g="1.000" b="0.800" />
                <t i="1" r="0.000" g="1.000" b="0.800" />
                <t i="1" r="0.650" g="1.000" b="-0.010" />
                <t i="1" r="0.000" g="1.000" b="0.800" />
                <t i="1" r="1.000" g="1.000" b="1.000" />
                <t i="0" r="1.000" g="1.000" b="1.000" />
            </r>
            <r >
                <t i="0" r="1.000" g="1.000" b="1.000" />
                <t i="0" r="1.000" g="1.000" b="1.000" />
                <t i="0" r="1.000" g="1.000" b="1.000" />
                <t i="1" r="1.000" g="1.000" b="1.000" />
                <t i="1" r="1.000" g="1.000" b="1.000" />
                <t i="1" r="1.000" g="1.000" b="1.000" />
                <t i="1" r="1.000" g="1.000" b="1.000" />
                <t i="1" r="1.000" g="1.000" b="1.000" />
                <t i="1" r="1.000" g="1.000" b="1.000" />
                <t i="1" r="1.000" g="1.000" b="1.000" />
                <t i="0" r="1.000" g="1.000" b="1.000" />
                <t i="0" r="1.000" g="1.000" b="1.000" />
            </r>
        </Tiles>
        <Entities >
            <Entity kind="1" x="208.000" y="241.000" radius="16.000" mass="1.000" r="1.000" g="1.000" b="1.000" />
            <Entity kind="4" x="210.000" y="331.000" radius="13.500" mass="0.750" r="1.000" g="0.400" b="0.210" />
            <Entity kind="4" x="240.000" y="59.000" radius="13.500" mass="0.750" r="1.000" g="0.400" b="0.210" />
            <Entity kind="4" x="63.000" y="188.000" radius="12.000" mass="0.750" r="0.090" g="0.970" b="0.810" />
            <Entity kind="4" x="66.000" y="164.000" radius="8.500" mass="0.750" r="0.090" g="0.970" b="0.810" />
            <Entity kind="4" x="186.000" y="359.000" radius="18.500" mass="0.750" r="1.000" g="0.400" b="0.210" />
            <Entity kind="4" x="327.000" y="324.000" radius="17.500" mass="0.750" r="0.090" g="0.770" b="1.000" />
            <Entity kind="10" x="207.000" y="176.000" radius="16.000" mass="0.550" r="1.000" g="1.000" b="1.000" />
        </Entities>
    </Level>
