<?xml version="1.0"?>
    <Level >
        <Tiles width="12" height="12" bgPicIndex="13" music="bumpyrobots_track2" gameType="0" >
            <r >
                <t i="0" r="1.000" g="1.000" b="1.000" />
                <t i="0" r="1.000" g="1.000" b="1.000" />
                <t i="0" r="1.000" g="1.000" b="1.000" />
                <t i="0" r="0.000" g="0.000" b="0.000" />
                <t i="0" r="0.000" g="0.000" b="0.000" />
                <t i="0" r="0.000" g="0.000" b="0.000" />
                <t i="0" r="0.000" g="0.000" b="0.000" />
                <t i="0" r="0.000" g="0.000" b="0.000" />
                <t i="0" r="0.000" g="0.000" b="0.000" />
                <t i="0" r="0.000" g="0.000" b="0.000" />
                <t i="0" r="1.000" g="1.000" b="1.000" />
                <t i="0" r="1.000" g="1.000" b="1.000" />
            </r>
            <r >
                <t i="0" r="0.000" g="0.000" b="0.000" />
                <t i="0" r="1.000" g="1.000" b="1.000" />
                <t i="1" r="-0.010" g="0.300" b="1.000" />
                <t i="1" r="-0.010" g="0.300" b="1.000" />
                <t i="1" r="0.300" g="0.300" b="1.000" />
                <t i="1" r="-0.010" g="0.300" b="1.000" />
                <t i="1" r="-0.010" g="0.300" b="1.000" />
                <t i="1" r="-0.010" g="0.300" b="1.000" />
                <t i="1" r="0.300" g="0.300" b="1.000" />
                <t i="1" r="-0.010" g="0.300" b="1.000" />
                <t i="1" r="-0.010" g="0.300" b="1.000" />
                <t i="0" r="1.000" g="1.000" b="1.000" />
            </r>
            <r >
                <t i="0" r="0.000" g="0.000" b="0.000" />
                <t i="1" r="-0.010" g="0.300" b="1.000" />
                <t i="2" r="0.290" g="0.750" b="1.010" />
                <t i="1" r="-0.010" g="0.300" b="1.000" />
                <t i="1" r="-0.010" g="0.300" b="1.000" />
                <t i="1" r="0.300" g="0.300" b="1.000" />
                <t i="1" r="0.300" g="0.300" b="1.000" />
                <t i="1" r="0.300" g="0.300" b="1.000" />
                <t i="1" r="-0.010" g="0.300" b="1.000" />
                <t i="1" r="-0.010" g="0.300" b="1.000" />
                <t i="2" r="0.290" g="0.750" b="1.010" />
                <t i="1" r="-0.010" g="0.300" b="1.000" />
            </r>
            <r >
                <t i="0" r="1.000" g="1.000" b="1.000" />
                <t i="1" r="-0.010" g="0.300" b="1.000" />
                <t i="1" r="-0.010" g="0.300" b="1.000" />
                <t i="2" r="0.290" g="0.750" b="1.010" />
                <t i="1" r="0.300" g="0.300" b="1.000" />
                <t i="1" r="0.300" g="0.300" b="1.000" />
                <t i="1" r="0.300" g="0.300" b="1.000" />
                <t i="1" r="0.300" g="0.300" b="1.000" />
                <t i="1" r="0.300" g="0.300" b="1.000" />
                <t i="2" r="0.290" g="0.750" b="1.010" />
                <t i="1" r="-0.010" g="0.300" b="1.000" />
                <t i="1" r="-0.010" g="0.300" b="1.000" />
            </r>
            <r >
                <t i="0" r="1.000" g="1.000" b="1.000" />
                <t i="1" r="-0.010" g="0.300" b="1.000" />
                <t i="1" r="-0.010" g="0.300" b="1.000" />
                <t i="1" r="0.300" g="0.300" b="1.000" />
                <t i="2" r="0.290" g="0.750" b="1.010" />
                <t i="1" r="0.500" g="0.300" b="1.000" />
                <t i="1" r="0.500" g="0.300" b="1.000" />
                <t i="1" r="0.500" g="0.300" b="1.000" />
                <t i="2" r="0.290" g="0.750" b="1.010" />
                <t i="1" r="0.300" g="0.300" b="1.000" />
                <t i="1" r="-0.010" g="0.300" b="1.000" />
                <t i="1" r="-0.010" g="0.300" b="1.000" />
            </r>
            <r >
                <t i="0" r="1.000" g="1.000" b="1.000" />
                <t i="1" r="-0.010" g="0.300" b="1.000" />
                <t i="1" r="0.300" g="0.300" b="1.000" />
                <t i="1" r="0.300" g="0.300" b="1.000" />
                <t i="1" r="0.500" g="0.300" b="1.000" />
                <t i="2" r="0.290" g="0.750" b="1.010" />
                <t i="1" r="0.500" g="0.300" b="1.000" />
                <t i="2" r="0.290" g="0.750" b="1.010" />
                <t i="1" r="0.500" g="0.300" b="1.000" />
                <t i="1" r="0.300" g="0.300" b="1.000" />
                <t i="1" r="0.300" g="0.300" b="1.000" />
                <t i="1" r="-0.010" g="0.300" b="1.000" />
            </r>
            <r >
                <t i="0" r="1.000" g="1.000" b="1.000" />
                <t i="1" r="0.300" g="0.300" b="1.000" />
                <t i="1" r="0.300" g="0.300" b="1.000" />
                <t i="1" r="0.300" g="0.300" b="1.000" />
                <t i="1" r="0.500" g="0.300" b="1.000" />
                <t i="1" r="0.500" g="0.300" b="1.000" />
                <t i="2" r="0.290" g="0.750" b="1.010" />
                <t i="1" r="0.500" g="0.300" b="1.000" />
                <t i="1" r="0.500" g="0.300" b="1.000" />
                <t i="1" r="0.300" g="0.300" b="1.000" />
                <t i="1" r="0.300" g="0.300" b="1.000" />
                <t i="1" r="0.300" g="0.300" b="1.000" />
            </r>
            <r >
                <t i="0" r="1.000" g="1.000" b="1.000" />
                <t i="1" r="0.300" g="0.300" b="1.000" />
                <t i="1" r="0.300" g="0.300" b="1.000" />
                <t i="1" r="0.300" g="0.300" b="1.000" />
                <t i="1" r="0.500" g="0.300" b="1.000" />
                <t i="2" r="0.290" g="0.750" b="1.010" />
                <t i="1" r="0.500" g="0.300" b="1.000" />
                <t i="2" r="0.290" g="0.750" b="1.010" />
                <t i="1" r="0.500" g="0.300" b="1.000" />
                <t i="1" r="0.300" g="0.300" b="1.000" />
                <t i="1" r="0.300" g="0.300" b="1.000" />
                <t i="1" r="0.300" g="0.300" b="1.000" />
            </r>
            <r >
                <t i="0" r="1.000" g="1.000" b="1.000" />
                <t i="1" r="0.300" g="0.300" b="1.000" />
                <t i="1" r="-0.010" g="0.300" b="1.000" />
                <t i="1" r="0.300" g="0.300" b="1.000" />
                <t i="2" r="0.290" g="0.750" b="1.010" />
                <t i="1" r="0.500" g="0.300" b="1.000" />
                <t i="1" r="0.500" g="0.300" b="1.000" />
                <t i="1" r="0.500" g="0.300" b="1.000" />
                <t i="2" r="0.290" g="0.750" b="1.010" />
                <t i="1" r="0.300" g="0.300" b="1.000" />
                <t i="1" r="-0.010" g="0.300" b="1.000" />
                <t i="1" r="0.300" g="0.300" b="1.000" />
            </r>
            <r >
                <t i="0" r="1.000" g="1.000" b="1.000" />
                <t i="1" r="0.300" g="0.300" b="1.000" />
                <t i="1" r="-0.010" g="0.300" b="1.000" />
                <t i="2" r="0.290" g="0.750" b="1.010" />
                <t i="1" r="0.300" g="0.300" b="1.000" />
                <t i="1" r="0.300" g="0.300" b="1.000" />
                <t i="1" r="0.300" g="0.300" b="1.000" />
                <t i="1" r="0.300" g="0.300" b="1.000" />
                <t i="1" r="0.300" g="0.300" b="1.000" />
                <t i="2" r="0.290" g="0.750" b="1.010" />
                <t i="1" r="-0.010" g="0.300" b="1.000" />
                <t i="1" r="0.300" g="0.300" b="1.000" />
            </r>
            <r >
                <t i="0" r="1.000" g="1.000" b="1.000" />
                <t i="1" r="-0.010" g="0.300" b="1.000" />
                <t i="2" r="0.290" g="0.750" b="1.010" />
                <t i="1" r="-0.010" g="0.300" b="1.000" />
                <t i="1" r="-0.010" g="0.300" b="1.000" />
                <t i="1" r="0.300" g="0.300" b="1.000" />
                <t i="1" r="0.300" g="0.300" b="1.000" />
                <t i="1" r="0.300" g="0.300" b="1.000" />
                <t i="1" r="-0.010" g="0.300" b="1.000" />
                <t i="1" r="-0.010" g="0.300" b="1.000" />
                <t i="2" r="0.290" g="0.750" b="1.010" />
                <t i="1" r="-0.010" g="0.300" b="1.000" />
            </r>
            <r >
                <t i="0" r="1.000" g="1.000" b="1.000" />
                <t i="0" r="1.000" g="1.000" b="1.000" />
                <t i="1" r="-0.010" g="0.300" b="1.000" />
                <t i="1" r="0.300" g="0.300" b="1.000" />
                <t i="1" r="0.300" g="0.300" b="1.000" />
                <t i="1" r="0.300" g="0.300" b="1.000" />
                <t i="1" r="-0.010" g="0.300" b="1.000" />
                <t i="1" r="0.300" g="0.300" b="1.000" />
                <t i="1" r="0.300" g="0.300" b="1.000" />
                <t i="1" r="0.300" g="0.300" b="1.000" />
                <t i="1" r="-0.010" g="0.300" b="1.000" />
                <t i="0" r="1.000" g="1.000" b="1.000" />
            </r>
        </Tiles>
        <Entities >
            <Entity kind="1" x="210.000" y="307.000" radius="16.000" mass="1.000" r="1.000" g="1.000" b="1.000" />
            <Entity kind="4" x="207.000" y="205.000" radius="28.000" mass="11.500" r="0.760" g="-0.000" b="0.540" />
            <Entity kind="10" x="333.000" y="237.000" radius="16.000" mass="0.650" r="1.000" g="-0.010" b="-0.010" />
            <Entity kind="10" x="209.000" y="112.000" radius="16.000" mass="0.650" r="1.000" g="-0.010" b="-0.010" />
            <Entity kind="10" x="83.000" y="243.000" radius="16.000" mass="0.650" r="1.000" g="-0.010" b="-0.010" />
        </Entities>
    </Level>
