<?xml version="1.0"?>
    <Level >
        <Tiles width="13" height="13" bgPicIndex="14" music="bumpyrobots_track2" gameType="0" >
            <r >
                <t i="0" r="0.000" g="0.000" b="0.000" />
                <t i="0" r="0.000" g="0.000" b="0.000" />
                <t i="0" r="0.000" g="0.000" b="0.000" />
                <t i="0" r="0.000" g="0.000" b="0.000" />
                <t i="0" r="0.000" g="0.000" b="0.000" />
                <t i="0" r="0.000" g="0.000" b="0.000" />
                <t i="0" r="0.000" g="0.000" b="0.000" />
                <t i="0" r="0.000" g="0.000" b="0.000" />
                <t i="0" r="0.000" g="0.000" b="0.000" />
                <t i="0" r="0.000" g="0.000" b="0.000" />
                <t i="0" r="0.000" g="0.000" b="0.000" />
                <t i="0" r="0.000" g="0.000" b="0.000" />
                <t i="0" r="0.000" g="0.000" b="0.000" />
            </r>
            <r >
                <t i="0" r="0.000" g="0.000" b="0.000" />
                <t i="1" r="0.680" g="0.430" b="0.830" />
                <t i="1" r="0.850" g="0.430" b="0.990" />
                <t i="1" r="0.680" g="0.430" b="0.830" />
                <t i="1" r="0.850" g="0.430" b="0.990" />
                <t i="1" r="0.680" g="0.430" b="0.830" />
                <t i="1" r="0.850" g="0.430" b="0.990" />
                <t i="1" r="0.680" g="0.430" b="0.830" />
                <t i="1" r="0.850" g="0.430" b="0.990" />
                <t i="1" r="0.680" g="0.430" b="0.830" />
                <t i="1" r="0.850" g="0.430" b="0.990" />
                <t i="1" r="0.680" g="0.430" b="0.830" />
                <t i="1" r="0.680" g="0.430" b="0.830" />
            </r>
            <r >
                <t i="0" r="0.000" g="0.000" b="0.000" />
                <t i="1" r="0.740" g="0.430" b="1.000" />
                <t i="1" r="0.790" g="0.600" b="1.000" />
                <t i="0" r="0.000" g="0.000" b="0.000" />
                <t i="0" r="0.000" g="0.000" b="0.000" />
                <t i="0" r="0.000" g="0.000" b="0.000" />
                <t i="0" r="0.000" g="0.000" b="0.000" />
                <t i="0" r="0.000" g="0.000" b="0.000" />
                <t i="0" r="0.000" g="0.000" b="0.000" />
                <t i="0" r="0.000" g="0.000" b="0.000" />
                <t i="0" r="0.000" g="0.000" b="0.000" />
                <t i="1" r="0.790" g="0.600" b="1.000" />
                <t i="1" r="0.740" g="0.430" b="1.000" />
            </r>
            <r >
                <t i="0" r="1.000" g="1.000" b="1.000" />
                <t i="1" r="0.740" g="0.430" b="1.000" />
                <t i="1" r="0.790" g="0.600" b="1.000" />
                <t i="0" r="0.000" g="0.000" b="0.000" />
                <t i="0" r="0.000" g="0.000" b="0.000" />
                <t i="2" r="0.460" g="0.500" b="0.570" />
                <t i="0" r="0.000" g="0.000" b="0.000" />
                <t i="0" r="0.000" g="0.000" b="0.000" />
                <t i="0" r="0.000" g="0.000" b="0.000" />
                <t i="2" r="0.460" g="0.500" b="0.570" />
                <t i="0" r="0.000" g="0.000" b="0.000" />
                <t i="1" r="0.790" g="0.600" b="1.000" />
                <t i="1" r="0.740" g="0.430" b="1.000" />
            </r>
            <r >
                <t i="0" r="1.000" g="1.000" b="1.000" />
                <t i="1" r="0.740" g="0.430" b="1.000" />
                <t i="1" r="0.790" g="0.600" b="1.000" />
                <t i="1" r="0.460" g="0.500" b="0.570" />
                <t i="2" r="0.460" g="0.500" b="0.570" />
                <t i="2" r="0.460" g="0.500" b="0.570" />
                <t i="1" r="0.460" g="0.500" b="0.570" />
                <t i="2" r="0.460" g="0.500" b="0.570" />
                <t i="2" r="0.460" g="0.500" b="0.570" />
                <t i="2" r="0.460" g="0.500" b="0.570" />
                <t i="1" r="0.460" g="0.500" b="0.570" />
                <t i="1" r="0.790" g="0.600" b="1.000" />
                <t i="1" r="0.740" g="0.430" b="1.000" />
            </r>
            <r >
                <t i="0" r="0.000" g="0.000" b="0.000" />
                <t i="1" r="0.740" g="0.430" b="1.000" />
                <t i="1" r="0.790" g="0.600" b="1.000" />
                <t i="2" r="0.650" g="0.530" b="0.340" />
                <t i="1" r="0.650" g="0.530" b="0.340" />
                <t i="1" r="0.650" g="0.530" b="0.340" />
                <t i="1" r="0.650" g="0.530" b="0.340" />
                <t i="1" r="0.650" g="0.530" b="0.340" />
                <t i="1" r="0.650" g="0.530" b="0.340" />
                <t i="1" r="0.650" g="0.530" b="0.340" />
                <t i="1" r="0.650" g="0.530" b="0.340" />
                <t i="1" r="0.790" g="0.600" b="1.000" />
                <t i="1" r="0.740" g="0.430" b="1.000" />
            </r>
            <r >
                <t i="0" r="0.000" g="0.000" b="0.000" />
                <t i="1" r="0.740" g="0.430" b="1.000" />
                <t i="1" r="0.790" g="0.600" b="1.000" />
                <t i="1" r="0.650" g="0.530" b="0.340" />
                <t i="1" r="0.650" g="0.530" b="0.340" />
                <t i="1" r="0.650" g="0.530" b="0.340" />
                <t i="1" r="0.650" g="0.530" b="0.340" />
                <t i="1" r="0.650" g="0.530" b="0.340" />
                <t i="2" r="0.650" g="0.530" b="0.340" />
                <t i="1" r="0.650" g="0.530" b="0.340" />
                <t i="1" r="0.650" g="0.530" b="0.340" />
                <t i="1" r="0.790" g="0.600" b="1.000" />
                <t i="1" r="0.740" g="0.430" b="1.000" />
            </r>
            <r >
                <t i="0" r="0.000" g="0.000" b="0.000" />
                <t i="1" r="0.740" g="0.430" b="1.000" />
                <t i="1" r="0.550" g="0.540" b="0.630" />
                <t i="1" r="0.840" g="0.820" b="0.870" />
                <t i="1" r="0.840" g="0.820" b="0.870" />
                <t i="1" r="0.840" g="0.820" b="0.870" />
                <t i="1" r="0.840" g="0.820" b="0.870" />
                <t i="1" r="0.840" g="0.820" b="0.870" />
                <t i="1" r="0.840" g="0.820" b="0.870" />
                <t i="1" r="0.840" g="0.820" b="0.870" />
                <t i="1" r="0.840" g="0.820" b="0.870" />
                <t i="1" r="0.550" g="0.540" b="0.630" />
                <t i="1" r="0.740" g="0.430" b="1.000" />
            </r>
            <r >
                <t i="0" r="0.000" g="0.000" b="0.000" />
                <t i="0" r="0.000" g="0.000" b="0.000" />
                <t i="1" r="1.000" g="1.000" b="1.000" />
                <t i="1" r="1.000" g="1.000" b="1.000" />
                <t i="1" r="1.000" g="1.000" b="1.000" />
                <t i="1" r="1.000" g="1.000" b="1.000" />
                <t i="1" r="1.000" g="1.000" b="1.000" />
                <t i="1" r="1.000" g="1.000" b="1.000" />
                <t i="1" r="1.000" g="1.000" b="1.000" />
                <t i="1" r="1.000" g="1.000" b="1.000" />
                <t i="1" r="1.000" g="1.000" b="1.000" />
                <t i="1" r="1.000" g="1.000" b="1.000" />
                <t i="0" r="0.000" g="0.000" b="0.000" />
            </r>
            <r >
                <t i="0" r="0.000" g="0.000" b="0.000" />
                <t i="0" r="0.000" g="0.000" b="0.000" />
                <t i="0" r="0.000" g="0.000" b="0.000" />
                <t i="1" r="0.840" g="0.820" b="0.870" />
                <t i="1" r="0.840" g="0.820" b="0.870" />
                <t i="1" r="0.840" g="0.820" b="0.870" />
                <t i="1" r="0.840" g="0.820" b="0.870" />
                <t i="1" r="0.840" g="0.820" b="0.870" />
                <t i="1" r="0.840" g="0.820" b="0.870" />
                <t i="1" r="0.840" g="0.820" b="0.870" />
                <t i="1" r="0.840" g="0.820" b="0.870" />
                <t i="0" r="0.000" g="0.000" b="0.000" />
                <t i="0" r="0.000" g="0.000" b="0.000" />
            </r>
            <r >
                <t i="0" r="0.000" g="0.000" b="0.000" />
                <t i="0" r="0.000" g="0.000" b="0.000" />
                <t i="0" r="0.000" g="0.000" b="0.000" />
                <t i="1" r="1.000" g="1.000" b="1.000" />
                <t i="1" r="1.000" g="1.000" b="1.000" />
                <t i="1" r="1.000" g="1.000" b="1.000" />
                <t i="1" r="1.000" g="1.000" b="1.000" />
                <t i="1" r="1.000" g="1.000" b="1.000" />
                <t i="1" r="1.000" g="1.000" b="1.000" />
                <t i="1" r="1.000" g="1.000" b="1.000" />
                <t i="1" r="1.000" g="1.000" b="1.000" />
                <t i="0" r="0.000" g="0.000" b="0.000" />
                <t i="0" r="0.000" g="0.000" b="0.000" />
            </r>
            <r >
                <t i="0" r="0.000" g="0.000" b="0.000" />
                <t i="0" r="0.000" g="0.000" b="0.000" />
                <t i="0" r="0.000" g="0.000" b="0.000" />
                <t i="0" r="0.000" g="0.000" b="0.000" />
                <t i="1" r="0.840" g="0.820" b="0.870" />
                <t i="1" r="0.840" g="0.820" b="0.870" />
                <t i="1" r="0.840" g="0.820" b="0.870" />
                <t i="1" r="0.840" g="0.820" b="0.870" />
                <t i="1" r="0.840" g="0.820" b="0.870" />
                <t i="1" r="0.840" g="0.820" b="0.870" />
                <t i="0" r="0.000" g="0.000" b="0.000" />
                <t i="0" r="0.000" g="0.000" b="0.000" />
                <t i="0" r="0.000" g="0.000" b="0.000" />
            </r>
            <r >
                <t i="0" r="0.000" g="0.000" b="0.000" />
                <t i="0" r="0.000" g="0.000" b="0.000" />
                <t i="0" r="0.000" g="0.000" b="0.000" />
                <t i="0" r="0.000" g="0.000" b="0.000" />
                <t i="0" r="0.000" g="0.000" b="0.000" />
                <t i="1" r="1.000" g="1.000" b="1.000" />
                <t i="1" r="1.000" g="1.000" b="1.000" />
                <t i="1" r="1.000" g="1.000" b="1.000" />
                <t i="1" r="1.000" g="1.000" b="1.000" />
                <t i="0" r="0.000" g="0.000" b="0.000" />
                <t i="0" r="0.000" g="0.000" b="0.000" />
                <t i="0" r="0.000" g="0.000" b="0.000" />
                <t i="0" r="0.000" g="0.000" b="0.000" />
            </r>
        </Tiles>
        <Entities >
            <Entity kind="1" x="224.000" y="294.000" radius="16.000" mass="1.000" r="1.000" g="1.000" b="1.000" />
            <Entity kind="4" x="138.000" y="345.000" radius="12.000" mass="0.750" r="0.530" g="0.050" b="0.790" />
            <Entity kind="4" x="343.000" y="289.000" radius="16.000" mass="1.250" r="-0.010" g="1.010" b="0.230" />
            <Entity kind="4" x="129.000" y="63.000" radius="16.000" mass="1.250" r="-0.010" g="1.010" b="0.230" />
            <Entity kind="4" x="286.000" y="63.000" radius="16.000" mass="1.250" r="-0.010" g="1.010" b="0.230" />
            <Entity kind="4" x="105.000" y="147.000" radius="16.000" mass="1.250" r="1.000" g="-0.010" b="1.000" />
            <Entity kind="4" x="192.000" y="62.000" radius="16.000" mass="1.250" r="1.000" g="-0.010" b="1.000" />
            <Entity kind="10" x="136.000" y="195.000" radius="18.000" mass="0.950" r="1.000" g="1.000" b="0.630" />
            <Entity kind="6" x="319.000" y="192.000" radius="19.000" mass="0.988" r="0.110" g="0.680" b="1.000" />
            <Entity kind="5" x="225.000" y="195.000" radius="25.000" mass="1.262" r="1.000" g="0.640" b="0.350" />
        </Entities>
    </Level>
