<?xml version="1.0"?>
    <Level >
        <Tiles width="12" height="12" bgPicIndex="15" music="music" gameType="0" >
            <r >
                <t i="0" r="0.000" g="0.000" b="0.000" />
                <t i="0" r="0.000" g="0.000" b="0.000" />
                <t i="0" r="0.000" g="0.000" b="0.000" />
                <t i="0" r="0.000" g="0.000" b="0.000" />
                <t i="0" r="0.000" g="0.000" b="0.000" />
                <t i="0" r="0.000" g="0.000" b="0.000" />
                <t i="0" r="0.000" g="0.000" b="0.000" />
                <t i="0" r="0.000" g="0.000" b="0.000" />
                <t i="0" r="0.000" g="0.000" b="0.000" />
                <t i="0" r="0.000" g="0.000" b="0.000" />
                <t i="0" r="0.000" g="0.000" b="0.000" />
                <t i="0" r="0.000" g="0.000" b="0.000" />
            </r>
            <r >
                <t i="0" r="0.000" g="0.000" b="0.000" />
                <t i="0" r="0.000" g="0.000" b="0.000" />
                <t i="2" r="0.710" g="0.880" b="1.000" />
                <t i="1" r="0.710" g="0.880" b="1.000" />
                <t i="1" r="0.710" g="0.880" b="1.000" />
                <t i="1" r="0.710" g="0.880" b="1.000" />
                <t i="1" r="0.710" g="0.880" b="1.000" />
                <t i="1" r="0.710" g="0.880" b="1.000" />
                <t i="1" r="0.710" g="0.880" b="1.000" />
                <t i="1" r="0.710" g="0.880" b="1.000" />
                <t i="2" r="0.710" g="0.880" b="1.000" />
                <t i="0" r="0.000" g="0.000" b="0.000" />
            </r>
            <r >
                <t i="0" r="0.000" g="0.000" b="0.000" />
                <t i="2" r="0.710" g="0.880" b="1.000" />
                <t i="1" r="1.000" g="1.000" b="1.000" />
                <t i="1" r="0.460" g="0.570" b="1.000" />
                <t i="1" r="1.000" g="1.000" b="1.000" />
                <t i="1" r="0.460" g="0.570" b="1.000" />
                <t i="1" r="1.000" g="1.000" b="1.000" />
                <t i="1" r="0.460" g="0.570" b="1.000" />
                <t i="1" r="1.000" g="1.000" b="1.000" />
                <t i="1" r="0.460" g="0.570" b="1.000" />
                <t i="1" r="1.000" g="1.000" b="1.000" />
                <t i="2" r="0.710" g="0.880" b="1.000" />
            </r>
            <r >
                <t i="0" r="0.000" g="0.000" b="0.000" />
                <t i="1" r="0.710" g="0.880" b="1.000" />
                <t i="1" r="0.460" g="0.570" b="1.000" />
                <t i="1" r="0.630" g="0.650" b="1.000" />
                <t i="1" r="0.830" g="0.650" b="1.000" />
                <t i="1" r="0.830" g="0.650" b="1.000" />
                <t i="1" r="0.830" g="0.650" b="1.000" />
                <t i="1" r="0.830" g="0.650" b="1.000" />
                <t i="1" r="0.830" g="0.650" b="1.000" />
                <t i="1" r="0.630" g="0.650" b="1.000" />
                <t i="1" r="0.460" g="0.570" b="1.000" />
                <t i="1" r="0.710" g="0.880" b="1.000" />
            </r>
            <r >
                <t i="0" r="0.000" g="0.000" b="0.000" />
                <t i="1" r="0.710" g="0.880" b="1.000" />
                <t i="1" r="1.000" g="1.000" b="1.000" />
                <t i="1" r="0.830" g="0.650" b="1.000" />
                <t i="1" r="0.630" g="0.650" b="1.000" />
                <t i="1" r="1.000" g="1.000" b="1.000" />
                <t i="1" r="1.000" g="1.000" b="1.000" />
                <t i="1" r="1.000" g="1.000" b="1.000" />
                <t i="1" r="0.630" g="0.650" b="1.000" />
                <t i="1" r="0.830" g="0.650" b="1.000" />
                <t i="1" r="1.000" g="1.000" b="1.000" />
                <t i="1" r="0.710" g="0.880" b="1.000" />
            </r>
            <r >
                <t i="0" r="0.000" g="0.000" b="0.000" />
                <t i="1" r="0.710" g="0.880" b="1.000" />
                <t i="1" r="0.460" g="0.570" b="1.000" />
                <t i="1" r="0.830" g="0.650" b="1.000" />
                <t i="1" r="1.000" g="1.000" b="1.000" />
                <t i="1" r="0.630" g="0.650" b="1.000" />
                <t i="2" r="1.000" g="1.000" b="1.000" />
                <t i="1" r="0.630" g="0.650" b="1.000" />
                <t i="1" r="1.000" g="1.000" b="1.000" />
                <t i="1" r="0.830" g="0.650" b="1.000" />
                <t i="1" r="0.460" g="0.570" b="1.000" />
                <t i="1" r="0.710" g="0.880" b="1.000" />
            </r>
            <r >
                <t i="0" r="0.000" g="0.000" b="0.000" />
                <t i="1" r="0.710" g="0.880" b="1.000" />
                <t i="1" r="1.000" g="1.000" b="1.000" />
                <t i="1" r="0.830" g="0.650" b="1.000" />
                <t i="1" r="1.000" g="1.000" b="1.000" />
                <t i="2" r="1.000" g="1.000" b="1.000" />
                <t i="0" r="0.000" g="0.000" b="0.000" />
                <t i="2" r="1.000" g="1.000" b="1.000" />
                <t i="1" r="1.000" g="1.000" b="1.000" />
                <t i="1" r="0.830" g="0.650" b="1.000" />
                <t i="1" r="1.000" g="1.000" b="1.000" />
                <t i="1" r="0.710" g="0.880" b="1.000" />
            </r>
            <r >
                <t i="0" r="0.000" g="0.000" b="0.000" />
                <t i="1" r="0.710" g="0.880" b="1.000" />
                <t i="1" r="0.460" g="0.570" b="1.000" />
                <t i="1" r="0.830" g="0.650" b="1.000" />
                <t i="1" r="1.000" g="1.000" b="1.000" />
                <t i="1" r="0.630" g="0.650" b="1.000" />
                <t i="2" r="1.000" g="1.000" b="1.000" />
                <t i="1" r="0.630" g="0.650" b="1.000" />
                <t i="1" r="1.000" g="1.000" b="1.000" />
                <t i="1" r="0.830" g="0.650" b="1.000" />
                <t i="1" r="0.460" g="0.570" b="1.000" />
                <t i="1" r="0.710" g="0.880" b="1.000" />
            </r>
            <r >
                <t i="0" r="0.000" g="0.000" b="0.000" />
                <t i="1" r="0.710" g="0.880" b="1.000" />
                <t i="1" r="1.000" g="1.000" b="1.000" />
                <t i="1" r="0.830" g="0.650" b="1.000" />
                <t i="1" r="0.630" g="0.650" b="1.000" />
                <t i="1" r="1.000" g="1.000" b="1.000" />
                <t i="1" r="1.000" g="1.000" b="1.000" />
                <t i="1" r="1.000" g="1.000" b="1.000" />
                <t i="1" r="0.630" g="0.650" b="1.000" />
                <t i="1" r="0.830" g="0.650" b="1.000" />
                <t i="1" r="1.000" g="1.000" b="1.000" />
                <t i="1" r="0.710" g="0.880" b="1.000" />
            </r>
            <r >
                <t i="0" r="0.000" g="0.000" b="0.000" />
                <t i="1" r="0.710" g="0.880" b="1.000" />
                <t i="1" r="0.460" g="0.570" b="1.000" />
                <t i="1" r="0.630" g="0.650" b="1.000" />
                <t i="1" r="0.830" g="0.650" b="1.000" />
                <t i="1" r="0.830" g="0.650" b="1.000" />
                <t i="1" r="0.830" g="0.650" b="1.000" />
                <t i="1" r="0.830" g="0.650" b="1.000" />
                <t i="1" r="0.830" g="0.650" b="1.000" />
                <t i="1" r="0.630" g="0.650" b="1.000" />
                <t i="1" r="0.460" g="0.570" b="1.000" />
                <t i="1" r="0.710" g="0.880" b="1.000" />
            </r>
            <r >
                <t i="0" r="0.000" g="0.000" b="0.000" />
                <t i="2" r="0.710" g="0.880" b="1.000" />
                <t i="1" r="1.000" g="1.000" b="1.000" />
                <t i="1" r="0.460" g="0.570" b="1.000" />
                <t i="1" r="1.000" g="1.000" b="1.000" />
                <t i="1" r="0.460" g="0.570" b="1.000" />
                <t i="1" r="1.000" g="1.000" b="1.000" />
                <t i="1" r="0.460" g="0.570" b="1.000" />
                <t i="1" r="1.000" g="1.000" b="1.000" />
                <t i="1" r="0.460" g="0.570" b="1.000" />
                <t i="1" r="1.000" g="1.000" b="1.000" />
                <t i="2" r="0.710" g="0.880" b="1.000" />
            </r>
            <r >
                <t i="0" r="0.000" g="0.000" b="0.000" />
                <t i="0" r="0.000" g="0.000" b="0.000" />
                <t i="2" r="0.710" g="0.880" b="1.000" />
                <t i="1" r="0.710" g="0.880" b="1.000" />
                <t i="1" r="0.710" g="0.880" b="1.000" />
                <t i="1" r="0.710" g="0.880" b="1.000" />
                <t i="1" r="0.710" g="0.880" b="1.000" />
                <t i="1" r="0.710" g="0.880" b="1.000" />
                <t i="1" r="0.710" g="0.880" b="1.000" />
                <t i="1" r="0.710" g="0.880" b="1.000" />
                <t i="2" r="0.710" g="0.880" b="1.000" />
                <t i="0" r="0.000" g="0.000" b="0.000" />
            </r>
        </Tiles>
        <Entities >
            <Entity kind="1" x="115.000" y="312.000" radius="16.000" mass="1.000" r="1.000" g="1.000" b="1.000" />
            <Entity kind="4" x="238.000" y="204.000" radius="16.000" mass="0.500" r="1.000" g="0.490" b="0.830" />
            <Entity kind="4" x="206.000" y="161.000" radius="16.000" mass="0.550" r="1.000" g="0.490" b="0.420" />
            <Entity kind="4" x="173.000" y="201.000" radius="16.000" mass="0.500" r="1.000" g="0.490" b="0.830" />
            <Entity kind="4" x="205.000" y="240.000" radius="16.000" mass="0.500" r="1.000" g="0.490" b="0.420" />
            <Entity kind="6" x="303.000" y="112.000" radius="16.000" mass="0.550" r="0.200" g="1.000" b="-0.010" />
            <Entity kind="10" x="110.000" y="110.000" radius="16.000" mass="0.550" r="1.000" g="0.560" b="0.650" />
        </Entities>
    </Level>
