<?xml version="1.0"?>
    <Level >
        <Tiles width="18" height="18" bgPicIndex="14" music="bumpyrobots_track2">
            <r >
                <t i="0" r="0.000" g="0.000" b="0.000" />
                <t i="0" r="0.000" g="0.000" b="0.000" />
                <t i="0" r="0.000" g="0.000" b="0.000" />
                <t i="0" r="0.000" g="0.000" b="0.000" />
                <t i="0" r="0.000" g="0.000" b="0.000" />
                <t i="0" r="0.000" g="0.000" b="0.000" />
                <t i="0" r="0.000" g="0.000" b="0.000" />
                <t i="0" r="0.000" g="0.000" b="0.000" />
                <t i="0" r="0.000" g="0.000" b="0.000" />
                <t i="0" r="0.000" g="0.000" b="0.000" />
                <t i="0" r="0.000" g="0.000" b="0.000" />
                <t i="0" r="0.000" g="0.000" b="0.000" />
                <t i="0" r="0.000" g="0.000" b="0.000" />
                <t i="0" r="0.000" g="0.000" b="0.000" />
                <t i="0" r="0.000" g="0.000" b="0.000" />
                <t i="0" r="0.000" g="0.000" b="0.000" />
                <t i="0" r="0.000" g="0.000" b="0.000" />
                <t i="0" r="0.000" g="0.000" b="0.000" />
            </r>
            <r >
                <t i="0" r="0.000" g="0.000" b="0.000" />
                <t i="0" r="0.000" g="0.000" b="0.000" />
                <t i="0" r="0.000" g="0.000" b="0.000" />
                <t i="0" r="0.000" g="0.000" b="0.000" />
                <t i="0" r="0.000" g="0.000" b="0.000" />
                <t i="0" r="0.000" g="0.000" b="0.000" />
                <t i="0" r="0.000" g="0.000" b="0.000" />
                <t i="0" r="0.000" g="0.000" b="0.000" />
                <t i="1" r="0.080" g="0.600" b="1.010" />
                <t i="1" r="0.080" g="0.600" b="1.010" />
                <t i="1" r="0.080" g="0.600" b="1.010" />
                <t i="0" r="0.000" g="0.000" b="0.000" />
                <t i="0" r="0.000" g="0.000" b="0.000" />
                <t i="0" r="1.000" g="1.000" b="1.000" />
                <t i="0" r="0.000" g="0.000" b="0.000" />
                <t i="0" r="0.000" g="0.000" b="0.000" />
                <t i="0" r="0.000" g="0.000" b="0.000" />
                <t i="0" r="0.000" g="0.000" b="0.000" />
            </r>
            <r >
                <t i="0" r="0.000" g="0.000" b="0.000" />
                <t i="0" r="0.000" g="0.000" b="0.000" />
                <t i="0" r="0.000" g="0.000" b="0.000" />
                <t i="0" r="0.000" g="0.000" b="0.000" />
                <t i="0" r="0.000" g="0.000" b="0.000" />
                <t i="0" r="0.000" g="0.000" b="0.000" />
                <t i="0" r="0.000" g="0.000" b="0.000" />
                <t i="0" r="0.000" g="0.000" b="0.000" />
                <t i="1" r="0.550" g="0.810" b="0.930" />
                <t i="1" r="0.550" g="0.810" b="0.930" />
                <t i="1" r="0.550" g="0.810" b="0.930" />
                <t i="0" r="0.000" g="0.000" b="0.000" />
                <t i="0" r="0.000" g="0.000" b="0.000" />
                <t i="0" r="0.000" g="0.000" b="0.000" />
                <t i="0" r="0.000" g="0.000" b="0.000" />
                <t i="0" r="0.000" g="0.000" b="0.000" />
                <t i="0" r="0.000" g="0.000" b="0.000" />
                <t i="0" r="0.000" g="0.000" b="0.000" />
            </r>
            <r >
                <t i="0" r="0.000" g="0.000" b="0.000" />
                <t i="0" r="0.000" g="0.000" b="0.000" />
                <t i="0" r="0.000" g="0.000" b="0.000" />
                <t i="0" r="0.000" g="0.000" b="0.000" />
                <t i="2" r="1.000" g="1.000" b="1.000" />
                <t i="1" r="1.000" g="1.000" b="1.000" />
                <t i="1" r="1.000" g="1.000" b="1.000" />
                <t i="2" r="1.000" g="1.000" b="1.000" />
                <t i="1" r="0.550" g="0.810" b="0.930" />
                <t i="2" r="0.490" g="0.460" b="0.580" />
                <t i="1" r="0.550" g="0.810" b="0.930" />
                <t i="2" r="1.000" g="1.000" b="1.000" />
                <t i="1" r="1.000" g="1.000" b="1.000" />
                <t i="1" r="1.000" g="1.000" b="1.000" />
                <t i="2" r="1.000" g="1.000" b="1.000" />
                <t i="0" r="0.000" g="0.000" b="0.000" />
                <t i="0" r="0.000" g="0.000" b="0.000" />
                <t i="0" r="0.000" g="0.000" b="0.000" />
            </r>
            <r >
                <t i="0" r="0.000" g="0.000" b="0.000" />
                <t i="0" r="0.000" g="0.000" b="0.000" />
                <t i="0" r="0.000" g="0.000" b="0.000" />
                <t i="2" r="1.000" g="1.000" b="1.000" />
                <t i="1" r="1.000" g="1.000" b="1.000" />
                <t i="0" r="0.000" g="0.000" b="0.000" />
                <t i="0" r="0.000" g="0.000" b="0.000" />
                <t i="0" r="0.000" g="0.000" b="0.000" />
                <t i="1" r="0.550" g="0.810" b="0.930" />
                <t i="1" r="0.550" g="0.810" b="0.930" />
                <t i="1" r="0.550" g="0.810" b="0.930" />
                <t i="0" r="0.000" g="0.000" b="0.000" />
                <t i="0" r="0.000" g="0.000" b="0.000" />
                <t i="0" r="0.000" g="0.000" b="0.000" />
                <t i="1" r="1.000" g="1.000" b="1.000" />
                <t i="2" r="1.000" g="1.000" b="1.000" />
                <t i="0" r="0.000" g="0.000" b="0.000" />
                <t i="0" r="0.000" g="0.000" b="0.000" />
            </r>
            <r >
                <t i="0" r="0.000" g="0.000" b="0.000" />
                <t i="0" r="0.000" g="0.000" b="0.000" />
                <t i="0" r="0.000" g="0.000" b="0.000" />
                <t i="1" r="1.000" g="1.000" b="1.000" />
                <t i="0" r="0.000" g="0.000" b="0.000" />
                <t i="0" r="0.000" g="0.000" b="0.000" />
                <t i="0" r="0.000" g="0.000" b="0.000" />
                <t i="1" r="0.490" g="0.460" b="0.580" />
                <t i="1" r="0.080" g="0.600" b="1.010" />
                <t i="1" r="0.080" g="0.600" b="1.010" />
                <t i="1" r="0.080" g="0.600" b="1.010" />
                <t i="1" r="0.490" g="0.460" b="0.580" />
                <t i="0" r="0.000" g="0.000" b="0.000" />
                <t i="0" r="0.000" g="0.000" b="0.000" />
                <t i="0" r="0.000" g="0.000" b="0.000" />
                <t i="1" r="1.000" g="1.000" b="1.000" />
                <t i="0" r="0.000" g="0.000" b="0.000" />
                <t i="0" r="0.000" g="0.000" b="0.000" />
            </r>
            <r >
                <t i="0" r="0.000" g="0.000" b="0.000" />
                <t i="0" r="0.000" g="0.000" b="0.000" />
                <t i="0" r="0.000" g="0.000" b="0.000" />
                <t i="1" r="1.000" g="1.000" b="1.000" />
                <t i="0" r="0.000" g="0.000" b="0.000" />
                <t i="0" r="0.000" g="0.000" b="0.000" />
                <t i="2" r="0.490" g="0.460" b="0.580" />
                <t i="0" r="0.000" g="0.000" b="0.000" />
                <t i="0" r="0.000" g="0.000" b="0.000" />
                <t i="1" r="0.490" g="0.460" b="0.580" />
                <t i="0" r="0.000" g="0.000" b="0.000" />
                <t i="0" r="0.000" g="0.000" b="0.000" />
                <t i="2" r="0.490" g="0.460" b="0.580" />
                <t i="0" r="1.000" g="1.000" b="1.000" />
                <t i="0" r="0.000" g="0.000" b="0.000" />
                <t i="1" r="1.000" g="1.000" b="1.000" />
                <t i="0" r="0.000" g="0.000" b="0.000" />
                <t i="0" r="0.000" g="0.000" b="0.000" />
            </r>
            <r >
                <t i="0" r="0.000" g="0.000" b="0.000" />
                <t i="0" r="0.000" g="0.000" b="0.000" />
                <t i="0" r="0.000" g="0.000" b="0.000" />
                <t i="2" r="1.000" g="1.000" b="1.000" />
                <t i="0" r="0.000" g="0.000" b="0.000" />
                <t i="1" r="0.490" g="0.460" b="0.580" />
                <t i="0" r="0.000" g="0.000" b="0.000" />
                <t i="0" r="0.000" g="0.000" b="0.000" />
                <t i="0" r="0.000" g="0.000" b="0.000" />
                <t i="1" r="0.490" g="0.460" b="0.580" />
                <t i="0" r="0.000" g="0.000" b="0.000" />
                <t i="0" r="0.000" g="0.000" b="0.000" />
                <t i="0" r="0.000" g="0.000" b="0.000" />
                <t i="1" r="0.490" g="0.460" b="0.580" />
                <t i="0" r="0.000" g="0.000" b="0.000" />
                <t i="2" r="1.000" g="1.000" b="1.000" />
                <t i="0" r="0.000" g="0.000" b="0.000" />
                <t i="0" r="0.000" g="0.000" b="0.000" />
            </r>
            <r >
                <t i="0" r="0.000" g="0.000" b="0.000" />
                <t i="1" r="0.080" g="0.600" b="1.010" />
                <t i="1" r="0.550" g="0.810" b="0.930" />
                <t i="1" r="0.550" g="0.810" b="0.930" />
                <t i="1" r="0.550" g="0.810" b="0.930" />
                <t i="1" r="0.080" g="0.600" b="1.010" />
                <t i="0" r="0.000" g="0.000" b="0.000" />
                <t i="0" r="0.000" g="0.000" b="0.000" />
                <t i="1" r="1.000" g="1.000" b="1.000" />
                <t i="1" r="1.000" g="1.000" b="1.000" />
                <t i="1" r="1.000" g="1.000" b="1.000" />
                <t i="0" r="0.000" g="0.000" b="0.000" />
                <t i="0" r="0.000" g="0.000" b="0.000" />
                <t i="1" r="0.080" g="0.600" b="1.010" />
                <t i="1" r="0.550" g="0.810" b="0.930" />
                <t i="1" r="0.550" g="0.810" b="0.930" />
                <t i="1" r="0.550" g="0.810" b="0.930" />
                <t i="1" r="0.080" g="0.600" b="1.010" />
            </r>
            <r >
                <t i="0" r="0.000" g="0.000" b="0.000" />
                <t i="1" r="0.080" g="0.600" b="1.010" />
                <t i="1" r="0.550" g="0.810" b="0.930" />
                <t i="2" r="0.490" g="0.460" b="0.580" />
                <t i="1" r="0.550" g="0.810" b="0.930" />
                <t i="1" r="0.080" g="0.600" b="1.010" />
                <t i="1" r="0.490" g="0.460" b="0.580" />
                <t i="1" r="0.490" g="0.460" b="0.580" />
                <t i="1" r="1.000" g="1.000" b="1.000" />
                <t i="2" r="1.000" g="1.000" b="1.000" />
                <t i="1" r="1.000" g="1.000" b="1.000" />
                <t i="1" r="0.490" g="0.460" b="0.580" />
                <t i="1" r="0.490" g="0.460" b="0.580" />
                <t i="1" r="0.080" g="0.600" b="1.010" />
                <t i="1" r="0.550" g="0.810" b="0.930" />
                <t i="2" r="0.490" g="0.460" b="0.580" />
                <t i="1" r="0.550" g="0.810" b="0.930" />
                <t i="1" r="0.080" g="0.600" b="1.010" />
            </r>
            <r >
                <t i="0" r="0.000" g="0.000" b="0.000" />
                <t i="1" r="0.080" g="0.600" b="1.010" />
                <t i="1" r="0.550" g="0.810" b="0.930" />
                <t i="1" r="0.550" g="0.810" b="0.930" />
                <t i="1" r="0.550" g="0.810" b="0.930" />
                <t i="1" r="0.080" g="0.600" b="1.010" />
                <t i="0" r="0.000" g="0.000" b="0.000" />
                <t i="0" r="0.000" g="0.000" b="0.000" />
                <t i="1" r="1.000" g="1.000" b="1.000" />
                <t i="1" r="1.000" g="1.000" b="1.000" />
                <t i="1" r="1.000" g="1.000" b="1.000" />
                <t i="0" r="0.000" g="0.000" b="0.000" />
                <t i="0" r="0.000" g="0.000" b="0.000" />
                <t i="1" r="0.080" g="0.600" b="1.010" />
                <t i="1" r="0.550" g="0.810" b="0.930" />
                <t i="1" r="0.550" g="0.810" b="0.930" />
                <t i="1" r="0.550" g="0.810" b="0.930" />
                <t i="1" r="0.080" g="0.600" b="1.010" />
            </r>
            <r >
                <t i="0" r="0.000" g="0.000" b="0.000" />
                <t i="0" r="0.000" g="0.000" b="0.000" />
                <t i="0" r="0.000" g="0.000" b="0.000" />
                <t i="2" r="1.000" g="1.000" b="1.000" />
                <t i="0" r="0.000" g="0.000" b="0.000" />
                <t i="1" r="0.490" g="0.460" b="0.580" />
                <t i="0" r="0.000" g="0.000" b="0.000" />
                <t i="0" r="1.000" g="1.000" b="1.000" />
                <t i="0" r="0.000" g="0.000" b="0.000" />
                <t i="1" r="0.490" g="0.460" b="0.580" />
                <t i="0" r="0.000" g="0.000" b="0.000" />
                <t i="0" r="1.000" g="1.000" b="1.000" />
                <t i="0" r="0.000" g="0.000" b="0.000" />
                <t i="1" r="0.490" g="0.460" b="0.580" />
                <t i="0" r="0.000" g="0.000" b="0.000" />
                <t i="2" r="1.000" g="1.000" b="1.000" />
                <t i="0" r="0.000" g="0.000" b="0.000" />
                <t i="0" r="0.000" g="0.000" b="0.000" />
            </r>
            <r >
                <t i="0" r="0.000" g="0.000" b="0.000" />
                <t i="0" r="0.000" g="0.000" b="0.000" />
                <t i="0" r="0.000" g="0.000" b="0.000" />
                <t i="1" r="1.000" g="1.000" b="1.000" />
                <t i="0" r="0.000" g="0.000" b="0.000" />
                <t i="0" r="0.000" g="0.000" b="0.000" />
                <t i="2" r="0.490" g="0.460" b="0.580" />
                <t i="0" r="0.000" g="0.000" b="0.000" />
                <t i="0" r="0.000" g="0.000" b="0.000" />
                <t i="1" r="0.490" g="0.460" b="0.580" />
                <t i="0" r="0.000" g="0.000" b="0.000" />
                <t i="0" r="0.000" g="0.000" b="0.000" />
                <t i="2" r="0.490" g="0.460" b="0.580" />
                <t i="0" r="0.000" g="0.000" b="0.000" />
                <t i="0" r="0.000" g="0.000" b="0.000" />
                <t i="1" r="1.000" g="1.000" b="1.000" />
                <t i="0" r="0.000" g="0.000" b="0.000" />
                <t i="0" r="1.000" g="1.000" b="1.000" />
            </r>
            <r >
                <t i="0" r="0.000" g="0.000" b="0.000" />
                <t i="0" r="0.000" g="0.000" b="0.000" />
                <t i="0" r="0.000" g="0.000" b="0.000" />
                <t i="1" r="1.000" g="1.000" b="1.000" />
                <t i="0" r="0.000" g="0.000" b="0.000" />
                <t i="0" r="0.000" g="0.000" b="0.000" />
                <t i="0" r="0.000" g="0.000" b="0.000" />
                <t i="1" r="0.490" g="0.460" b="0.580" />
                <t i="1" r="0.080" g="0.600" b="1.010" />
                <t i="1" r="0.080" g="0.600" b="1.010" />
                <t i="1" r="0.080" g="0.600" b="1.010" />
                <t i="1" r="0.490" g="0.460" b="0.580" />
                <t i="0" r="0.000" g="0.000" b="0.000" />
                <t i="0" r="0.000" g="0.000" b="0.000" />
                <t i="0" r="0.000" g="0.000" b="0.000" />
                <t i="1" r="1.000" g="1.000" b="1.000" />
                <t i="0" r="0.000" g="0.000" b="0.000" />
                <t i="0" r="0.000" g="0.000" b="0.000" />
            </r>
            <r >
                <t i="0" r="0.000" g="0.000" b="0.000" />
                <t i="0" r="0.000" g="0.000" b="0.000" />
                <t i="0" r="0.000" g="0.000" b="0.000" />
                <t i="2" r="1.000" g="1.000" b="1.000" />
                <t i="1" r="1.000" g="1.000" b="1.000" />
                <t i="0" r="0.000" g="0.000" b="0.000" />
                <t i="0" r="0.000" g="0.000" b="0.000" />
                <t i="0" r="0.000" g="0.000" b="0.000" />
                <t i="1" r="0.550" g="0.810" b="0.930" />
                <t i="1" r="0.550" g="0.810" b="0.930" />
                <t i="1" r="0.550" g="0.810" b="0.930" />
                <t i="0" r="0.000" g="0.000" b="0.000" />
                <t i="0" r="0.000" g="0.000" b="0.000" />
                <t i="0" r="0.000" g="0.000" b="0.000" />
                <t i="1" r="1.000" g="1.000" b="1.000" />
                <t i="2" r="1.000" g="1.000" b="1.000" />
                <t i="0" r="0.000" g="0.000" b="0.000" />
                <t i="0" r="0.000" g="0.000" b="0.000" />
            </r>
            <r >
                <t i="0" r="0.000" g="0.000" b="0.000" />
                <t i="0" r="0.000" g="0.000" b="0.000" />
                <t i="0" r="0.000" g="0.000" b="0.000" />
                <t i="0" r="0.000" g="0.000" b="0.000" />
                <t i="2" r="1.000" g="1.000" b="1.000" />
                <t i="1" r="1.000" g="1.000" b="1.000" />
                <t i="1" r="1.000" g="1.000" b="1.000" />
                <t i="1" r="1.000" g="1.000" b="1.000" />
                <t i="1" r="0.550" g="0.810" b="0.930" />
                <t i="2" r="0.490" g="0.460" b="0.580" />
                <t i="1" r="0.550" g="0.810" b="0.930" />
                <t i="1" r="1.000" g="1.000" b="1.000" />
                <t i="1" r="1.000" g="1.000" b="1.000" />
                <t i="1" r="1.000" g="1.000" b="1.000" />
                <t i="2" r="1.000" g="1.000" b="1.000" />
                <t i="0" r="0.000" g="0.000" b="0.000" />
                <t i="0" r="0.000" g="0.000" b="0.000" />
                <t i="0" r="0.000" g="0.000" b="0.000" />
            </r>
            <r >
                <t i="0" r="0.000" g="0.000" b="0.000" />
                <t i="0" r="0.000" g="0.000" b="0.000" />
                <t i="0" r="0.000" g="0.000" b="0.000" />
                <t i="0" r="0.000" g="0.000" b="0.000" />
                <t i="0" r="0.000" g="0.000" b="0.000" />
                <t i="0" r="0.000" g="0.000" b="0.000" />
                <t i="0" r="0.000" g="0.000" b="0.000" />
                <t i="0" r="0.000" g="0.000" b="0.000" />
                <t i="1" r="0.550" g="0.810" b="0.930" />
                <t i="1" r="0.550" g="0.810" b="0.930" />
                <t i="1" r="0.550" g="0.810" b="0.930" />
                <t i="0" r="0.000" g="0.000" b="0.000" />
                <t i="0" r="0.000" g="0.000" b="0.000" />
                <t i="0" r="0.000" g="0.000" b="0.000" />
                <t i="0" r="0.000" g="0.000" b="0.000" />
                <t i="0" r="0.000" g="0.000" b="0.000" />
                <t i="0" r="0.000" g="0.000" b="0.000" />
                <t i="0" r="0.000" g="0.000" b="0.000" />
            </r>
            <r >
                <t i="0" r="0.000" g="0.000" b="0.000" />
                <t i="0" r="0.000" g="0.000" b="0.000" />
                <t i="0" r="0.000" g="0.000" b="0.000" />
                <t i="0" r="1.000" g="1.000" b="1.000" />
                <t i="0" r="1.000" g="1.000" b="1.000" />
                <t i="0" r="0.000" g="0.000" b="0.000" />
                <t i="0" r="0.000" g="0.000" b="0.000" />
                <t i="0" r="0.000" g="0.000" b="0.000" />
                <t i="1" r="0.080" g="0.600" b="1.010" />
                <t i="1" r="0.080" g="0.600" b="1.010" />
                <t i="1" r="0.080" g="0.600" b="1.010" />
                <t i="0" r="0.000" g="0.000" b="0.000" />
                <t i="0" r="0.000" g="0.000" b="0.000" />
                <t i="0" r="0.000" g="0.000" b="0.000" />
                <t i="0" r="0.000" g="0.000" b="0.000" />
                <t i="0" r="0.000" g="0.000" b="0.000" />
                <t i="0" r="0.000" g="0.000" b="0.000" />
                <t i="0" r="0.000" g="0.000" b="0.000" />
            </r>
        </Tiles>
        <Entities >
            <Entity kind="1" x="303.000" y="497.000" radius="16.000" mass="1.000" r="1.000" g="1.000" b="1.000" />
            <Entity kind="5" x="303.000" y="303.000" radius="16.000" mass="1.000" r="1.000" g="0.050" b="0.220" />
            <Entity kind="4" x="340.000" y="340.000" radius="14.000" mass="13.000" r="0.020" g="0.430" b="1.000" />
            <Entity kind="4" x="343.000" y="303.000" radius="14.000" mass="13.000" r="0.020" g="0.430" b="1.000" />
            <Entity kind="4" x="338.000" y="264.000" radius="14.000" mass="13.000" r="0.020" g="0.430" b="1.000" />
            <Entity kind="4" x="304.000" y="265.000" radius="14.000" mass="13.000" r="0.020" g="0.430" b="1.000" />
            <Entity kind="4" x="269.000" y="268.000" radius="14.000" mass="13.000" r="0.020" g="0.430" b="1.000" />
            <Entity kind="4" x="264.000" y="303.000" radius="14.000" mass="13.000" r="0.020" g="0.430" b="1.000" />
            <Entity kind="4" x="266.000" y="337.000" radius="14.000" mass="13.000" r="0.020" g="0.430" b="1.000" />
            <Entity kind="4" x="302.000" y="344.000" radius="14.000" mass="13.000" r="0.020" g="0.430" b="1.000" />
            <Entity kind="4" x="429.000" y="371.000" radius="11.500" mass="1.050" r="0.480" g="0.420" b="1.010" />
            <Entity kind="4" x="369.000" y="428.000" radius="11.500" mass="1.050" r="0.480" g="0.420" b="1.010" />
            <Entity kind="4" x="243.000" y="431.000" radius="11.500" mass="1.050" r="0.480" g="0.420" b="1.010" />
            <Entity kind="4" x="178.000" y="363.000" radius="11.500" mass="1.050" r="0.480" g="0.420" b="1.010" />
            <Entity kind="4" x="170.000" y="237.000" radius="11.500" mass="1.050" r="0.480" g="0.420" b="1.010" />
            <Entity kind="4" x="246.000" y="172.000" radius="11.500" mass="1.050" r="0.480" g="0.420" b="1.010" />
            <Entity kind="4" x="361.000" y="173.000" radius="11.500" mass="1.050" r="0.480" g="0.420" b="1.010" />
            <Entity kind="4" x="435.000" y="242.000" radius="11.500" mass="1.050" r="0.480" g="0.420" b="1.010" />
            <Entity kind="4" x="374.000" y="303.000" radius="14.000" mass="13.000" r="0.020" g="0.430" b="1.000" />
            <Entity kind="4" x="228.000" y="305.000" radius="14.000" mass="13.000" r="0.020" g="0.430" b="1.000" />
            <Entity kind="4" x="302.000" y="381.000" radius="14.000" mass="13.000" r="0.020" g="0.430" b="1.000" />
            <Entity kind="4" x="302.000" y="229.000" radius="14.000" mass="13.000" r="0.020" g="0.430" b="1.000" />
            <Entity kind="4" x="271.000" y="558.000" radius="11.500" mass="1.050" r="0.480" g="0.420" b="1.010" />
            <Entity kind="4" x="338.000" y="559.000" radius="11.500" mass="1.050" r="0.480" g="0.420" b="1.010" />
            <Entity kind="6" x="304.000" y="114.000" radius="16.000" mass="1.900" r="0.020" g="1.000" b="0.670" />
            <Entity kind="6" x="493.000" y="300.000" radius="16.000" mass="1.900" r="0.020" g="1.000" b="0.670" />
            <Entity kind="6" x="107.000" y="304.000" radius="16.000" mass="1.900" r="0.020" g="1.000" b="0.670" />
        </Entities>
    </Level>
