<?xml version="1.0"?>
    <Level >
        <Tiles width="5" height="18" bgPicIndex="15" music="music">
            <r >
                <t i="0" r="0.000" g="0.000" b="0.000" />
                <t i="0" r="0.000" g="0.000" b="0.000" />
                <t i="0" r="0.000" g="0.000" b="0.000" />
                <t i="0" r="0.000" g="0.000" b="0.000" />
                <t i="0" r="0.000" g="0.000" b="0.000" />
            </r>
            <r >
                <t i="0" r="0.000" g="0.000" b="0.000" />
                <t i="0" r="0.000" g="0.000" b="0.000" />
                <t i="2" r="0.440" g="0.370" b="0.400" />
                <t i="1" r="0.440" g="0.370" b="0.400" />
                <t i="1" r="1.000" g="1.000" b="1.000" />
            </r>
            <r >
                <t i="0" r="0.000" g="0.000" b="0.000" />
                <t i="2" r="1.000" g="1.000" b="1.000" />
                <t i="2" r="0.440" g="0.370" b="0.400" />
                <t i="1" r="0.440" g="0.370" b="0.400" />
                <t i="1" r="1.000" g="1.000" b="1.000" />
            </r>
            <r >
                <t i="0" r="0.000" g="0.000" b="0.000" />
                <t i="1" r="1.000" g="1.000" b="1.000" />
                <t i="1" r="0.440" g="0.370" b="0.400" />
                <t i="1" r="0.440" g="0.370" b="0.400" />
                <t i="2" r="1.000" g="1.000" b="1.000" />
            </r>
            <r >
                <t i="0" r="1.000" g="1.000" b="1.000" />
                <t i="1" r="1.000" g="1.000" b="1.000" />
                <t i="1" r="0.440" g="0.370" b="0.400" />
                <t i="1" r="0.440" g="0.370" b="0.400" />
                <t i="1" r="1.000" g="1.000" b="1.000" />
            </r>
            <r >
                <t i="0" r="0.000" g="0.000" b="0.000" />
                <t i="1" r="1.000" g="1.000" b="1.000" />
                <t i="1" r="0.440" g="0.370" b="0.400" />
                <t i="1" r="0.440" g="0.370" b="0.400" />
                <t i="1" r="1.000" g="1.000" b="1.000" />
            </r>
            <r >
                <t i="0" r="0.000" g="0.000" b="0.000" />
                <t i="1" r="1.000" g="1.000" b="1.000" />
                <t i="1" r="0.440" g="0.370" b="0.400" />
                <t i="1" r="0.440" g="0.370" b="0.400" />
                <t i="1" r="1.000" g="1.000" b="1.000" />
            </r>
            <r >
                <t i="0" r="0.000" g="0.000" b="0.000" />
                <t i="1" r="1.000" g="1.000" b="1.000" />
                <t i="1" r="0.440" g="0.370" b="0.400" />
                <t i="1" r="0.440" g="0.370" b="0.400" />
                <t i="1" r="1.000" g="1.000" b="1.000" />
            </r>
            <r >
                <t i="0" r="0.000" g="0.000" b="0.000" />
                <t i="1" r="1.000" g="1.000" b="1.000" />
                <t i="1" r="0.440" g="0.370" b="0.400" />
                <t i="1" r="0.440" g="0.370" b="0.400" />
                <t i="1" r="1.000" g="1.000" b="1.000" />
            </r>
            <r >
                <t i="0" r="0.000" g="0.000" b="0.000" />
                <t i="1" r="1.000" g="1.000" b="1.000" />
                <t i="1" r="0.440" g="0.370" b="0.400" />
                <t i="1" r="0.440" g="0.370" b="0.400" />
                <t i="1" r="1.000" g="1.000" b="1.000" />
            </r>
            <r >
                <t i="0" r="0.000" g="0.000" b="0.000" />
                <t i="1" r="1.000" g="1.000" b="1.000" />
                <t i="1" r="0.440" g="0.370" b="0.400" />
                <t i="2" r="0.440" g="0.370" b="0.400" />
                <t i="1" r="1.000" g="1.000" b="1.000" />
            </r>
            <r >
                <t i="0" r="0.000" g="0.000" b="0.000" />
                <t i="1" r="1.000" g="1.000" b="1.000" />
                <t i="1" r="0.440" g="0.370" b="0.400" />
                <t i="1" r="0.440" g="0.370" b="0.400" />
                <t i="1" r="1.000" g="1.000" b="1.000" />
            </r>
            <r >
                <t i="0" r="0.000" g="0.000" b="0.000" />
                <t i="1" r="1.000" g="1.000" b="1.000" />
                <t i="1" r="0.440" g="0.370" b="0.400" />
                <t i="1" r="0.440" g="0.370" b="0.400" />
                <t i="1" r="1.000" g="1.000" b="1.000" />
            </r>
            <r >
                <t i="0" r="0.000" g="0.000" b="0.000" />
                <t i="1" r="1.000" g="1.000" b="1.000" />
                <t i="2" r="0.440" g="0.370" b="0.400" />
                <t i="1" r="0.440" g="0.370" b="0.400" />
                <t i="1" r="1.000" g="1.000" b="1.000" />
            </r>
            <r >
                <t i="0" r="0.000" g="0.000" b="0.000" />
                <t i="1" r="1.000" g="1.000" b="1.000" />
                <t i="1" r="0.440" g="0.370" b="0.400" />
                <t i="1" r="0.440" g="0.370" b="0.400" />
                <t i="1" r="1.000" g="1.000" b="1.000" />
            </r>
            <r >
                <t i="0" r="0.000" g="0.000" b="0.000" />
                <t i="1" r="1.000" g="1.000" b="1.000" />
                <t i="1" r="0.440" g="0.370" b="0.400" />
                <t i="1" r="0.440" g="0.370" b="0.400" />
                <t i="1" r="1.000" g="1.000" b="1.000" />
            </r>
            <r >
                <t i="0" r="0.000" g="0.000" b="0.000" />
                <t i="1" r="1.000" g="1.000" b="1.000" />
                <t i="1" r="0.440" g="0.370" b="0.400" />
                <t i="1" r="0.440" g="0.370" b="0.400" />
                <t i="1" r="1.000" g="1.000" b="1.000" />
            </r>
            <r >
                <t i="0" r="0.000" g="0.000" b="0.000" />
                <t i="1" r="1.000" g="1.000" b="1.000" />
                <t i="1" r="1.000" g="1.000" b="1.000" />
                <t i="1" r="1.000" g="1.000" b="1.000" />
                <t i="1" r="1.000" g="1.000" b="1.000" />
            </r>
        </Tiles>
        <Entities >
            <Entity kind="1" x="93.000" y="517.000" radius="16.000" mass="1.000" r="1.000" g="1.000" b="1.000" />
            <Entity kind="10" x="112.000" y="80.000" radius="19.000" mass="1.188" r="1.000" g="1.000" b="1.000" />
            <Entity kind="10" x="80.000" y="176.000" radius="14.000" mass="0.875" r="1.000" g="1.000" b="1.000" />
            <Entity kind="6" x="80.000" y="144.000" radius="12.000" mass="0.750" r="1.000" g="1.000" b="1.000" />
            <Entity kind="10" x="95.000" y="243.000" radius="18.000" mass="1.125" r="1.000" g="1.000" b="1.000" />
            <Entity kind="4" x="36.000" y="527.000" radius="17.500" mass="8.438" r="0.610" g="0.780" b="1.000" />
            <Entity kind="4" x="94.000" y="564.000" radius="17.500" mass="8.438" r="0.610" g="0.780" b="1.000" />
            <Entity kind="4" x="45.000" y="485.000" radius="17.500" mass="8.438" r="0.610" g="0.780" b="1.000" />
            <Entity kind="4" x="145.000" y="484.000" radius="17.500" mass="8.438" r="0.610" g="0.780" b="1.000" />
            <Entity kind="4" x="145.000" y="443.000" radius="17.500" mass="8.438" r="0.610" g="0.780" b="1.000" />
            <Entity kind="4" x="36.000" y="439.000" radius="17.500" mass="8.438" r="0.610" g="0.780" b="1.000" />
            <Entity kind="4" x="40.000" y="394.000" radius="17.500" mass="8.438" r="0.610" g="0.780" b="1.000" />
            <Entity kind="4" x="149.000" y="401.000" radius="17.500" mass="8.438" r="0.610" g="0.780" b="1.000" />
            <Entity kind="4" x="151.000" y="162.000" radius="17.500" mass="8.438" r="0.610" g="0.780" b="1.000" />
            <Entity kind="4" x="148.000" y="525.000" radius="17.500" mass="8.438" r="0.610" g="0.780" b="1.000" />
            <Entity kind="4" x="46.000" y="567.000" radius="17.500" mass="8.438" r="0.610" g="0.780" b="1.000" />
            <Entity kind="4" x="140.000" y="567.000" radius="17.500" mass="8.438" r="0.610" g="0.780" b="1.000" />
            <Entity kind="5" x="109.000" y="284.000" radius="18.000" mass="1.125" r="1.000" g="1.000" b="1.000" />
            <Entity kind="4" x="94.000" y="404.000" radius="26.000" mass="10.938" r="0.610" g="0.640" b="1.000" />
            <Entity kind="4" x="146.000" y="348.000" radius="26.000" mass="10.938" r="0.610" g="0.640" b="1.000" />
            <Entity kind="4" x="39.000" y="349.000" radius="26.000" mass="10.938" r="0.610" g="0.640" b="1.000" />
            <Entity kind="6" x="94.000" y="348.000" radius="19.000" mass="1.188" r="1.000" g="1.000" b="1.000" />
            <Entity kind="4" x="153.000" y="297.000" radius="17.500" mass="8.438" r="0.610" g="0.780" b="1.000" />
            <Entity kind="4" x="150.000" y="255.000" radius="17.500" mass="8.438" r="0.610" g="0.780" b="1.000" />
            <Entity kind="4" x="153.000" y="213.000" radius="17.500" mass="8.438" r="0.610" g="0.780" b="1.000" />
            <Entity kind="4" x="37.000" y="300.000" radius="17.500" mass="8.438" r="0.610" g="0.780" b="1.000" />
            <Entity kind="4" x="37.000" y="255.000" radius="17.500" mass="8.438" r="0.610" g="0.780" b="1.000" />
            <Entity kind="4" x="38.000" y="214.000" radius="17.500" mass="8.438" r="0.610" g="0.780" b="1.000" />
            <Entity kind="4" x="34.000" y="173.000" radius="17.500" mass="8.438" r="0.610" g="0.780" b="1.000" />
            <Entity kind="4" x="39.000" y="135.000" radius="17.500" mass="8.438" r="0.610" g="0.780" b="1.000" />
            <Entity kind="4" x="147.000" y="118.000" radius="17.500" mass="8.438" r="0.610" g="0.780" b="1.000" />
            <Entity kind="4" x="43.000" y="96.000" radius="17.500" mass="8.438" r="0.610" g="0.780" b="1.000" />
        </Entities>
    </Level>
